Archive member included to satisfy reference by file (symbol)

/home/gbaman/projects/jPlayer/pac_player/nflib/lib/libnflib.a(nf_2d.o)
                              main.o (NF_Set2D)
/home/gbaman/projects/jPlayer/pac_player/nflib/lib/libnflib.a(nf_3d.o)
                              main.o (NF_Set3D)
/home/gbaman/projects/jPlayer/pac_player/nflib/lib/libnflib.a(nf_basic.o)
                              /home/gbaman/projects/jPlayer/pac_player/nflib/lib/libnflib.a(nf_2d.o) (NF_Error)
/home/gbaman/projects/jPlayer/pac_player/nflib/lib/libnflib.a(nf_sound.o)
                              main.o (NF_InitRawSoundBuffers)
/home/gbaman/projects/jPlayer/pac_player/nflib/lib/libnflib.a(nf_sprite256.o)
                              main.o (NF_InitSpriteBuffers)
/home/gbaman/projects/jPlayer/pac_player/nflib/lib/libnflib.a(nf_sprite3d.o)
                              main.o (NF_Init3dSpriteSys)
/home/gbaman/projects/jPlayer/pac_player/nflib/lib/libnflib.a(nf_text.o)
                              main.o (NF_InitTextSys)
/home/gbaman/projects/jPlayer/pac_player/nflib/lib/libnflib.a(nf_text16.o)
                              main.o (NF_LoadTextFont16)
/home/gbaman/projects/jPlayer/pac_player/nflib/lib/libnflib.a(nf_tiledbg.o)
                              main.o (NF_InitTiledBgBuffers)
/opt/devkitpro/libnds/lib/libfilesystem.a(nitrofs.o)
                              /home/gbaman/projects/jPlayer/pac_player/nflib/lib/libnflib.a(nf_basic.o) (nitroFSInit)
/opt/devkitpro/libnds/lib/libfat.a(libfat.o)
                              /home/gbaman/projects/jPlayer/pac_player/nflib/lib/libnflib.a(nf_basic.o) (fatInitDefault)
/opt/devkitpro/libnds/lib/libfat.a(disc.o)
                              /opt/devkitpro/libnds/lib/libfat.a(libfat.o) (_FAT_disc_interfaces)
/opt/devkitpro/libnds/lib/libfat.a(fatfile.o)
                              /opt/devkitpro/libnds/lib/libfat.a(libfat.o) (_FAT_open_r)
/opt/devkitpro/libnds/lib/libfat.a(cache.o)
                              /opt/devkitpro/libnds/lib/libfat.a(fatfile.o) (_FAT_cache_readSectors)
/opt/devkitpro/libnds/lib/libfat.a(fatdir.o)
                              /opt/devkitpro/libnds/lib/libfat.a(libfat.o) (_FAT_stat_r)
/opt/devkitpro/libnds/lib/libfat.a(directory.o)
                              /opt/devkitpro/libnds/lib/libfat.a(fatfile.o) (_FAT_directory_entryGetCluster)
/opt/devkitpro/libnds/lib/libfat.a(partition.o)
                              /opt/devkitpro/libnds/lib/libfat.a(libfat.o) (_FAT_partition_destructor)
/opt/devkitpro/libnds/lib/libfat.a(lock.o)
                              /opt/devkitpro/libnds/lib/libfat.a(partition.o) (_FAT_lock_init)
/opt/devkitpro/libnds/lib/libfat.a(filetime.o)
                              /opt/devkitpro/libnds/lib/libfat.a(fatfile.o) (_FAT_filetime_getTimeFromRTC)
/opt/devkitpro/libnds/lib/libfat.a(file_allocation_table.o)
                              /opt/devkitpro/libnds/lib/libfat.a(fatfile.o) (_FAT_fat_nextCluster)
/opt/devkitpro/libnds/lib/libnds9.a(trig.o)
                              /home/gbaman/projects/jPlayer/pac_player/nflib/lib/libnflib.a(nf_sprite3d.o) (sinLerp)
/opt/devkitpro/libnds/lib/libnds9.a(video.o)
                              main.o (setBrightness)
/opt/devkitpro/libnds/lib/libnds9.a(touch.o)
                              main.o (touchRead)
/opt/devkitpro/libnds/lib/libnds9.a(console.o)
                              /home/gbaman/projects/jPlayer/pac_player/nflib/lib/libnflib.a(nf_basic.o) (consoleDemoInit)
/opt/devkitpro/libnds/lib/libnds9.a(videoGL.o)
                              /home/gbaman/projects/jPlayer/pac_player/nflib/lib/libnflib.a(nf_3d.o) (glInit_C)
/opt/devkitpro/libnds/lib/libnds9.a(sound.o)
                              main.o (soundEnable)
/opt/devkitpro/libnds/lib/libnds9.a(sprite.o)
                              /home/gbaman/projects/jPlayer/pac_player/nflib/lib/libnflib.a(nf_sprite256.o) (oamInit)
/opt/devkitpro/libnds/lib/libnds9.a(keys.o)
                              main.o (scanKeys)
/opt/devkitpro/libnds/lib/libnds9.a(dldi.o)
                              /opt/devkitpro/libnds/lib/libfat.a(disc.o) (dldiGetInternal)
/opt/devkitpro/libnds/lib/libnds9.a(initSystem.o)
                              /opt/devkitpro/devkitARM/bin/../lib/gcc/arm-none-eabi/12.1.0/../../../../arm-none-eabi/lib/thumb/ds_arm9_crt0.o (initSystem)
/opt/devkitpro/libnds/lib/libnds9.a(securearea.o)
                              /opt/devkitpro/devkitARM/bin/../lib/gcc/arm-none-eabi/12.1.0/../../../../arm-none-eabi/lib/thumb/ds_arm9_crt0.o (__secure_area__)
/opt/devkitpro/libnds/lib/libnds9.a(timers.o)
                              main.o (timerStart)
/opt/devkitpro/libnds/lib/libnds9.a(interrupts.o)
                              /opt/devkitpro/libnds/lib/libnds9.a(timers.o) (irqSet)
/opt/devkitpro/libnds/lib/libnds9.a(libnds_exit.arm.o)
                              /opt/devkitpro/devkitARM/bin/../lib/gcc/arm-none-eabi/12.1.0/../../../../arm-none-eabi/lib/thumb/ds_arm9_crt0.o (__libnds_exit)
[...]
Memory Configuration

Name             Origin             Length             Attributes
ewram            0x0000000002000000 0x0000000000380000
dtcm             0x0000000002ff0000 0x0000000000004000
vectors          0x0000000001000000 0x0000000000000100
itcm             0x0000000001000100 0x0000000000007f00
*default*        0x0000000000000000 0xffffffffffffffff

Linker script and memory map

                0x0000000002380000                __ewram_end = (ORIGIN (ewram) + LENGTH (ewram))
                0x0000000002380000                __eheap_end = (ORIGIN (ewram) + LENGTH (ewram))
                0x0000000002ff4000                __dtcm_top = (ORIGIN (dtcm) + LENGTH (dtcm))
                0x0000000002ff3ff8                __irq_flags = (__dtcm_top - 0x8)
                0x0000000002ff3ffc                __irq_vector = (__dtcm_top - 0x4)
                0x0000000002ff3f00                __sp_svc = (__dtcm_top - 0x100)
                0x0000000002ff3e00                __sp_irq = (__sp_svc - 0x100)
                0x0000000002ff3d00                __sp_usr = (__sp_irq - 0x100)

.secure         0x0000000002000000      0x800
 *(.secure)
 .secure        0x0000000002000000      0x800 /opt/devkitpro/libnds/lib/libnds9.a(securearea.o)
                0x0000000002000000                __secure_area__

.crt0           0x0000000002000800      0x300
                0x0000000002000800                __text_start = .
 *(.crt0)
 .crt0          0x0000000002000800      0x300 /opt/devkitpro/devkitARM/bin/../lib/gcc/arm-none-eabi/12.1.0/../../../../arm-none-eabi/lib/thumb/ds_arm9_crt0.o
                0x0000000002000800                _start
                0x0000000002000b00                . = ALIGN (0x4)

.plt
 *(.plt)

.init           0x0000000002000b00        0xc
 *(SORT_NONE(.init))
 .init          0x0000000002000b00        0x4 /opt/devkitpro/devkitARM/bin/../lib/gcc/arm-none-eabi/12.1.0/thumb/crti.o
                0x0000000002000b00                _init
 .init          0x0000000002000b04        0x8 /opt/devkitpro/devkitARM/bin/../lib/gcc/arm-none-eabi/12.1.0/thumb/crtn.o

.text           0x0000000002000b40    0x209e8
 *(EXCLUDE_FILE(*.twl* *.vectors* *.itcm*) .text)
 .text          0x0000000002000b40      0x3d8 main.o
                0x0000000002000b40                loadAssets
                0x0000000002000c34                drawSprites
                0x0000000002000c7c                drawCoverArt
                0x0000000002000c9c                copySongsToBank
                0x0000000002000d74                checkStylusPos
                0x0000000002000dc4                checkStylusPosMenu
                0x0000000002000e14                getActualSize
                0x0000000002000e30                fade
 .text          0x0000000002000f18      0x874 /home/gbaman/projects/jPlayer/pac_player/nflib/lib/libnflib.a(nf_2d.o)
                0x0000000002000f18                NF_Set2D
                0x0000000002000f80                NF_ShowBg
                0x0000000002000ffc                NF_HideBg
                0x00000000020010a0                NF_ScrollBg
                0x00000000020013f0                NF_MoveSprite
                0x0000000002001410                NF_SpriteLayer
                0x000000000200142c                NF_ShowSprite
                0x000000000200144c                NF_HflipSprite
                0x0000000002001468                NF_GetSpriteHflip
                0x0000000002001484                NF_VflipSprite
                0x00000000020014a0                NF_GetSpriteVflip
                0x00000000020014bc                NF_SpriteFrame
                0x000000000200158c                NF_EnableSpriteRotScale
                0x0000000002001620                NF_DisableSpriteRotScale
                0x0000000002001694                NF_SpriteRotScale
 *fill*         0x000000000200178c        0x4 ff
 .text          0x0000000002001790      0x2c0 /home/gbaman/projects/jPlayer/pac_player/nflib/lib/libnflib.a(nf_3d.o)
                0x0000000002001790                NF_Set3D
                0x00000000020017ec                NF_InitOpenGL
                0x00000000020019fc                NF_GetTextureSize
 .text          0x0000000002001a50      0x4a0 /home/gbaman/projects/jPlayer/pac_player/nflib/lib/libnflib.a(nf_basic.o)
                0x0000000002001a50                NF_Error
                0x0000000002001cfc                NF_SetRootFolder
                0x0000000002001e54                NF_DmaMemCopy
                0x0000000002001ee0                NF_GetLanguage
 .text          0x0000000002001ef0      0x294 /home/gbaman/projects/jPlayer/pac_player/nflib/lib/libnflib.a(nf_sound.o)
                0x0000000002001ef0                NF_InitRawSoundBuffers
                0x0000000002001f1c                NF_ResetRawSoundBuffers
                0x0000000002001f54                NF_LoadRawSound
                0x0000000002002094                NF_UnloadRawSound
                0x0000000002002104                NF_PlayRawSound
 .text          0x0000000002002184     0x13b4 /home/gbaman/projects/jPlayer/pac_player/nflib/lib/libnflib.a(nf_sprite256.o)
                0x0000000002002184                NF_InitSpriteBuffers
                0x00000000020021d0                NF_ResetSpriteBuffers
                0x0000000002002204                NF_InitSpriteSys
                0x0000000002002414                NF_LoadSpriteGfx
                0x0000000002002524                NF_UnloadSpriteGfx
                0x0000000002002594                NF_LoadSpritePal
                0x0000000002002690                NF_UnloadSpritePal
                0x00000000020026e0                NF_VramSpriteGfx
                0x0000000002002a38                NF_VramSpriteGfxDefrag
                0x0000000002002c3c                NF_FreeSpriteGfx
                0x0000000002002d3c                NF_VramSpritePal
                0x0000000002002e10                NF_CreateSprite
                0x00000000020031b0                NF_DeleteSprite
                0x0000000002003250                NF_SpriteOamSet
                0x0000000002003328                NF_SpriteSetPalColor
                0x00000000020033c0                NF_SpriteEditPalColor
                0x000000000200343c                NF_SpriteUpdatePalette
                0x00000000020034cc                NF_SpriteGetPalColor
 .text          0x0000000002003538     0x11b8 /home/gbaman/projects/jPlayer/pac_player/nflib/lib/libnflib.a(nf_sprite3d.o)
                0x0000000002003538                NF_Init3dSpriteSys
                0x00000000020036a0                NF_Vram3dSpriteGfx
                0x0000000002003960                NF_Vram3dSpriteGfxDefrag
                0x0000000002003b34                NF_Free3dSpriteGfx
                0x0000000002003bf4                NF_Vram3dSpritePal
                0x0000000002003c84                NF_Create3dSprite
                0x0000000002003dd8                NF_Delete3dSprite
                0x0000000002003ed0                NF_Sort3dSprites
                0x0000000002003f4c                NF_Set3dSpritePriority
                0x0000000002004024                NF_Swap3dSpritePriority
                0x0000000002004050                NF_Move3dSprite
                0x0000000002004060                NF_Show3dSprite
                0x0000000002004070                NF_Set3dSpriteFrame
                0x0000000002004120                NF_Draw3dSprites
                0x000000000200437c                NF_Update3dSpritesGfx
                0x0000000002004434                NF_Rotate3dSprite
                0x000000000200447c                NF_Scale3dSprite
                0x00000000020044b8                NF_Blend3dSprite
                0x00000000020044e0                NF_3dSpritesLayer
                0x0000000002004590                NF_3dSpriteEditPalColor
                0x0000000002004600                NF_3dSpriteUpdatePalette
                0x0000000002004658                NF_3dSpriteGetPalColor
                0x00000000020046bc                NF_3dSpriteSetDeep
 .text          0x00000000020046f0      0x844 /home/gbaman/projects/jPlayer/pac_player/nflib/lib/libnflib.a(nf_text.o)
                0x00000000020046f0                NF_InitTextSys
                0x0000000002004724                NF_LoadTextFont
                0x0000000002004978                NF_UnloadTextFont
                0x0000000002004980                NF_CreateTextLayer
                0x0000000002004a14                NF_DeleteTextLayer
                0x0000000002004a6c                NF_WriteText
                0x0000000002004dc4                NF_UpdateTextLayers
                0x0000000002004e0c                NF_ClearTextLayer
                0x0000000002004e74                NF_DefineTextColor
                0x0000000002004f18                NF_SetTextColor
 .text          0x0000000002004f34      0x804 /home/gbaman/projects/jPlayer/pac_player/nflib/lib/libnflib.a(nf_text16.o)
                0x0000000002004f34                NF_LoadTextFont16
                0x00000000020051a4                NF_CreateTextLayer16
                0x00000000020052a0                NF_WriteText16
                0x000000000200569c                NF_ClearTextLayer16
 .text          0x0000000002005738     0x19fc /home/gbaman/projects/jPlayer/pac_player/nflib/lib/libnflib.a(nf_tiledbg.o)
                0x0000000002005738                NF_InitTiledBgBuffers
                0x00000000020057d4                NF_ResetTiledBgBuffers
                0x0000000002005838                NF_InitTiledBgSys
                0x0000000002005968                NF_LoadTiledBg
                0x0000000002005be8                NF_LoadTilesForBg
                0x0000000002005e64                NF_UnloadTiledBg
                0x0000000002005f1c                NF_DeleteTiledBg
                0x00000000020060c4                NF_CreateTiledBg
                0x00000000020066ec                NF_GetTileMapAddress
                0x00000000020067a8                NF_GetTileOfMap
                0x00000000020067e0                NF_SetTileOfMap
                0x0000000002006824                NF_UpdateVramMap
                0x0000000002006944                NF_BgSetPalColor
                0x00000000020069f4                NF_BgEditPalColor
                0x0000000002006a98                NF_BgUpdatePalette
                0x0000000002006b58                NF_BgGetPalColor
                0x0000000002006bf0                NF_GetTilePal
                0x0000000002006c24                NF_SetTilePal
                0x0000000002006c6c                NF_LoadExBgPal
                0x0000000002006d58                NF_UnloadExBgPal
                0x0000000002006da8                NF_VramExBgPal
                0x0000000002006e5c                NF_SetExBgPal
                0x0000000002006f1c                NF_SetTileHflip
                0x0000000002006f58                NF_SetTileVflip
                0x0000000002006f94                NF_RotateTileGfx
 *fill*         0x0000000002007134        0xc ff
 .text          0x0000000002007140     0x4000 /opt/devkitpro/libnds/lib/libnds9.a(dldi_stub.o)
                0x0000000002007140                _io_dldi_stub
 .text          0x000000000200b140      0x11c /opt/devkitpro/devkitARM/bin/../lib/gcc/arm-none-eabi/12.1.0/thumb/libgcc.a(_udivsi3.o)
                0x000000000200b140                __udivsi3
                0x000000000200b140                __aeabi_uidiv
                0x000000000200b23c                __aeabi_uidivmod
 .text          0x000000000200b25c      0x150 /opt/devkitpro/devkitARM/bin/../lib/gcc/arm-none-eabi/12.1.0/thumb/libgcc.a(_divsi3.o)
                0x000000000200b25c                __aeabi_idiv
                0x000000000200b25c                __divsi3
                0x000000000200b38c                __aeabi_idivmod
 .text          0x000000000200b3ac        0x4 /opt/devkitpro/devkitARM/bin/../lib/gcc/arm-none-eabi/12.1.0/thumb/libgcc.a(_dvmd_tls.o)
                0x000000000200b3ac                __aeabi_ldiv0
                0x000000000200b3ac                __aeabi_idiv0
 .text          0x000000000200b3b0       0xd4 /opt/devkitpro/devkitARM/bin/../lib/gcc/arm-none-eabi/12.1.0/thumb/libgcc.a(_aeabi_ldivmod.o)
                0x000000000200b3b0                __aeabi_ldivmod
 .text          0x000000000200b484       0x28 /opt/devkitpro/devkitARM/bin/../lib/gcc/arm-none-eabi/12.1.0/thumb/libgcc.a(_clzdi2.o)
                0x000000000200b484                __clzdi2
 .text          0x000000000200b4ac       0x48 /opt/devkitpro/devkitARM/bin/../lib/gcc/arm-none-eabi/12.1.0/thumb/libgcc.a(_clzsi2.o)
                0x000000000200b4ac                __clzsi2
 .text          0x000000000200b4f4      0x224 /opt/devkitpro/devkitARM/bin/../lib/gcc/arm-none-eabi/12.1.0/../../../../arm-none-eabi/lib/thumb/libg.a(lib_a-strcmp.o)
                0x000000000200b4f4                strcmp
 .text          0x000000000200b718       0x14 /opt/devkitpro/devkitARM/bin/../lib/gcc/arm-none-eabi/12.1.0/thumb/libgcc.a(_thumb1_case_uqi.o)
                0x000000000200b718                __gnu_thumb1_case_uqi
 .text          0x000000000200b72c       0x14 /opt/devkitpro/devkitARM/bin/../lib/gcc/arm-none-eabi/12.1.0/thumb/libgcc.a(_thumb1_case_uhi.o)
                0x000000000200b72c                __gnu_thumb1_case_uhi
 .text          0x000000000200b740      0x424 /opt/devkitpro/devkitARM/bin/../lib/gcc/arm-none-eabi/12.1.0/thumb/libgcc.a(_arm_addsubdf3.o)
                0x000000000200b740                __aeabi_drsub
                0x000000000200b748                __aeabi_dsub
                0x000000000200b748                __subdf3
                0x000000000200b74c                __adddf3
                0x000000000200b74c                __aeabi_dadd
                0x000000000200ba5c                __aeabi_ui2d
                0x000000000200ba5c                __floatunsidf
                0x000000000200ba80                __floatsidf
                0x000000000200ba80                __aeabi_i2d
                0x000000000200baa8                __extendsfdf2
                0x000000000200baa8                __aeabi_f2d
                0x000000000200baf0                __aeabi_ul2d
                0x000000000200baf0                __floatundidf
                0x000000000200bb04                __floatdidf
                0x000000000200bb04                __aeabi_l2d
 .text          0x000000000200bb64      0x49c /opt/devkitpro/devkitARM/bin/../lib/gcc/arm-none-eabi/12.1.0/thumb/libgcc.a(_arm_muldivdf3.o)
                0x000000000200bb64                __aeabi_dmul
                0x000000000200bb64                __muldf3
                0x000000000200bdf4                __aeabi_ddiv
                0x000000000200bdf4                __divdf3
 .text          0x000000000200c000      0x144 /opt/devkitpro/devkitARM/bin/../lib/gcc/arm-none-eabi/12.1.0/thumb/libgcc.a(_arm_cmpdf2.o)
                0x000000000200c000                __gtdf2
                0x000000000200c000                __gedf2
                0x000000000200c008                __ltdf2
                0x000000000200c008                __ledf2
                0x000000000200c010                __cmpdf2
                0x000000000200c010                __eqdf2
                0x000000000200c010                __nedf2
                0x000000000200c098                __aeabi_cdrcmple
                0x000000000200c0b4                __aeabi_cdcmple
                0x000000000200c0b4                __aeabi_cdcmpeq
                0x000000000200c0cc                __aeabi_dcmpeq
                0x000000000200c0e4                __aeabi_dcmplt
                0x000000000200c0fc                __aeabi_dcmple
                0x000000000200c114                __aeabi_dcmpge
                0x000000000200c12c                __aeabi_dcmpgt
 .text          0x000000000200c144       0x38 /opt/devkitpro/devkitARM/bin/../lib/gcc/arm-none-eabi/12.1.0/thumb/libgcc.a(_arm_unorddf2.o)
                0x000000000200c144                __aeabi_dcmpun
                0x000000000200c144                __unorddf2
 .text          0x000000000200c17c       0x5c /opt/devkitpro/devkitARM/bin/../lib/gcc/arm-none-eabi/12.1.0/thumb/libgcc.a(_arm_fixdfsi.o)
                0x000000000200c17c                __fixdfsi
                0x000000000200c17c                __aeabi_d2iz
 .text          0x000000000200c1d8       0x3c /opt/devkitpro/devkitARM/bin/../lib/gcc/arm-none-eabi/12.1.0/thumb/libgcc.a(_aeabi_uldivmod.o)
                0x000000000200c1d8                __aeabi_uldivmod
 *(EXCLUDE_FILE(*.twl* *.vectors* *.itcm*) .stub)
 *(EXCLUDE_FILE(*.twl* *.vectors* *.itcm*) .text.*)
 .text.__do_global_dtors_aux
                0x000000000200c214       0x2c /opt/devkitpro/devkitARM/bin/../lib/gcc/arm-none-eabi/12.1.0/thumb/crtbegin.o
 .text.frame_dummy
                0x000000000200c240       0x24 /opt/devkitpro/devkitARM/bin/../lib/gcc/arm-none-eabi/12.1.0/thumb/crtbegin.o
 .text.startup  0x000000000200c264      0x80c main.o
                0x000000000200c264                main
 .text.nitroFSDirClose
                0x000000000200ca70        0x4 /opt/devkitpro/libnds/lib/libfilesystem.a(nitrofs.o)
 .text.nitroFSSeek
                0x000000000200ca74       0x78 /opt/devkitpro/libnds/lib/libfilesystem.a(nitrofs.o)
 .text.nitroFSFstat
                0x000000000200caec       0x10 /opt/devkitpro/libnds/lib/libfilesystem.a(nitrofs.o)
 .text.nitroSubReadBlock
                0x000000000200cafc       0x54 /opt/devkitpro/libnds/lib/libfilesystem.a(nitrofs.o)
 .text.nitroSubReadCard
                0x000000000200cb50       0xb0 /opt/devkitpro/libnds/lib/libfilesystem.a(nitrofs.o)
 .text.nitroFSClose
                0x000000000200cc00        0x4 /opt/devkitpro/libnds/lib/libfilesystem.a(nitrofs.o)
 .text.nitroDirReset
                0x000000000200cc04       0x9c /opt/devkitpro/libnds/lib/libfilesystem.a(nitrofs.o)
 .text.nitroFSRead
                0x000000000200cca0       0xbc /opt/devkitpro/libnds/lib/libfilesystem.a(nitrofs.o)
 .text.nitroFSDirNext
                0x000000000200cd5c      0x30c /opt/devkitpro/libnds/lib/libfilesystem.a(nitrofs.o)
 .text.nitroFSDirOpen
                0x000000000200d068       0xe0 /opt/devkitpro/libnds/lib/libfilesystem.a(nitrofs.o)
 .text.nitroFSChdir
                0x000000000200d148       0x30 /opt/devkitpro/libnds/lib/libfilesystem.a(nitrofs.o)
 .text.nitroFSOpen
                0x000000000200d178       0xc4 /opt/devkitpro/libnds/lib/libfilesystem.a(nitrofs.o)
 .text.nitroFSstat
                0x000000000200d23c       0x68 /opt/devkitpro/libnds/lib/libfilesystem.a(nitrofs.o)
 .text.nitroFSInit
                0x000000000200d2a4      0x12c /opt/devkitpro/libnds/lib/libfilesystem.a(nitrofs.o)
                0x000000000200d2a4                nitroFSInit
 .text.fatMount.part.0
                0x000000000200d3d0       0xa0 /opt/devkitpro/libnds/lib/libfat.a(libfat.o)
 .text.fatMount
                0x000000000200d470       0x3c /opt/devkitpro/libnds/lib/libfat.a(libfat.o)
                0x000000000200d470                fatMount
 .text.fatInit  0x000000000200d4ac      0x130 /opt/devkitpro/libnds/lib/libfat.a(libfat.o)
                0x000000000200d4ac                fatInit
 .text.fatInitDefault
                0x000000000200d5dc        0xc /opt/devkitpro/libnds/lib/libfat.a(libfat.o)
                0x000000000200d5dc                fatInitDefault
 .text._FAT_check_position_for_next_cluster.part.0
                0x000000000200d5e8       0x68 /opt/devkitpro/libnds/lib/libfat.a(fatfile.o)
 .text._FAT_syncToDisc.part.0
                0x000000000200d650       0xd4 /opt/devkitpro/libnds/lib/libfat.a(fatfile.o)
 .text._FAT_file_extend_r
                0x000000000200d724      0x208 /opt/devkitpro/libnds/lib/libfat.a(fatfile.o)
 .text._FAT_open_r
                0x000000000200d92c      0x2d4 /opt/devkitpro/libnds/lib/libfat.a(fatfile.o)
                0x000000000200d92c                _FAT_open_r
 .text._FAT_close_r
                0x000000000200dc00       0x74 /opt/devkitpro/libnds/lib/libfat.a(fatfile.o)
                0x000000000200dc00                _FAT_close_r
 .text._FAT_read_r
                0x000000000200dc74      0x398 /opt/devkitpro/libnds/lib/libfat.a(fatfile.o)
                0x000000000200dc74                _FAT_read_r
 .text._FAT_write_r
                0x000000000200e00c      0x53c /opt/devkitpro/libnds/lib/libfat.a(fatfile.o)
                0x000000000200e00c                _FAT_write_r
 .text._FAT_seek_r
                0x000000000200e548      0x194 /opt/devkitpro/libnds/lib/libfat.a(fatfile.o)
                0x000000000200e548                _FAT_seek_r
 .text._FAT_fstat_r
                0x000000000200e6dc       0x8c /opt/devkitpro/libnds/lib/libfat.a(fatfile.o)
                0x000000000200e6dc                _FAT_fstat_r
 .text._FAT_ftruncate_r
                0x000000000200e768      0x16c /opt/devkitpro/libnds/lib/libfat.a(fatfile.o)
                0x000000000200e768                _FAT_ftruncate_r
 .text._FAT_fsync_r
                0x000000000200e8d4       0x44 /opt/devkitpro/libnds/lib/libfat.a(fatfile.o)
                0x000000000200e8d4                _FAT_fsync_r
 .text._FAT_cache_getPage
                0x000000000200e918       0xf0 /opt/devkitpro/libnds/lib/libfat.a(cache.o)
 .text._FAT_cache_constructor
                0x000000000200ea08       0x90 /opt/devkitpro/libnds/lib/libfat.a(cache.o)
                0x000000000200ea08                _FAT_cache_constructor
 .text._FAT_cache_readSectors
                0x000000000200ea98       0x60 /opt/devkitpro/libnds/lib/libfat.a(cache.o)
                0x000000000200ea98                _FAT_cache_readSectors
 .text._FAT_cache_readPartialSector
                0x000000000200eaf8       0x3c /opt/devkitpro/libnds/lib/libfat.a(cache.o)
                0x000000000200eaf8                _FAT_cache_readPartialSector
 .text._FAT_cache_readLittleEndianValue
                0x000000000200eb34       0x70 /opt/devkitpro/libnds/lib/libfat.a(cache.o)
                0x000000000200eb34                _FAT_cache_readLittleEndianValue
 .text._FAT_cache_writePartialSector
                0x000000000200eba4       0x4c /opt/devkitpro/libnds/lib/libfat.a(cache.o)
                0x000000000200eba4                _FAT_cache_writePartialSector
 .text._FAT_cache_writeLittleEndianValue
                0x000000000200ebf0       0x8c /opt/devkitpro/libnds/lib/libfat.a(cache.o)
                0x000000000200ebf0                _FAT_cache_writeLittleEndianValue
 .text._FAT_cache_eraseWritePartialSector
                0x000000000200ec7c       0x60 /opt/devkitpro/libnds/lib/libfat.a(cache.o)
                0x000000000200ec7c                _FAT_cache_eraseWritePartialSector
 .text._FAT_cache_writeSectors
                0x000000000200ecdc       0x80 /opt/devkitpro/libnds/lib/libfat.a(cache.o)
                0x000000000200ecdc                _FAT_cache_writeSectors
 .text._FAT_cache_flush
                0x000000000200ed5c       0x40 /opt/devkitpro/libnds/lib/libfat.a(cache.o)
                0x000000000200ed5c                _FAT_cache_flush
 .text._FAT_stat_r
                0x000000000200ed9c       0x90 /opt/devkitpro/libnds/lib/libfat.a(fatdir.o)
                0x000000000200ed9c                _FAT_stat_r
 .text._FAT_link_r
                0x000000000200ee2c        0xc /opt/devkitpro/libnds/lib/libfat.a(fatdir.o)
                0x000000000200ee2c                _FAT_link_r
 .text._FAT_unlink_r
                0x000000000200ee38      0x184 /opt/devkitpro/libnds/lib/libfat.a(fatdir.o)
                0x000000000200ee38                _FAT_unlink_r
 .text._FAT_chdir_r
                0x000000000200efbc       0x70 /opt/devkitpro/libnds/lib/libfat.a(fatdir.o)
                0x000000000200efbc                _FAT_chdir_r
 .text._FAT_rename_r
                0x000000000200f02c      0x1c4 /opt/devkitpro/libnds/lib/libfat.a(fatdir.o)
                0x000000000200f02c                _FAT_rename_r
 .text._FAT_mkdir_r
                0x000000000200f1f0      0x244 /opt/devkitpro/libnds/lib/libfat.a(fatdir.o)
                0x000000000200f1f0                _FAT_mkdir_r
 .text._FAT_statvfs_r
                0x000000000200f434       0x78 /opt/devkitpro/libnds/lib/libfat.a(fatdir.o)
                0x000000000200f434                _FAT_statvfs_r
 .text._FAT_diropen_r
                0x000000000200f4ac       0xb0 /opt/devkitpro/libnds/lib/libfat.a(fatdir.o)
                0x000000000200f4ac                _FAT_diropen_r
 .text._FAT_dirreset_r
                0x000000000200f55c       0x4c /opt/devkitpro/libnds/lib/libfat.a(fatdir.o)
                0x000000000200f55c                _FAT_dirreset_r
 .text._FAT_dirnext_r
                0x000000000200f5a8       0x7c /opt/devkitpro/libnds/lib/libfat.a(fatdir.o)
                0x000000000200f5a8                _FAT_dirnext_r
 .text._FAT_dirclose_r
                0x000000000200f624       0x20 /opt/devkitpro/libnds/lib/libfat.a(fatdir.o)
                0x000000000200f624                _FAT_dirclose_r
 .text._FAT_directory_entryGetAlias
                0x000000000200f644       0xc8 /opt/devkitpro/libnds/lib/libfat.a(directory.o)
 .text._FAT_directory_incrementDirEntryPosition
                0x000000000200f70c       0x80 /opt/devkitpro/libnds/lib/libfat.a(directory.o)
 .text._FAT_directory_mbsncasecmp
                0x000000000200f78c       0xa8 /opt/devkitpro/libnds/lib/libfat.a(directory.o)
 .text._FAT_directory_ucs2tombs.constprop.0
                0x000000000200f834       0x90 /opt/devkitpro/libnds/lib/libfat.a(directory.o)
 .text._FAT_directory_entryGetCluster
                0x000000000200f8c4       0x20 /opt/devkitpro/libnds/lib/libfat.a(directory.o)
                0x000000000200f8c4                _FAT_directory_entryGetCluster
 .text._FAT_directory_getNextEntry
                0x000000000200f8e4      0x23c /opt/devkitpro/libnds/lib/libfat.a(directory.o)
                0x000000000200f8e4                _FAT_directory_getNextEntry
 .text._FAT_directory_entryExists
                0x000000000200fb20       0x80 /opt/devkitpro/libnds/lib/libfat.a(directory.o)
 .text._FAT_directory_getFirstEntry
                0x000000000200fba0       0x20 /opt/devkitpro/libnds/lib/libfat.a(directory.o)
                0x000000000200fba0                _FAT_directory_getFirstEntry
 .text._FAT_directory_getRootEntry
                0x000000000200fbc0       0x60 /opt/devkitpro/libnds/lib/libfat.a(directory.o)
                0x000000000200fbc0                _FAT_directory_getRootEntry
 .text._FAT_directory_entryFromPosition
                0x000000000200fc20      0x150 /opt/devkitpro/libnds/lib/libfat.a(directory.o)
                0x000000000200fc20                _FAT_directory_entryFromPosition
 .text._FAT_directory_entryFromPath
                0x000000000200fd70      0x248 /opt/devkitpro/libnds/lib/libfat.a(directory.o)
                0x000000000200fd70                _FAT_directory_entryFromPath
 .text._FAT_directory_removeEntry
                0x000000000200ffb8       0xd8 /opt/devkitpro/libnds/lib/libfat.a(directory.o)
                0x000000000200ffb8                _FAT_directory_removeEntry
 .text._FAT_directory_addEntry
                0x0000000002010090      0x808 /opt/devkitpro/libnds/lib/libfat.a(directory.o)
                0x0000000002010090                _FAT_directory_addEntry
 .text._FAT_directory_chdir
                0x0000000002010898       0x3c /opt/devkitpro/libnds/lib/libfat.a(directory.o)
                0x0000000002010898                _FAT_directory_chdir
 .text._FAT_directory_entryStat
                0x00000000020108d4       0xe4 /opt/devkitpro/libnds/lib/libfat.a(directory.o)
                0x00000000020108d4                _FAT_directory_entryStat
 .text.isValidMBR
                0x00000000020109b8       0x5c /opt/devkitpro/libnds/lib/libfat.a(partition.o)
 .text._FAT_updateFS_INFO
                0x0000000002010a14       0x54 /opt/devkitpro/libnds/lib/libfat.a(partition.o)
 .text.FindFirstValidPartition_buf.part.0
                0x0000000002010a68      0x11c /opt/devkitpro/libnds/lib/libfat.a(partition.o)
 .text._FAT_partition_getPartitionFromPath
                0x0000000002010b84       0x10 /opt/devkitpro/libnds/lib/libfat.a(partition.o)
                0x0000000002010b84                _FAT_partition_getPartitionFromPath
 .text._FAT_partition_createFSinfo
                0x0000000002010b94       0x50 /opt/devkitpro/libnds/lib/libfat.a(partition.o)
                0x0000000002010b94                _FAT_partition_createFSinfo
 .text._FAT_partition_readFSinfo.part.0
                0x0000000002010be4       0x74 /opt/devkitpro/libnds/lib/libfat.a(partition.o)
 .text._FAT_partition_constructor_buf
                0x0000000002010c58      0x2e8 /opt/devkitpro/libnds/lib/libfat.a(partition.o)
                0x0000000002010c58                _FAT_partition_constructor_buf
 .text._FAT_partition_constructor
                0x0000000002010f40       0x40 /opt/devkitpro/libnds/lib/libfat.a(partition.o)
                0x0000000002010f40                _FAT_partition_constructor
 .text._FAT_partition_readFSinfo
                0x0000000002010f80       0x10 /opt/devkitpro/libnds/lib/libfat.a(partition.o)
                0x0000000002010f80                _FAT_partition_readFSinfo
 .text._FAT_lock_init
                0x0000000002010f90        0x4 /opt/devkitpro/libnds/lib/libfat.a(lock.o)
                0x0000000002010f90                _FAT_lock_init
 .text._FAT_lock
                0x0000000002010f94        0x4 /opt/devkitpro/libnds/lib/libfat.a(lock.o)
                0x0000000002010f94                _FAT_lock
 .text._FAT_unlock
                0x0000000002010f98        0x4 /opt/devkitpro/libnds/lib/libfat.a(lock.o)
                0x0000000002010f98                _FAT_unlock
 .text._FAT_filetime_getTimeFromRTC
                0x0000000002010f9c       0x44 /opt/devkitpro/libnds/lib/libfat.a(filetime.o)
                0x0000000002010f9c                _FAT_filetime_getTimeFromRTC
 .text._FAT_filetime_getDateFromRTC
                0x0000000002010fe0       0x44 /opt/devkitpro/libnds/lib/libfat.a(filetime.o)
                0x0000000002010fe0                _FAT_filetime_getDateFromRTC
 .text._FAT_filetime_to_time_t
                0x0000000002011024       0x38 /opt/devkitpro/libnds/lib/libfat.a(filetime.o)
                0x0000000002011024                _FAT_filetime_to_time_t
 .text._FAT_fat_writeFatEntry.part.0.isra.0
                0x000000000201105c      0x12c /opt/devkitpro/libnds/lib/libfat.a(file_allocation_table.o)
 .text._FAT_fat_nextCluster
                0x0000000002011188      0x108 /opt/devkitpro/libnds/lib/libfat.a(file_allocation_table.o)
                0x0000000002011188                _FAT_fat_nextCluster
 .text._FAT_fat_linkFreeCluster
                0x0000000002011290       0xac /opt/devkitpro/libnds/lib/libfat.a(file_allocation_table.o)
                0x0000000002011290                _FAT_fat_linkFreeCluster
 .text._FAT_fat_linkFreeClusterCleared
                0x000000000201133c       0x68 /opt/devkitpro/libnds/lib/libfat.a(file_allocation_table.o)
                0x000000000201133c                _FAT_fat_linkFreeClusterCleared
 .text._FAT_fat_clearLinks
                0x00000000020113a4       0x7c /opt/devkitpro/libnds/lib/libfat.a(file_allocation_table.o)
                0x00000000020113a4                _FAT_fat_clearLinks
 .text._FAT_fat_trimChain
                0x0000000002011420       0x80 /opt/devkitpro/libnds/lib/libfat.a(file_allocation_table.o)
                0x0000000002011420                _FAT_fat_trimChain
 .text._FAT_fat_lastCluster
                0x00000000020114a0       0x34 /opt/devkitpro/libnds/lib/libfat.a(file_allocation_table.o)
                0x00000000020114a0                _FAT_fat_lastCluster
 .text._FAT_fat_freeClusterCount
                0x00000000020114d4       0x2c /opt/devkitpro/libnds/lib/libfat.a(file_allocation_table.o)
                0x00000000020114d4                _FAT_fat_freeClusterCount
 .text.sinLutLookup
                0x0000000002011500       0x4c /opt/devkitpro/libnds/lib/libnds9.a(trig.o)
                0x0000000002011500                sinLutLookup
 .text.sinLerp  0x000000000201154c       0x40 /opt/devkitpro/libnds/lib/libnds9.a(trig.o)
                0x000000000201154c                sinLerp
 .text.cosLerp  0x000000000201158c       0x4c /opt/devkitpro/libnds/lib/libnds9.a(trig.o)
                0x000000000201158c                cosLerp
 .text.setBrightness
                0x00000000020115d8       0x40 /opt/devkitpro/libnds/lib/libnds9.a(video.o)
                0x00000000020115d8                setBrightness
 .text.vramDefault
                0x0000000002011618       0xd0 /opt/devkitpro/libnds/lib/libnds9.a(video.o)
                0x0000000002011618                vramDefault
 .text.touchRead
                0x00000000020116e8       0x24 /opt/devkitpro/libnds/lib/libnds9.a(touch.o)
                0x00000000020116e8                touchRead
 .text.newRow   0x000000000201170c       0xa8 /opt/devkitpro/libnds/lib/libnds9.a(console.o)
 .text.consolePrintChar
                0x00000000020117b4       0xe0 /opt/devkitpro/libnds/lib/libnds9.a(console.o)
                0x00000000020117b4                consolePrintChar
 .text.con_write
                0x0000000002011894      0x36c /opt/devkitpro/libnds/lib/libnds9.a(console.o)
                0x0000000002011894                con_write
 .text.consoleLoadFont
                0x0000000002011c00      0x2a0 /opt/devkitpro/libnds/lib/libnds9.a(console.o)
                0x0000000002011c00                consoleLoadFont
 .text.consoleInit
                0x0000000002011ea0      0x18c /opt/devkitpro/libnds/lib/libnds9.a(console.o)
                0x0000000002011ea0                consoleInit
 .text.consoleDemoInit
                0x000000000201202c       0x40 /opt/devkitpro/libnds/lib/libnds9.a(console.o)
                0x000000000201202c                consoleDemoInit
 .text.consoleClear
                0x000000000201206c       0x10 /opt/devkitpro/libnds/lib/libnds9.a(console.o)
                0x000000000201206c                consoleClear
 .text.vramBlock_init
                0x000000000201207c       0x5c /opt/devkitpro/libnds/lib/libnds9.a(videoGL.o)
                0x000000000201207c                vramBlock_init
 .text.glInit_C
                0x00000000020120d8      0x1cc /opt/devkitpro/libnds/lib/libnds9.a(videoGL.o)
                0x00000000020120d8                glInit_C
 .text.soundEnable
                0x00000000020122a4       0x10 /opt/devkitpro/libnds/lib/libnds9.a(sound.o)
                0x00000000020122a4                soundEnable
 .text.soundPlaySample
                0x00000000020122b4       0x68 /opt/devkitpro/libnds/lib/libnds9.a(sound.o)
                0x00000000020122b4                soundPlaySample
 .text.soundKill
                0x000000000201231c       0x14 /opt/devkitpro/libnds/lib/libnds9.a(sound.o)
                0x000000000201231c                soundKill
 .text.oamInit  0x0000000002012330      0x114 /opt/devkitpro/libnds/lib/libnds9.a(sprite.o)
                0x0000000002012330                oamInit
 .text.oamGfxPtrToOffset
                0x0000000002012444       0x34 /opt/devkitpro/libnds/lib/libnds9.a(sprite.o)
                0x0000000002012444                oamGfxPtrToOffset
 .text.oamSet   0x0000000002012478      0x104 /opt/devkitpro/libnds/lib/libnds9.a(sprite.o)
                0x0000000002012478                oamSet
 .text.oamRotateScale
                0x000000000201257c       0x4c /opt/devkitpro/libnds/lib/libnds9.a(sprite.o)
                0x000000000201257c                oamRotateScale
 .text.scanKeys
                0x00000000020125c8       0x8c /opt/devkitpro/libnds/lib/libnds9.a(keys.o)
                0x00000000020125c8                scanKeys
 .text.keysDown
                0x0000000002012654       0x14 /opt/devkitpro/libnds/lib/libnds9.a(keys.o)
                0x0000000002012654                keysDown
 .text.dldiGetInternal
                0x0000000002012668       0x34 /opt/devkitpro/libnds/lib/libnds9.a(dldi.o)
                0x0000000002012668                dldiGetInternal
 .text.get_io_dsisd
                0x000000000201269c       0x24 /opt/devkitpro/libnds/lib/libnds9.a(dldi.o)
                0x000000000201269c                get_io_dsisd
 .text.__syscall_gettod_r
                0x00000000020126c0       0x28 /opt/devkitpro/libnds/lib/libnds9.a(initSystem.o)
                0x00000000020126c0                __syscall_gettod_r
 .text.__syscall_exit
                0x00000000020126e8        0x8 /opt/devkitpro/libnds/lib/libnds9.a(initSystem.o)
                0x00000000020126e8                __syscall_exit
 .text.initSystem
                0x00000000020126f0      0x180 /opt/devkitpro/libnds/lib/libnds9.a(initSystem.o)
                0x00000000020126f0                initSystem
 .text.timerStart
                0x0000000002012870       0x40 /opt/devkitpro/libnds/lib/libnds9.a(timers.o)
                0x0000000002012870                timerStart
 .text.timerElapsed
                0x00000000020128b0       0x30 /opt/devkitpro/libnds/lib/libnds9.a(timers.o)
                0x00000000020128b0                timerElapsed
 .text.timerStop
                0x00000000020128e0       0x3c /opt/devkitpro/libnds/lib/libnds9.a(timers.o)
                0x00000000020128e0                timerStop
 .text.irqDummy
                0x000000000201291c        0x4 /opt/devkitpro/libnds/lib/libnds9.a(interrupts.o)
                0x000000000201291c                irqDummy
 .text.irqSet   0x0000000002012920       0x6c /opt/devkitpro/libnds/lib/libnds9.a(interrupts.o)
                0x0000000002012920                irqSet
 .text.irqInit  0x000000000201298c       0x50 /opt/devkitpro/libnds/lib/libnds9.a(interrupts.o)
                0x000000000201298c                irqInit
 .text.irqEnable
                0x00000000020129dc       0x64 /opt/devkitpro/libnds/lib/libnds9.a(interrupts.o)
                0x00000000020129dc                irqEnable
 .text.systemErrorExit
                0x0000000002012a40        0x4 /opt/devkitpro/libnds/lib/libnds9.a(libnds_exit.arm.o)
                0x0000000002012a40                systemErrorExit
 .text.__libnds_exit
                0x0000000002012a44       0x5c /opt/devkitpro/libnds/lib/libnds9.a(libnds_exit.arm.o)
                0x0000000002012a44                __libnds_exit
 .text.cardPolledTransfer
                0x0000000002012aa0       0x54 /opt/devkitpro/libnds/lib/libnds9.a(card.o)
                0x0000000002012aa0                cardPolledTransfer
 .text.cardParamCommand
                0x0000000002012af4       0x34 /opt/devkitpro/libnds/lib/libnds9.a(card.o)
                0x0000000002012af4                cardParamCommand
 .text.fifo_queueBlock
                0x0000000002012b28       0x44 /opt/devkitpro/libnds/lib/libnds9.a(fifosystem.o)
 .text.fifo_waitBlock
                0x0000000002012b6c       0x80 /opt/devkitpro/libnds/lib/libnds9.a(fifosystem.o)
 .text.fifoInternalSend.part.0
                0x0000000002012bec       0xd4 /opt/devkitpro/libnds/lib/libnds9.a(fifosystem.o)
 .text.fifoInternalSendInterrupt
                0x0000000002012cc0       0xb0 /opt/devkitpro/libnds/lib/libnds9.a(fifosystem.o)
 .text.fifoSetValue32Handler
                0x0000000002012d70       0xd4 /opt/devkitpro/libnds/lib/libnds9.a(fifosystem.o)
                0x0000000002012d70                fifoSetValue32Handler
 .text.fifoSendValue32
                0x0000000002012e44       0x4c /opt/devkitpro/libnds/lib/libnds9.a(fifosystem.o)
                0x0000000002012e44                fifoSendValue32
 .text.fifoSendDatamsg
                0x0000000002012e90       0x90 /opt/devkitpro/libnds/lib/libnds9.a(fifosystem.o)
                0x0000000002012e90                fifoSendDatamsg
 .text.fifoGetValue32
                0x0000000002012f20       0x70 /opt/devkitpro/libnds/lib/libnds9.a(fifosystem.o)
                0x0000000002012f20                fifoGetValue32
 .text.fifoGetDatamsg
                0x0000000002012f90       0xf4 /opt/devkitpro/libnds/lib/libnds9.a(fifosystem.o)
                0x0000000002012f90                fifoGetDatamsg
 .text.fifoInternalRecvInterrupt
                0x0000000002013084      0x37c /opt/devkitpro/libnds/lib/libnds9.a(fifosystem.o)
 .text.fifoSetDatamsgHandler
                0x0000000002013400       0x9c /opt/devkitpro/libnds/lib/libnds9.a(fifosystem.o)
                0x0000000002013400                fifoSetDatamsgHandler
 .text.fifoCheckValue32
                0x000000000201349c       0x24 /opt/devkitpro/libnds/lib/libnds9.a(fifosystem.o)
                0x000000000201349c                fifoCheckValue32
 .text.fifoInit
                0x00000000020134c0      0x108 /opt/devkitpro/libnds/lib/libnds9.a(fifosystem.o)
                0x00000000020134c0                fifoInit
 .text.DC_FlushRange
                0x00000000020135c8       0x24 /opt/devkitpro/libnds/lib/libnds9.a(dcache.o)
                0x00000000020135c8                DC_FlushRange
 .text.DC_InvalidateRange
                0x00000000020135ec       0x2c /opt/devkitpro/libnds/lib/libnds9.a(dcache.o)
                0x00000000020135ec                DC_InvalidateRange
 .text.__libnds_mpu_setup
                0x0000000002013618      0x174 /opt/devkitpro/libnds/lib/libnds9.a(mpu_setup.o)
                0x0000000002013618                __libnds_mpu_setup
 .text.memUncached
                0x000000000201378c       0x20 /opt/devkitpro/libnds/lib/libnds9.a(mpu_setup.o)
                0x000000000201378c                memUncached
 .text.swiWaitForVBlank
                0x00000000020137ac        0x8 /opt/devkitpro/libnds/lib/libnds9.a(IntrWait.o)
                0x00000000020137ac                swiWaitForVBlank
 .text.swiIntrWait
                0x00000000020137b4       0x70 /opt/devkitpro/libnds/lib/libnds9.a(IntrWait.o)
                0x00000000020137b4                swiIntrWait
 .text.setCpuClock
                0x0000000002013824       0x50 /opt/devkitpro/libnds/lib/libnds9.a(cpu_clock.o)
                0x0000000002013824                setCpuClock
 .text.swiDelay
                0x0000000002013874        0x4 /opt/devkitpro/libnds/lib/libnds9.a(biosCalls.o)
                0x0000000002013874                swiDelay
 .text.swiSoftReset
                0x0000000002013878       0x2c /opt/devkitpro/libnds/lib/libnds9.a(swiSoftReset.o)
                0x0000000002013878                swiSoftReset
 .text.checkIfText
                0x00000000020138a4       0x5c /opt/devkitpro/libnds/lib/libnds9.a(background.o)
                0x00000000020138a4                checkIfText
 .text.bgUpdate
                0x0000000002013900       0xf4 /opt/devkitpro/libnds/lib/libnds9.a(background.o)
                0x0000000002013900                bgUpdate
 .text.bgInit_call
                0x00000000020139f4       0xc4 /opt/devkitpro/libnds/lib/libnds9.a(background.o)
                0x00000000020139f4                bgInit_call
 .text.bgInitSub_call
                0x0000000002013ab8       0xcc /opt/devkitpro/libnds/lib/libnds9.a(background.o)
                0x0000000002013ab8                bgInitSub_call
 .text.DynamicArrayInit
                0x0000000002013b84       0x18 /opt/devkitpro/libnds/lib/libnds9.a(dynamicArray.o)
                0x0000000002013b84                DynamicArrayInit
 .text.DynamicArraySet
                0x0000000002013b9c       0x48 /opt/devkitpro/libnds/lib/libnds9.a(dynamicArray.o)
                0x0000000002013b9c                DynamicArraySet
 .text.oamAllocReset
                0x0000000002013be4       0x1c /opt/devkitpro/libnds/lib/libnds9.a(sprite_alloc.o)
                0x0000000002013be4                oamAllocReset
 .text.systemValueHandler
                0x0000000002013c00       0x48 /opt/devkitpro/libnds/lib/libnds9.a(system.o)
                0x0000000002013c00                systemValueHandler
 .text.systemMsgHandler
                0x0000000002013c48       0x60 /opt/devkitpro/libnds/lib/libnds9.a(system.o)
                0x0000000002013c48                systemMsgHandler
 .text.powerOn  0x0000000002013ca8       0x2c /opt/devkitpro/libnds/lib/libnds9.a(system.o)
                0x0000000002013ca8                powerOn
 .text.__muldi3
                0x0000000002013cd4       0x64 /opt/devkitpro/devkitARM/bin/../lib/gcc/arm-none-eabi/12.1.0/thumb/libgcc.a(_muldi3.o)
                0x0000000002013cd4                __aeabi_lmul
                0x0000000002013cd4                __muldi3
 .text.__udivmoddi4
                0x0000000002013d38      0x19c /opt/devkitpro/devkitARM/bin/../lib/gcc/arm-none-eabi/12.1.0/thumb/libgcc.a(_udivmoddi4.o)
                0x0000000002013d38                __udivmoddi4
 .text.calloc   0x0000000002013ed4       0x18 /opt/devkitpro/devkitARM/bin/../lib/gcc/arm-none-eabi/12.1.0/../../../../arm-none-eabi/lib/thumb/libg.a(lib_a-calloc.o)
                0x0000000002013ed4                calloc
 .text._calloc_r
                0x0000000002013eec       0xb8 /opt/devkitpro/devkitARM/bin/../lib/gcc/arm-none-eabi/12.1.0/../../../../arm-none-eabi/lib/thumb/libg.a(lib_a-callocr.o)
                0x0000000002013eec                _calloc_r
 .text.__errno  0x0000000002013fa4        0xc /opt/devkitpro/devkitARM/bin/../lib/gcc/arm-none-eabi/12.1.0/../../../../arm-none-eabi/lib/thumb/libg.a(lib_a-errno.o)
                0x0000000002013fa4                __errno
 .text._fclose_r
                0x0000000002013fb0       0xe4 /opt/devkitpro/devkitARM/bin/../lib/gcc/arm-none-eabi/12.1.0/../../../../arm-none-eabi/lib/thumb/libg.a(lib_a-fclose.o)
                0x0000000002013fb0                _fclose_r
 .text.fclose   0x0000000002014094       0x14 /opt/devkitpro/devkitARM/bin/../lib/gcc/arm-none-eabi/12.1.0/../../../../arm-none-eabi/lib/thumb/libg.a(lib_a-fclose.o)
                0x0000000002014094                fclose
 .text.__sflush_r
                0x00000000020140a8      0x18c /opt/devkitpro/devkitARM/bin/../lib/gcc/arm-none-eabi/12.1.0/../../../../arm-none-eabi/lib/thumb/libg.a(lib_a-fflush.o)
                0x00000000020140a8                __sflush_r
 .text._fflush_r
                0x0000000002014234       0x70 /opt/devkitpro/devkitARM/bin/../lib/gcc/arm-none-eabi/12.1.0/../../../../arm-none-eabi/lib/thumb/libg.a(lib_a-fflush.o)
                0x0000000002014234                _fflush_r
 .text.fflush   0x00000000020142a4       0x2c /opt/devkitpro/devkitARM/bin/../lib/gcc/arm-none-eabi/12.1.0/../../../../arm-none-eabi/lib/thumb/libg.a(lib_a-fflush.o)
                0x00000000020142a4                fflush
 .text._cleanup_r
                0x00000000020142d0       0x14 /opt/devkitpro/devkitARM/bin/../lib/gcc/arm-none-eabi/12.1.0/../../../../arm-none-eabi/lib/thumb/libg.a(lib_a-findfp.o)
                0x00000000020142d0                _cleanup_r
 .text.__sinit  0x00000000020142e4      0x124 /opt/devkitpro/devkitARM/bin/../lib/gcc/arm-none-eabi/12.1.0/../../../../arm-none-eabi/lib/thumb/libg.a(lib_a-findfp.o)
                0x00000000020142e4                __sinit
 .text.__sfp    0x0000000002014408       0xd4 /opt/devkitpro/devkitARM/bin/../lib/gcc/arm-none-eabi/12.1.0/../../../../arm-none-eabi/lib/thumb/libg.a(lib_a-findfp.o)
                0x0000000002014408                __sfp
 .text.__sfp_lock_acquire
                0x00000000020144dc       0x14 /opt/devkitpro/devkitARM/bin/../lib/gcc/arm-none-eabi/12.1.0/../../../../arm-none-eabi/lib/thumb/libg.a(lib_a-findfp.o)
                0x00000000020144dc                __sfp_lock_acquire
 .text.__sfp_lock_release
                0x00000000020144f0       0x14 /opt/devkitpro/devkitARM/bin/../lib/gcc/arm-none-eabi/12.1.0/../../../../arm-none-eabi/lib/thumb/libg.a(lib_a-findfp.o)
                0x00000000020144f0                __sfp_lock_release
 .text._fopen_r
                0x0000000002014504       0xbc /opt/devkitpro/devkitARM/bin/../lib/gcc/arm-none-eabi/12.1.0/../../../../arm-none-eabi/lib/thumb/libg.a(lib_a-fopen.o)
                0x0000000002014504                _fopen_r
 .text.fopen    0x00000000020145c0       0x18 /opt/devkitpro/devkitARM/bin/../lib/gcc/arm-none-eabi/12.1.0/../../../../arm-none-eabi/lib/thumb/libg.a(lib_a-fopen.o)
                0x00000000020145c0                fopen
 .text._fread_r
                0x00000000020145d8      0x1e4 /opt/devkitpro/devkitARM/bin/../lib/gcc/arm-none-eabi/12.1.0/../../../../arm-none-eabi/lib/thumb/libg.a(lib_a-fread.o)
                0x00000000020145d8                _fread_r
 .text.fread    0x00000000020147bc       0x24 /opt/devkitpro/devkitARM/bin/../lib/gcc/arm-none-eabi/12.1.0/../../../../arm-none-eabi/lib/thumb/libg.a(lib_a-fread.o)
                0x00000000020147bc                fread
 .text._malloc_trim_r
                0x00000000020147e0       0xac /opt/devkitpro/devkitARM/bin/../lib/gcc/arm-none-eabi/12.1.0/../../../../arm-none-eabi/lib/thumb/libg.a(lib_a-freer.o)
                0x00000000020147e0                _malloc_trim_r
 .text._free_r  0x000000000201488c      0x1d8 /opt/devkitpro/devkitARM/bin/../lib/gcc/arm-none-eabi/12.1.0/../../../../arm-none-eabi/lib/thumb/libg.a(lib_a-freer.o)
                0x000000000201488c                _free_r
 .text._fseek_r
                0x0000000002014a64       0x18 /opt/devkitpro/devkitARM/bin/../lib/gcc/arm-none-eabi/12.1.0/../../../../arm-none-eabi/lib/thumb/libg.a(lib_a-fseek.o)
                0x0000000002014a64                _fseek_r
 .text.fseek    0x0000000002014a7c       0x24 /opt/devkitpro/devkitARM/bin/../lib/gcc/arm-none-eabi/12.1.0/../../../../arm-none-eabi/lib/thumb/libg.a(lib_a-fseek.o)
                0x0000000002014a7c                fseek
 .text._fseeko_r
                0x0000000002014aa0      0x410 /opt/devkitpro/devkitARM/bin/../lib/gcc/arm-none-eabi/12.1.0/../../../../arm-none-eabi/lib/thumb/libg.a(lib_a-fseeko.o)
                0x0000000002014aa0                _fseeko_r
 .text.ftell    0x0000000002014eb0       0x24 /opt/devkitpro/devkitARM/bin/../lib/gcc/arm-none-eabi/12.1.0/../../../../arm-none-eabi/lib/thumb/libg.a(lib_a-ftell.o)
                0x0000000002014eb0                ftell
 .text._ftello_r
                0x0000000002014ed4      0x11c /opt/devkitpro/devkitARM/bin/../lib/gcc/arm-none-eabi/12.1.0/../../../../arm-none-eabi/lib/thumb/libg.a(lib_a-ftello.o)
                0x0000000002014ed4                _ftello_r
 .text._fwalk   0x0000000002014ff0       0x48 /opt/devkitpro/devkitARM/bin/../lib/gcc/arm-none-eabi/12.1.0/../../../../arm-none-eabi/lib/thumb/libg.a(lib_a-fwalk.o)
                0x0000000002014ff0                _fwalk
 .text._fwalk_reent
                0x0000000002015038       0x50 /opt/devkitpro/devkitARM/bin/../lib/gcc/arm-none-eabi/12.1.0/../../../../arm-none-eabi/lib/thumb/libg.a(lib_a-fwalk.o)
                0x0000000002015038                _fwalk_reent
 .text.__libc_init_array
                0x0000000002015088       0x54 /opt/devkitpro/devkitARM/bin/../lib/gcc/arm-none-eabi/12.1.0/../../../../arm-none-eabi/lib/thumb/libg.a(lib_a-init.o)
                0x0000000002015088                __libc_init_array
 .text.iprintf  0x00000000020150dc       0x24 /opt/devkitpro/devkitARM/bin/../lib/gcc/arm-none-eabi/12.1.0/../../../../arm-none-eabi/lib/thumb/libg.a(lib_a-iprintf.o)
                0x00000000020150dc                iprintf
 .text.localtime_r
                0x0000000002015100      0x228 /opt/devkitpro/devkitARM/bin/../lib/gcc/arm-none-eabi/12.1.0/../../../../arm-none-eabi/lib/thumb/libg.a(lib_a-lcltime_r.o)
                0x0000000002015100                localtime_r
 .text.__locale_mb_cur_max
                0x0000000002015328       0x10 /opt/devkitpro/devkitARM/bin/../lib/gcc/arm-none-eabi/12.1.0/../../../../arm-none-eabi/lib/thumb/libg.a(lib_a-locale.o)
                0x0000000002015328                __locale_mb_cur_max
 .text.__smakebuf_r
                0x0000000002015338       0xf0 /opt/devkitpro/devkitARM/bin/../lib/gcc/arm-none-eabi/12.1.0/../../../../arm-none-eabi/lib/thumb/libg.a(lib_a-makebuf.o)
                0x0000000002015338                __smakebuf_r
 .text.__swhatbuf_r
                0x0000000002015428       0x5c /opt/devkitpro/devkitARM/bin/../lib/gcc/arm-none-eabi/12.1.0/../../../../arm-none-eabi/lib/thumb/libg.a(lib_a-makebuf.o)
                0x0000000002015428                __swhatbuf_r
 .text.malloc   0x0000000002015484       0x14 /opt/devkitpro/devkitARM/bin/../lib/gcc/arm-none-eabi/12.1.0/../../../../arm-none-eabi/lib/thumb/libg.a(lib_a-malloc.o)
                0x0000000002015484                malloc
 .text.free     0x0000000002015498       0x14 /opt/devkitpro/devkitARM/bin/../lib/gcc/arm-none-eabi/12.1.0/../../../../arm-none-eabi/lib/thumb/libg.a(lib_a-malloc.o)
                0x0000000002015498                free
 .text._malloc_r
                0x00000000020154ac      0x560 /opt/devkitpro/devkitARM/bin/../lib/gcc/arm-none-eabi/12.1.0/../../../../arm-none-eabi/lib/thumb/libg.a(lib_a-mallocr.o)
                0x00000000020154ac                _malloc_r
 .text._mbrtowc_r
                0x0000000002015a0c       0x60 /opt/devkitpro/devkitARM/bin/../lib/gcc/arm-none-eabi/12.1.0/../../../../arm-none-eabi/lib/thumb/libg.a(lib_a-mbrtowc.o)
                0x0000000002015a0c                _mbrtowc_r
 .text.mbrtowc  0x0000000002015a6c       0x7c /opt/devkitpro/devkitARM/bin/../lib/gcc/arm-none-eabi/12.1.0/../../../../arm-none-eabi/lib/thumb/libg.a(lib_a-mbrtowc.o)
                0x0000000002015a6c                mbrtowc
 .text.mbsrtowcs
                0x0000000002015ae8       0x28 /opt/devkitpro/devkitARM/bin/../lib/gcc/arm-none-eabi/12.1.0/../../../../arm-none-eabi/lib/thumb/libg.a(lib_a-mbsrtowcs.o)
                0x0000000002015ae8                mbsrtowcs
 .text.__utf8_mbtowc
                0x0000000002015b10      0x27c /opt/devkitpro/devkitARM/bin/../lib/gcc/arm-none-eabi/12.1.0/../../../../arm-none-eabi/lib/thumb/libg.a(lib_a-mbtowc_r.o)
                0x0000000002015b10                __utf8_mbtowc
 .text.memcmp   0x0000000002015d8c       0x48 /opt/devkitpro/devkitARM/bin/../lib/gcc/arm-none-eabi/12.1.0/../../../../arm-none-eabi/lib/thumb/libg.a(lib_a-memcmp.o)
                0x0000000002015d8c                memcmp
 .text.memcpy   0x0000000002015dd4       0x94 /opt/devkitpro/devkitARM/bin/../lib/gcc/arm-none-eabi/12.1.0/../../../../arm-none-eabi/lib/thumb/libg.a(lib_a-memcpy-stub.o)
                0x0000000002015dd4                memcpy
 .text.memmove  0x0000000002015e68       0xc0 /opt/devkitpro/devkitARM/bin/../lib/gcc/arm-none-eabi/12.1.0/../../../../arm-none-eabi/lib/thumb/libg.a(lib_a-memmove.o)
                0x0000000002015e68                memmove
 .text.memset   0x0000000002015f28       0xb0 /opt/devkitpro/devkitARM/bin/../lib/gcc/arm-none-eabi/12.1.0/../../../../arm-none-eabi/lib/thumb/libg.a(lib_a-memset.o)
                0x0000000002015f28                memset
 .text.validate_structure
                0x0000000002015fd8      0x1d4 /opt/devkitpro/devkitARM/bin/../lib/gcc/arm-none-eabi/12.1.0/../../../../arm-none-eabi/lib/thumb/libg.a(lib_a-mktime.o)
 .text.mktime   0x00000000020161ac      0x434 /opt/devkitpro/devkitARM/bin/../lib/gcc/arm-none-eabi/12.1.0/../../../../arm-none-eabi/lib/thumb/libg.a(lib_a-mktime.o)
                0x00000000020161ac                mktime
 .text.__malloc_lock
                0x00000000020165e0       0x14 /opt/devkitpro/devkitARM/bin/../lib/gcc/arm-none-eabi/12.1.0/../../../../arm-none-eabi/lib/thumb/libg.a(lib_a-mlock.o)
                0x00000000020165e0                __malloc_lock
 .text.__malloc_unlock
                0x00000000020165f4       0x14 /opt/devkitpro/devkitARM/bin/../lib/gcc/arm-none-eabi/12.1.0/../../../../arm-none-eabi/lib/thumb/libg.a(lib_a-mlock.o)
                0x00000000020165f4                __malloc_unlock
 .text.realloc  0x0000000002016608       0x18 /opt/devkitpro/devkitARM/bin/../lib/gcc/arm-none-eabi/12.1.0/../../../../arm-none-eabi/lib/thumb/libg.a(lib_a-realloc.o)
                0x0000000002016608                realloc
 .text._realloc_r
                0x0000000002016620      0x384 /opt/devkitpro/devkitARM/bin/../lib/gcc/arm-none-eabi/12.1.0/../../../../arm-none-eabi/lib/thumb/libg.a(lib_a-reallocr.o)
                0x0000000002016620                _realloc_r
 .text.lflush   0x00000000020169a4       0x20 /opt/devkitpro/devkitARM/bin/../lib/gcc/arm-none-eabi/12.1.0/../../../../arm-none-eabi/lib/thumb/libg.a(lib_a-refill.o)
 .text.__srefill_r
                0x00000000020169c4      0x108 /opt/devkitpro/devkitARM/bin/../lib/gcc/arm-none-eabi/12.1.0/../../../../arm-none-eabi/lib/thumb/libg.a(lib_a-refill.o)
                0x00000000020169c4                __srefill_r
 .text.rewind   0x0000000002016acc       0x20 /opt/devkitpro/devkitARM/bin/../lib/gcc/arm-none-eabi/12.1.0/../../../../arm-none-eabi/lib/thumb/libg.a(lib_a-rewind.o)
                0x0000000002016acc                rewind
 .text.setvbuf  0x0000000002016aec      0x19c /opt/devkitpro/devkitARM/bin/../lib/gcc/arm-none-eabi/12.1.0/../../../../arm-none-eabi/lib/thumb/libg.a(lib_a-setvbuf.o)
                0x0000000002016aec                setvbuf
 .text.siscanf  0x0000000002016c88       0x4c /opt/devkitpro/devkitARM/bin/../lib/gcc/arm-none-eabi/12.1.0/../../../../arm-none-eabi/lib/thumb/libg.a(lib_a-siscanf.o)
                0x0000000002016c88                siscanf
 .text.sprintf  0x0000000002016cd4       0x40 /opt/devkitpro/devkitARM/bin/../lib/gcc/arm-none-eabi/12.1.0/../../../../arm-none-eabi/lib/thumb/libg.a(lib_a-sprintf.o)
                0x0000000002016cd4                sprintf
 .text.__sread  0x0000000002016d14       0x34 /opt/devkitpro/devkitARM/bin/../lib/gcc/arm-none-eabi/12.1.0/../../../../arm-none-eabi/lib/thumb/libg.a(lib_a-stdio.o)
                0x0000000002016d14                __sread
 .text.__seofread
                0x0000000002016d48        0x4 /opt/devkitpro/devkitARM/bin/../lib/gcc/arm-none-eabi/12.1.0/../../../../arm-none-eabi/lib/thumb/libg.a(lib_a-stdio.o)
                0x0000000002016d48                __seofread
 .text.__swrite
                0x0000000002016d4c       0x4c /opt/devkitpro/devkitARM/bin/../lib/gcc/arm-none-eabi/12.1.0/../../../../arm-none-eabi/lib/thumb/libg.a(lib_a-stdio.o)
                0x0000000002016d4c                __swrite
 .text.__sseek  0x0000000002016d98       0x44 /opt/devkitpro/devkitARM/bin/../lib/gcc/arm-none-eabi/12.1.0/../../../../arm-none-eabi/lib/thumb/libg.a(lib_a-stdio.o)
                0x0000000002016d98                __sseek
 .text.__sclose
                0x0000000002016ddc       0x10 /opt/devkitpro/devkitARM/bin/../lib/gcc/arm-none-eabi/12.1.0/../../../../arm-none-eabi/lib/thumb/libg.a(lib_a-stdio.o)
                0x0000000002016ddc                __sclose
 .text.stpcpy   0x0000000002016dec       0x48 /opt/devkitpro/devkitARM/bin/../lib/gcc/arm-none-eabi/12.1.0/../../../../arm-none-eabi/lib/thumb/libg.a(lib_a-stpcpy.o)
                0x0000000002016dec                stpcpy
 .text.strcasecmp
                0x0000000002016e34       0x48 /opt/devkitpro/devkitARM/bin/../lib/gcc/arm-none-eabi/12.1.0/../../../../arm-none-eabi/lib/thumb/libg.a(lib_a-strcasecmp.o)
                0x0000000002016e34                strcasecmp
 .text.strchr   0x0000000002016e7c       0xc8 /opt/devkitpro/devkitARM/bin/../lib/gcc/arm-none-eabi/12.1.0/../../../../arm-none-eabi/lib/thumb/libg.a(lib_a-strchr.o)
                0x0000000002016e7c                strchr
 .text.strcpy   0x0000000002016f44       0x10 /opt/devkitpro/devkitARM/bin/../lib/gcc/arm-none-eabi/12.1.0/../../../../arm-none-eabi/lib/thumb/libg.a(lib_a-strcpy.o)
                0x0000000002016f44                strcpy
 .text.strdup   0x0000000002016f54       0x14 /opt/devkitpro/devkitARM/bin/../lib/gcc/arm-none-eabi/12.1.0/../../../../arm-none-eabi/lib/thumb/libg.a(lib_a-strdup.o)
                0x0000000002016f54                strdup
 .text._strdup_r
                0x0000000002016f68       0x2c /opt/devkitpro/devkitARM/bin/../lib/gcc/arm-none-eabi/12.1.0/../../../../arm-none-eabi/lib/thumb/libg.a(lib_a-strdup_r.o)
                0x0000000002016f68                _strdup_r
 .text.strlen   0x0000000002016f94       0x60 /opt/devkitpro/devkitARM/bin/../lib/gcc/arm-none-eabi/12.1.0/../../../../arm-none-eabi/lib/thumb/libg.a(lib_a-strlen-stub.o)
                0x0000000002016f94                strlen
 .text.strncasecmp
                0x0000000002016ff4       0x54 /opt/devkitpro/devkitARM/bin/../lib/gcc/arm-none-eabi/12.1.0/../../../../arm-none-eabi/lib/thumb/libg.a(lib_a-strncasecmp.o)
                0x0000000002016ff4                strncasecmp
 .text.strncmp  0x0000000002017048       0x78 /opt/devkitpro/devkitARM/bin/../lib/gcc/arm-none-eabi/12.1.0/../../../../arm-none-eabi/lib/thumb/libg.a(lib_a-strncmp.o)
                0x0000000002017048                strncmp
 .text.strncpy  0x00000000020170c0       0x68 /opt/devkitpro/devkitARM/bin/../lib/gcc/arm-none-eabi/12.1.0/../../../../arm-none-eabi/lib/thumb/libg.a(lib_a-strncpy.o)
                0x00000000020170c0                strncpy
 .text.strnlen  0x0000000002017128       0x28 /opt/devkitpro/devkitARM/bin/../lib/gcc/arm-none-eabi/12.1.0/../../../../arm-none-eabi/lib/thumb/libg.a(lib_a-strnlen.o)
                0x0000000002017128                strnlen
 .text.strpbrk  0x0000000002017150       0x4c /opt/devkitpro/devkitARM/bin/../lib/gcc/arm-none-eabi/12.1.0/../../../../arm-none-eabi/lib/thumb/libg.a(lib_a-strpbrk.o)
                0x0000000002017150                strpbrk
 .text.strrchr  0x000000000201719c       0x30 /opt/devkitpro/devkitARM/bin/../lib/gcc/arm-none-eabi/12.1.0/../../../../arm-none-eabi/lib/thumb/libg.a(lib_a-strrchr.o)
                0x000000000201719c                strrchr
 .text._strtol_l.part.0
                0x00000000020171cc      0x144 /opt/devkitpro/devkitARM/bin/../lib/gcc/arm-none-eabi/12.1.0/../../../../arm-none-eabi/lib/thumb/libg.a(lib_a-strtol.o)
 .text._strtol_r
                0x0000000002017310       0x20 /opt/devkitpro/devkitARM/bin/../lib/gcc/arm-none-eabi/12.1.0/../../../../arm-none-eabi/lib/thumb/libg.a(lib_a-strtol.o)
                0x0000000002017310                _strtol_r
 .text.get_arg  0x0000000002017330       0x32 /opt/devkitpro/devkitARM/bin/../lib/gcc/arm-none-eabi/12.1.0/../../../../arm-none-eabi/lib/thumb/libg.a(lib_a-svfiscanf.o)
 .text._sungetc_r
                0x0000000002017362       0x7e /opt/devkitpro/devkitARM/bin/../lib/gcc/arm-none-eabi/12.1.0/../../../../arm-none-eabi/lib/thumb/libg.a(lib_a-svfiscanf.o)
                0x0000000002017362                _sungetc_r
 .text.__ssrefill_r
                0x00000000020173e0       0x42 /opt/devkitpro/devkitARM/bin/../lib/gcc/arm-none-eabi/12.1.0/../../../../arm-none-eabi/lib/thumb/libg.a(lib_a-svfiscanf.o)
                0x00000000020173e0                __ssrefill_r
 .text._sfread_r
                0x0000000002017422       0x88 /opt/devkitpro/devkitARM/bin/../lib/gcc/arm-none-eabi/12.1.0/../../../../arm-none-eabi/lib/thumb/libg.a(lib_a-svfiscanf.o)
                0x0000000002017422                _sfread_r
 *fill*         0x00000000020174aa        0x2 ff
 .text.__ssvfiscanf_r
                0x00000000020174ac     0x1ae0 /opt/devkitpro/devkitARM/bin/../lib/gcc/arm-none-eabi/12.1.0/../../../../arm-none-eabi/lib/thumb/libg.a(lib_a-svfiscanf.o)
                0x00000000020174ac                __ssvfiscanf_r
 .text.get_arg  0x0000000002018f8c      0x42c /opt/devkitpro/devkitARM/bin/../lib/gcc/arm-none-eabi/12.1.0/../../../../arm-none-eabi/lib/thumb/libg.a(lib_a-svfprintf.o)
 .text._svfprintf_r
                0x00000000020193b8     0x22fc /opt/devkitpro/devkitARM/bin/../lib/gcc/arm-none-eabi/12.1.0/../../../../arm-none-eabi/lib/thumb/libg.a(lib_a-svfprintf.o)
                0x00000000020193b8                _svfprintf_r
 .text.lseek    0x000000000201b6b4       0x24 /opt/devkitpro/devkitARM/bin/../lib/gcc/arm-none-eabi/12.1.0/../../../../arm-none-eabi/lib/thumb/libg.a(lib_a-syslseek.o)
                0x000000000201b6b4                lseek
 .text.open     0x000000000201b6d8       0x28 /opt/devkitpro/devkitARM/bin/../lib/gcc/arm-none-eabi/12.1.0/../../../../arm-none-eabi/lib/thumb/libg.a(lib_a-sysopen.o)
                0x000000000201b6d8                open
 .text.read     0x000000000201b700       0x1c /opt/devkitpro/devkitARM/bin/../lib/gcc/arm-none-eabi/12.1.0/../../../../arm-none-eabi/lib/thumb/libg.a(lib_a-sysread.o)
                0x000000000201b700                read
 .text.time     0x000000000201b71c       0x34 /opt/devkitpro/devkitARM/bin/../lib/gcc/arm-none-eabi/12.1.0/../../../../arm-none-eabi/lib/thumb/libg.a(lib_a-time.o)
                0x000000000201b71c                time
 .text.towlower
                0x000000000201b750       0x10 /opt/devkitpro/devkitARM/bin/../lib/gcc/arm-none-eabi/12.1.0/../../../../arm-none-eabi/lib/thumb/libg.a(lib_a-towlower.o)
                0x000000000201b750                towlower
 .text.towupper
                0x000000000201b760       0x10 /opt/devkitpro/devkitARM/bin/../lib/gcc/arm-none-eabi/12.1.0/../../../../arm-none-eabi/lib/thumb/libg.a(lib_a-towupper.o)
                0x000000000201b760                towupper
 .text.__tzcalc_limits
                0x000000000201b770      0x1b0 /opt/devkitpro/devkitARM/bin/../lib/gcc/arm-none-eabi/12.1.0/../../../../arm-none-eabi/lib/thumb/libg.a(lib_a-tzcalc_limits.o)
                0x000000000201b770                __tzcalc_limits
 .text.__tz_lock
                0x000000000201b920       0x14 /opt/devkitpro/devkitARM/bin/../lib/gcc/arm-none-eabi/12.1.0/../../../../arm-none-eabi/lib/thumb/libg.a(lib_a-tzlock.o)
                0x000000000201b920                __tz_lock
 .text.__tz_unlock
                0x000000000201b934       0x14 /opt/devkitpro/devkitARM/bin/../lib/gcc/arm-none-eabi/12.1.0/../../../../arm-none-eabi/lib/thumb/libg.a(lib_a-tzlock.o)
                0x000000000201b934                __tz_unlock
 .text._tzset_unlocked
                0x000000000201b948       0x10 /opt/devkitpro/devkitARM/bin/../lib/gcc/arm-none-eabi/12.1.0/../../../../arm-none-eabi/lib/thumb/libg.a(lib_a-tzset.o)
                0x000000000201b948                _tzset_unlocked
 .text._tzset_unlocked_r
                0x000000000201b958      0x360 /opt/devkitpro/devkitARM/bin/../lib/gcc/arm-none-eabi/12.1.0/../../../../arm-none-eabi/lib/thumb/libg.a(lib_a-tzset_r.o)
                0x000000000201b958                _tzset_unlocked_r
 .text.__submore
                0x000000000201bcb8       0x88 /opt/devkitpro/devkitARM/bin/../lib/gcc/arm-none-eabi/12.1.0/../../../../arm-none-eabi/lib/thumb/libg.a(lib_a-ungetc.o)
                0x000000000201bcb8                __submore
 .text.get_arg  0x000000000201bd40      0x42c /opt/devkitpro/devkitARM/bin/../lib/gcc/arm-none-eabi/12.1.0/../../../../arm-none-eabi/lib/thumb/libg.a(lib_a-vfiprintf.o)
 .text.__sprint_r
                0x000000000201c16c       0x24 /opt/devkitpro/devkitARM/bin/../lib/gcc/arm-none-eabi/12.1.0/../../../../arm-none-eabi/lib/thumb/libg.a(lib_a-vfiprintf.o)
                0x000000000201c16c                __sprint_r
 .text._vfiprintf_r
                0x000000000201c190     0x173c /opt/devkitpro/devkitARM/bin/../lib/gcc/arm-none-eabi/12.1.0/../../../../arm-none-eabi/lib/thumb/libg.a(lib_a-vfiprintf.o)
                0x000000000201c190                _vfiprintf_r
 .text.__sbprintf
                0x000000000201d8cc       0x8c /opt/devkitpro/devkitARM/bin/../lib/gcc/arm-none-eabi/12.1.0/../../../../arm-none-eabi/lib/thumb/libg.a(lib_a-vfiprintf.o)
 .text._wcrtomb_r
                0x000000000201d958       0x5c /opt/devkitpro/devkitARM/bin/../lib/gcc/arm-none-eabi/12.1.0/../../../../arm-none-eabi/lib/thumb/libg.a(lib_a-wcrtomb.o)
                0x000000000201d958                _wcrtomb_r
 .text.wcrtomb  0x000000000201d9b4       0x74 /opt/devkitpro/devkitARM/bin/../lib/gcc/arm-none-eabi/12.1.0/../../../../arm-none-eabi/lib/thumb/libg.a(lib_a-wcrtomb.o)
                0x000000000201d9b4                wcrtomb
 .text._wcsrtombs_r
                0x000000000201da28       0x1c /opt/devkitpro/devkitARM/bin/../lib/gcc/arm-none-eabi/12.1.0/../../../../arm-none-eabi/lib/thumb/libg.a(lib_a-wcsrtombs.o)
                0x000000000201da28                _wcsrtombs_r
 .text.wctob    0x000000000201da44       0x48 /opt/devkitpro/devkitARM/bin/../lib/gcc/arm-none-eabi/12.1.0/../../../../arm-none-eabi/lib/thumb/libg.a(lib_a-wctob.o)
                0x000000000201da44                wctob
 .text.__utf8_wctomb
                0x000000000201da8c       0xb4 /opt/devkitpro/devkitARM/bin/../lib/gcc/arm-none-eabi/12.1.0/../../../../arm-none-eabi/lib/thumb/libg.a(lib_a-wctomb_r.o)
                0x000000000201da8c                __utf8_wctomb
 .text.__swsetup_r
                0x000000000201db40       0xd0 /opt/devkitpro/devkitARM/bin/../lib/gcc/arm-none-eabi/12.1.0/../../../../arm-none-eabi/lib/thumb/libg.a(lib_a-wsetup.o)
                0x000000000201db40                __swsetup_r
 .text.div      0x000000000201dc10       0x18 /opt/devkitpro/devkitARM/bin/../lib/gcc/arm-none-eabi/12.1.0/../../../../arm-none-eabi/lib/thumb/libg.a(lib_a-div.o)
                0x000000000201dc10                div
 .text.quorem   0x000000000201dc28      0x158 /opt/devkitpro/devkitARM/bin/../lib/gcc/arm-none-eabi/12.1.0/../../../../arm-none-eabi/lib/thumb/libg.a(lib_a-dtoa.o)
 .text._dtoa_r  0x000000000201dd80      0xfcc /opt/devkitpro/devkitARM/bin/../lib/gcc/arm-none-eabi/12.1.0/../../../../arm-none-eabi/lib/thumb/libg.a(lib_a-dtoa.o)
                0x000000000201dd80                _dtoa_r
 .text.__sflags
                0x000000000201ed4c       0xa4 /opt/devkitpro/devkitARM/bin/../lib/gcc/arm-none-eabi/12.1.0/../../../../arm-none-eabi/lib/thumb/libg.a(lib_a-flags.o)
                0x000000000201ed4c                __sflags
 .text.__sfvwrite_r
                0x000000000201edf0      0x334 /opt/devkitpro/devkitARM/bin/../lib/gcc/arm-none-eabi/12.1.0/../../../../arm-none-eabi/lib/thumb/libg.a(lib_a-fvwrite.o)
                0x000000000201edf0                __sfvwrite_r
 .text._findenv_r
                0x000000000201f124       0x94 /opt/devkitpro/devkitARM/bin/../lib/gcc/arm-none-eabi/12.1.0/../../../../arm-none-eabi/lib/thumb/libg.a(lib_a-getenv_r.o)
                0x000000000201f124                _findenv_r
 .text._getenv_r
                0x000000000201f1b8       0x10 /opt/devkitpro/devkitARM/bin/../lib/gcc/arm-none-eabi/12.1.0/../../../../arm-none-eabi/lib/thumb/libg.a(lib_a-getenv_r.o)
                0x000000000201f1b8                _getenv_r
 .text.__gettzinfo
                0x000000000201f1c8        0x8 /opt/devkitpro/devkitARM/bin/../lib/gcc/arm-none-eabi/12.1.0/../../../../arm-none-eabi/lib/thumb/libg.a(lib_a-gettzinfo.o)
                0x000000000201f1c8                __gettzinfo
 .text.gmtime_r
                0x000000000201f1d0      0x1c0 /opt/devkitpro/devkitARM/bin/../lib/gcc/arm-none-eabi/12.1.0/../../../../arm-none-eabi/lib/thumb/libg.a(lib_a-gmtime_r.o)
                0x000000000201f1d0                gmtime_r
 .text.iswspace
                0x000000000201f390       0x10 /opt/devkitpro/devkitARM/bin/../lib/gcc/arm-none-eabi/12.1.0/../../../../arm-none-eabi/lib/thumb/libg.a(lib_a-iswspace.o)
                0x000000000201f390                iswspace
 .text._localeconv_r
                0x000000000201f3a0        0x8 /opt/devkitpro/devkitARM/bin/../lib/gcc/arm-none-eabi/12.1.0/../../../../arm-none-eabi/lib/thumb/libg.a(lib_a-localeconv.o)
                0x000000000201f3a0                _localeconv_r
 .text._mbsnrtowcs_r
                0x000000000201f3a8       0xb8 /opt/devkitpro/devkitARM/bin/../lib/gcc/arm-none-eabi/12.1.0/../../../../arm-none-eabi/lib/thumb/libg.a(lib_a-mbsnrtowcs.o)
                0x000000000201f3a8                _mbsnrtowcs_r
 .text.memchr   0x000000000201f460       0x78 /opt/devkitpro/devkitARM/bin/../lib/gcc/arm-none-eabi/12.1.0/../../../../arm-none-eabi/lib/thumb/libg.a(lib_a-memchr-stub.o)
                0x000000000201f460                memchr
 .text._Balloc  0x000000000201f4d8       0x54 /opt/devkitpro/devkitARM/bin/../lib/gcc/arm-none-eabi/12.1.0/../../../../arm-none-eabi/lib/thumb/libg.a(lib_a-mprec.o)
                0x000000000201f4d8                _Balloc
 .text._Bfree   0x000000000201f52c       0x14 /opt/devkitpro/devkitARM/bin/../lib/gcc/arm-none-eabi/12.1.0/../../../../arm-none-eabi/lib/thumb/libg.a(lib_a-mprec.o)
                0x000000000201f52c                _Bfree
 .text.__multadd
                0x000000000201f540       0xac /opt/devkitpro/devkitARM/bin/../lib/gcc/arm-none-eabi/12.1.0/../../../../arm-none-eabi/lib/thumb/libg.a(lib_a-mprec.o)
                0x000000000201f540                __multadd
 .text.__hi0bits
                0x000000000201f5ec       0x4c /opt/devkitpro/devkitARM/bin/../lib/gcc/arm-none-eabi/12.1.0/../../../../arm-none-eabi/lib/thumb/libg.a(lib_a-mprec.o)
                0x000000000201f5ec                __hi0bits
 .text.__lo0bits
                0x000000000201f638       0x5c /opt/devkitpro/devkitARM/bin/../lib/gcc/arm-none-eabi/12.1.0/../../../../arm-none-eabi/lib/thumb/libg.a(lib_a-mprec.o)
                0x000000000201f638                __lo0bits
 .text.__i2b    0x000000000201f694       0x64 /opt/devkitpro/devkitARM/bin/../lib/gcc/arm-none-eabi/12.1.0/../../../../arm-none-eabi/lib/thumb/libg.a(lib_a-mprec.o)
                0x000000000201f694                __i2b
 .text.__multiply
                0x000000000201f6f8      0x1b4 /opt/devkitpro/devkitARM/bin/../lib/gcc/arm-none-eabi/12.1.0/../../../../arm-none-eabi/lib/thumb/libg.a(lib_a-mprec.o)
                0x000000000201f6f8                __multiply
 .text.__pow5mult
                0x000000000201f8ac       0xd4 /opt/devkitpro/devkitARM/bin/../lib/gcc/arm-none-eabi/12.1.0/../../../../arm-none-eabi/lib/thumb/libg.a(lib_a-mprec.o)
                0x000000000201f8ac                __pow5mult
 .text.__lshift
                0x000000000201f980      0x100 /opt/devkitpro/devkitARM/bin/../lib/gcc/arm-none-eabi/12.1.0/../../../../arm-none-eabi/lib/thumb/libg.a(lib_a-mprec.o)
                0x000000000201f980                __lshift
 .text.__mcmp   0x000000000201fa80       0x40 /opt/devkitpro/devkitARM/bin/../lib/gcc/arm-none-eabi/12.1.0/../../../../arm-none-eabi/lib/thumb/libg.a(lib_a-mprec.o)
                0x000000000201fa80                __mcmp
 .text.__mdiff  0x000000000201fac0      0x1a8 /opt/devkitpro/devkitARM/bin/../lib/gcc/arm-none-eabi/12.1.0/../../../../arm-none-eabi/lib/thumb/libg.a(lib_a-mprec.o)
                0x000000000201fac0                __mdiff
 .text.__d2b    0x000000000201fc68       0xd0 /opt/devkitpro/devkitARM/bin/../lib/gcc/arm-none-eabi/12.1.0/../../../../arm-none-eabi/lib/thumb/libg.a(lib_a-mprec.o)
                0x000000000201fc68                __d2b
 .text.__sccl   0x000000000201fd38       0x90 /opt/devkitpro/devkitARM/bin/../lib/gcc/arm-none-eabi/12.1.0/../../../../arm-none-eabi/lib/thumb/libg.a(lib_a-sccl.o)
                0x000000000201fd38                __sccl
 .text.frexp    0x000000000201fdc8       0x6c /opt/devkitpro/devkitARM/bin/../lib/gcc/arm-none-eabi/12.1.0/../../../../arm-none-eabi/lib/thumb/libg.a(lib_a-s_frexp.o)
                0x000000000201fdc8                frexp
 .text._strtoll_l.constprop.0
                0x000000000201fe34      0x1a0 /opt/devkitpro/devkitARM/bin/../lib/gcc/arm-none-eabi/12.1.0/../../../../arm-none-eabi/lib/thumb/libg.a(lib_a-strtoll.o)
 .text._strtoll_r
                0x000000000201ffd4        0xc /opt/devkitpro/devkitARM/bin/../lib/gcc/arm-none-eabi/12.1.0/../../../../arm-none-eabi/lib/thumb/libg.a(lib_a-strtoll.o)
                0x000000000201ffd4                _strtoll_r
 .text._strtoull_l.constprop.0
                0x000000000201ffe0      0x1bc /opt/devkitpro/devkitARM/bin/../lib/gcc/arm-none-eabi/12.1.0/../../../../arm-none-eabi/lib/thumb/libg.a(lib_a-strtoull.o)
 .text._strtoull_r
                0x000000000202019c        0xc /opt/devkitpro/devkitARM/bin/../lib/gcc/arm-none-eabi/12.1.0/../../../../arm-none-eabi/lib/thumb/libg.a(lib_a-strtoull.o)
                0x000000000202019c                _strtoull_r
 .text._strtoul_l.constprop.0
                0x00000000020201a8      0x144 /opt/devkitpro/devkitARM/bin/../lib/gcc/arm-none-eabi/12.1.0/../../../../arm-none-eabi/lib/thumb/libg.a(lib_a-strtoul.o)
 .text._strtoul_r
                0x00000000020202ec        0xc /opt/devkitpro/devkitARM/bin/../lib/gcc/arm-none-eabi/12.1.0/../../../../arm-none-eabi/lib/thumb/libg.a(lib_a-strtoul.o)
                0x00000000020202ec                _strtoul_r
 .text.strtoul  0x00000000020202f8       0x1c /opt/devkitpro/devkitARM/bin/../lib/gcc/arm-none-eabi/12.1.0/../../../../arm-none-eabi/lib/thumb/libg.a(lib_a-strtoul.o)
                0x00000000020202f8                strtoul
 .text.__ssprint_r
                0x0000000002020314      0x120 /opt/devkitpro/devkitARM/bin/../lib/gcc/arm-none-eabi/12.1.0/../../../../arm-none-eabi/lib/thumb/libg.a(lib_a-svfiprintf.o)
                0x0000000002020314                __ssprint_r
 .text.towctrans
                0x0000000002020434       0x28 /opt/devkitpro/devkitARM/bin/../lib/gcc/arm-none-eabi/12.1.0/../../../../arm-none-eabi/lib/thumb/libg.a(lib_a-towctrans.o)
                0x0000000002020434                towctrans
 .text._wcsnrtombs_l
                0x000000000202045c      0x11c /opt/devkitpro/devkitARM/bin/../lib/gcc/arm-none-eabi/12.1.0/../../../../arm-none-eabi/lib/thumb/libg.a(lib_a-wcsnrtombs.o)
                0x000000000202045c                _wcsnrtombs_l
 .text._wcsnrtombs_r
                0x0000000002020578       0x30 /opt/devkitpro/devkitARM/bin/../lib/gcc/arm-none-eabi/12.1.0/../../../../arm-none-eabi/lib/thumb/libg.a(lib_a-wcsnrtombs.o)
                0x0000000002020578                _wcsnrtombs_r
 .text.__assert_func
                0x00000000020205a8       0x40 /opt/devkitpro/devkitARM/bin/../lib/gcc/arm-none-eabi/12.1.0/../../../../arm-none-eabi/lib/thumb/libg.a(lib_a-assert.o)
                0x00000000020205a8                __assert_func
 .text.__env_lock
                0x00000000020205e8       0x14 /opt/devkitpro/devkitARM/bin/../lib/gcc/arm-none-eabi/12.1.0/../../../../arm-none-eabi/lib/thumb/libg.a(lib_a-envlock.o)
                0x00000000020205e8                __env_lock
 .text.__env_unlock
                0x00000000020205fc       0x14 /opt/devkitpro/devkitARM/bin/../lib/gcc/arm-none-eabi/12.1.0/../../../../arm-none-eabi/lib/thumb/libg.a(lib_a-envlock.o)
                0x00000000020205fc                __env_unlock
 .text.fiprintf
                0x0000000002020610       0x28 /opt/devkitpro/devkitARM/bin/../lib/gcc/arm-none-eabi/12.1.0/../../../../arm-none-eabi/lib/thumb/libg.a(lib_a-fiprintf.o)
                0x0000000002020610                fiprintf
 .text.iswspace_l
                0x0000000002020638       0x2c /opt/devkitpro/devkitARM/bin/../lib/gcc/arm-none-eabi/12.1.0/../../../../arm-none-eabi/lib/thumb/libg.a(lib_a-iswspace_l.o)
                0x0000000002020638                iswspace_l
 .text.__jp2uc  0x0000000002020664      0x14c /opt/devkitpro/devkitARM/bin/../lib/gcc/arm-none-eabi/12.1.0/../../../../arm-none-eabi/lib/thumb/libg.a(lib_a-jp2uc.o)
 .text._jp2uc_l
                0x00000000020207b0       0x6c /opt/devkitpro/devkitARM/bin/../lib/gcc/arm-none-eabi/12.1.0/../../../../arm-none-eabi/lib/thumb/libg.a(lib_a-jp2uc.o)
                0x00000000020207b0                _jp2uc_l
 .text._uc2jp_l
                0x000000000202081c       0x4c /opt/devkitpro/devkitARM/bin/../lib/gcc/arm-none-eabi/12.1.0/../../../../arm-none-eabi/lib/thumb/libg.a(lib_a-jp2uc.o)
                0x000000000202081c                _uc2jp_l
 .text.towctrans_l
                0x0000000002020868      0x1b4 /opt/devkitpro/devkitARM/bin/../lib/gcc/arm-none-eabi/12.1.0/../../../../arm-none-eabi/lib/thumb/libg.a(lib_a-towctrans_l.o)
                0x0000000002020868                towctrans_l
 .text.abort    0x0000000002020a1c       0x10 /opt/devkitpro/devkitARM/bin/../lib/gcc/arm-none-eabi/12.1.0/../../../../arm-none-eabi/lib/thumb/libg.a(lib_a-abort.o)
                0x0000000002020a1c                abort
 .text.category
                0x0000000002020a2c       0x54 /opt/devkitpro/devkitARM/bin/../lib/gcc/arm-none-eabi/12.1.0/../../../../arm-none-eabi/lib/thumb/libg.a(lib_a-categories.o)
                0x0000000002020a2c                category
 .text._raise_r
                0x0000000002020a80       0x60 /opt/devkitpro/devkitARM/bin/../lib/gcc/arm-none-eabi/12.1.0/../../../../arm-none-eabi/lib/thumb/libg.a(lib_a-signal.o)
                0x0000000002020a80                _raise_r
 .text.raise    0x0000000002020ae0       0x14 /opt/devkitpro/devkitARM/bin/../lib/gcc/arm-none-eabi/12.1.0/../../../../arm-none-eabi/lib/thumb/libg.a(lib_a-signal.o)
                0x0000000002020ae0                raise
 .text.null_write
                0x0000000002020af4        0x4 /opt/devkitpro/devkitARM/bin/../lib/gcc/arm-none-eabi/12.1.0/../../../../arm-none-eabi/lib/thumb/libsysbase.a(iosupport.o)
 .text.setDefaultDevice
                0x0000000002020af8       0x10 /opt/devkitpro/devkitARM/bin/../lib/gcc/arm-none-eabi/12.1.0/../../../../arm-none-eabi/lib/thumb/libsysbase.a(iosupport.o)
                0x0000000002020af8                setDefaultDevice
 .text.FindDevice
                0x0000000002020b08       0x98 /opt/devkitpro/devkitARM/bin/../lib/gcc/arm-none-eabi/12.1.0/../../../../arm-none-eabi/lib/thumb/libsysbase.a(iosupport.o)
                0x0000000002020b08                FindDevice
 .text.AddDevice
                0x0000000002020ba0       0x78 /opt/devkitpro/devkitARM/bin/../lib/gcc/arm-none-eabi/12.1.0/../../../../arm-none-eabi/lib/thumb/libsysbase.a(iosupport.o)
                0x0000000002020ba0                AddDevice
 .text.GetDeviceOpTab
                0x0000000002020c18       0x20 /opt/devkitpro/devkitARM/bin/../lib/gcc/arm-none-eabi/12.1.0/../../../../arm-none-eabi/lib/thumb/libsysbase.a(iosupport.o)
                0x0000000002020c18                GetDeviceOpTab
 .text._fstat_r
                0x0000000002020c38       0x4c /opt/devkitpro/devkitARM/bin/../lib/gcc/arm-none-eabi/12.1.0/../../../../arm-none-eabi/lib/thumb/libsysbase.a(fstat.o)
                0x0000000002020c38                _fstat_r
 .text._getpid_r
                0x0000000002020c84        0xc /opt/devkitpro/devkitARM/bin/../lib/gcc/arm-none-eabi/12.1.0/../../../../arm-none-eabi/lib/thumb/libsysbase.a(getpid.o)
                0x0000000002020c84                _getpid_r
 .text._gettimeofday_r
                0x0000000002020c90       0x20 /opt/devkitpro/devkitARM/bin/../lib/gcc/arm-none-eabi/12.1.0/../../../../arm-none-eabi/lib/thumb/libsysbase.a(gettod.o)
                0x0000000002020c90                _gettimeofday_r
 .text._isatty_r
                0x0000000002020cb0        0x4 /opt/devkitpro/devkitARM/bin/../lib/gcc/arm-none-eabi/12.1.0/../../../../arm-none-eabi/lib/thumb/libsysbase.a(isatty.o)
                0x0000000002020cb0                _isatty_r
 .text._kill_r  0x0000000002020cb4        0xc /opt/devkitpro/devkitARM/bin/../lib/gcc/arm-none-eabi/12.1.0/../../../../arm-none-eabi/lib/thumb/libsysbase.a(kill.o)
                0x0000000002020cb4                _kill_r
 .text._lseek_r
                0x0000000002020cc0       0x5c /opt/devkitpro/devkitARM/bin/../lib/gcc/arm-none-eabi/12.1.0/../../../../arm-none-eabi/lib/thumb/libsysbase.a(lseek.o)
                0x0000000002020cc0                _lseek_r
 .text._open_r  0x0000000002020d1c       0x98 /opt/devkitpro/devkitARM/bin/../lib/gcc/arm-none-eabi/12.1.0/../../../../arm-none-eabi/lib/thumb/libsysbase.a(open.o)
                0x0000000002020d1c                _open_r
 .text._read_r  0x0000000002020db4       0x50 /opt/devkitpro/devkitARM/bin/../lib/gcc/arm-none-eabi/12.1.0/../../../../arm-none-eabi/lib/thumb/libsysbase.a(read.o)
                0x0000000002020db4                _read_r
 .text._sbrk_r  0x0000000002020e04       0x54 /opt/devkitpro/devkitARM/bin/../lib/gcc/arm-none-eabi/12.1.0/../../../../arm-none-eabi/lib/thumb/libsysbase.a(sbrk.o)
                0x0000000002020e04                _sbrk_r
 .text._write_r
                0x0000000002020e58       0x50 /opt/devkitpro/devkitARM/bin/../lib/gcc/arm-none-eabi/12.1.0/../../../../arm-none-eabi/lib/thumb/libsysbase.a(write.o)
                0x0000000002020e58                _write_r
 .text._exit    0x0000000002020ea8       0x14 /opt/devkitpro/devkitARM/bin/../lib/gcc/arm-none-eabi/12.1.0/../../../../arm-none-eabi/lib/thumb/libsysbase.a(_exit.o)
                0x0000000002020ea8                _exit
 .text._concatenate_path
                0x0000000002020ebc      0x120 /opt/devkitpro/devkitARM/bin/../lib/gcc/arm-none-eabi/12.1.0/../../../../arm-none-eabi/lib/thumb/libsysbase.a(chdir.o)
                0x0000000002020ebc                _concatenate_path
 .text.chdir    0x0000000002020fdc       0xe4 /opt/devkitpro/devkitARM/bin/../lib/gcc/arm-none-eabi/12.1.0/../../../../arm-none-eabi/lib/thumb/libsysbase.a(chdir.o)
                0x0000000002020fdc                chdir
 .text.getcwd   0x00000000020210c0       0x5c /opt/devkitpro/devkitARM/bin/../lib/gcc/arm-none-eabi/12.1.0/../../../../arm-none-eabi/lib/thumb/libsysbase.a(chdir.o)
                0x00000000020210c0                getcwd
 .text.build_argv
                0x000000000202111c       0x4c /opt/devkitpro/devkitARM/bin/../lib/gcc/arm-none-eabi/12.1.0/../../../../arm-none-eabi/lib/thumb/libsysbase.a(build_argv.o)
                0x000000000202111c                build_argv
 .text.__flockfile
                0x0000000002021168       0x10 /opt/devkitpro/devkitARM/bin/../lib/gcc/arm-none-eabi/12.1.0/../../../../arm-none-eabi/lib/thumb/libsysbase.a(flock.o)
                0x0000000002021168                __flockfile
 .text.__funlockfile
                0x0000000002021178       0x10 /opt/devkitpro/devkitARM/bin/../lib/gcc/arm-none-eabi/12.1.0/../../../../arm-none-eabi/lib/thumb/libsysbase.a(flock.o)
                0x0000000002021178                __funlockfile
 .text.__release_handle
                0x0000000002021188       0x68 /opt/devkitpro/devkitARM/bin/../lib/gcc/arm-none-eabi/12.1.0/../../../../arm-none-eabi/lib/thumb/libsysbase.a(handle_manager.o)
                0x0000000002021188                __release_handle
 .text.__alloc_handle
                0x00000000020211f0       0x7c /opt/devkitpro/devkitARM/bin/../lib/gcc/arm-none-eabi/12.1.0/../../../../arm-none-eabi/lib/thumb/libsysbase.a(handle_manager.o)
                0x00000000020211f0                __alloc_handle
 .text.__get_handle
                0x000000000202126c       0x34 /opt/devkitpro/devkitARM/bin/../lib/gcc/arm-none-eabi/12.1.0/../../../../arm-none-eabi/lib/thumb/libsysbase.a(handle_manager.o)
                0x000000000202126c                __get_handle
 .text._close_r
                0x00000000020212a0       0xb8 /opt/devkitpro/devkitARM/bin/../lib/gcc/arm-none-eabi/12.1.0/../../../../arm-none-eabi/lib/thumb/libsysbase.a(handle_manager.o)
                0x00000000020212a0                _close_r
 .text.__getreent
                0x0000000002021358       0x20 /opt/devkitpro/devkitARM/bin/../lib/gcc/arm-none-eabi/12.1.0/../../../../arm-none-eabi/lib/thumb/libsysbase.a(getreent.o)
                0x0000000002021358                __getreent
 .text.__libc_lock_acquire
                0x0000000002021378       0x18 /opt/devkitpro/devkitARM/bin/../lib/gcc/arm-none-eabi/12.1.0/../../../../arm-none-eabi/lib/thumb/libsysbase.a(syscall_support.o)
                0x0000000002021378                __libc_lock_acquire
 .text.__libc_lock_release
                0x0000000002021390       0x18 /opt/devkitpro/devkitARM/bin/../lib/gcc/arm-none-eabi/12.1.0/../../../../arm-none-eabi/lib/thumb/libsysbase.a(syscall_support.o)
                0x0000000002021390                __libc_lock_release
 .text.__libc_lock_init_recursive
                0x00000000020213a8       0x18 /opt/devkitpro/devkitARM/bin/../lib/gcc/arm-none-eabi/12.1.0/../../../../arm-none-eabi/lib/thumb/libsysbase.a(syscall_support.o)
                0x00000000020213a8                __libc_lock_init_recursive
 .text.__libc_lock_acquire_recursive
                0x00000000020213c0       0x18 /opt/devkitpro/devkitARM/bin/../lib/gcc/arm-none-eabi/12.1.0/../../../../arm-none-eabi/lib/thumb/libsysbase.a(syscall_support.o)
                0x00000000020213c0                __libc_lock_acquire_recursive
 .text.__libc_lock_release_recursive
                0x00000000020213d8       0x18 /opt/devkitpro/devkitARM/bin/../lib/gcc/arm-none-eabi/12.1.0/../../../../arm-none-eabi/lib/thumb/libsysbase.a(syscall_support.o)
                0x00000000020213d8                __libc_lock_release_recursive
 .text.__libc_lock_close_recursive
                0x00000000020213f0       0x18 /opt/devkitpro/devkitARM/bin/../lib/gcc/arm-none-eabi/12.1.0/../../../../arm-none-eabi/lib/thumb/libsysbase.a(syscall_support.o)
                0x00000000020213f0                __libc_lock_close_recursive
 .text.__libc_lock_close_recursive.__stub
                0x0000000002021408      0x110 linker stubs
 *(EXCLUDE_FILE(*.twl*) .gnu.warning)
 *(EXCLUDE_FILE(*.twl*) .gnu.linkonce.t*)
 *(.glue_7)
 .glue_7        0x0000000002021528        0x0 linker stubs
 *(.glue_7t)
 .glue_7t       0x0000000002021528        0x0 linker stubs
                0x0000000002021528                . = ALIGN (0x4)

.vfp11_veneer   0x0000000002021528        0x0
 .vfp11_veneer  0x0000000002021528        0x0 linker stubs

.v4_bx          0x0000000002021528        0x0
 .v4_bx         0x0000000002021528        0x0 linker stubs

.iplt           0x0000000002021528        0x0
 .iplt          0x0000000002021528        0x0 /opt/devkitpro/devkitARM/bin/../lib/gcc/arm-none-eabi/12.1.0/../../../../arm-none-eabi/lib/thumb/ds_arm9_crt0.o

.fini           0x0000000002021528        0xc
 *(.fini)
 .fini          0x0000000002021528        0x4 /opt/devkitpro/devkitARM/bin/../lib/gcc/arm-none-eabi/12.1.0/thumb/crti.o
                0x0000000002021528                _fini
 .fini          0x000000000202152c        0x8 /opt/devkitpro/devkitARM/bin/../lib/gcc/arm-none-eabi/12.1.0/thumb/crtn.o
                0x0000000002021534                __text_end = .

.rodata         0x0000000002021538     0xb1a4
 *(EXCLUDE_FILE(*.twl*) .rodata)
 .rodata        0x0000000002021538       0x50 /home/gbaman/projects/jPlayer/pac_player/nflib/lib/libnflib.a(nf_basic.o)
 *all.rodata*(*)
 *(EXCLUDE_FILE(*.twl*) .roda)
 *(EXCLUDE_FILE(*.twl*) .rodata.*)
 .rodata.str1.4
                0x0000000002021588     0x14d6 main.o
                                       0x14da (size before relaxing)
 *fill*         0x0000000002022a5e        0x2 ff
 .rodata.str1.4
                0x0000000002022a60       0x27 /home/gbaman/projects/jPlayer/pac_player/nflib/lib/libnflib.a(nf_2d.o)
                                         0x28 (size before relaxing)
 *fill*         0x0000000002022a87        0x1 ff
 .rodata.str1.4
                0x0000000002022a88      0x613 /home/gbaman/projects/jPlayer/pac_player/nflib/lib/libnflib.a(nf_basic.o)
                                        0x628 (size before relaxing)
 *fill*         0x000000000202309b        0x1 ff
 .rodata.str1.4
                0x000000000202309c       0x26 /home/gbaman/projects/jPlayer/pac_player/nflib/lib/libnflib.a(nf_sound.o)
                                         0x28 (size before relaxing)
 *fill*         0x00000000020230c2        0x2 ff
 .rodata.str1.4
                0x00000000020230c4       0x6c /home/gbaman/projects/jPlayer/pac_player/nflib/lib/libnflib.a(nf_sprite256.o)
                                         0x7c (size before relaxing)
 .rodata.str1.4
                0x0000000002023130       0x47 /home/gbaman/projects/jPlayer/pac_player/nflib/lib/libnflib.a(nf_sprite3d.o)
                                         0xac (size before relaxing)
 *fill*         0x0000000002023177        0x1 ff
 .rodata.str1.4
                0x0000000002023178       0x15 /home/gbaman/projects/jPlayer/pac_player/nflib/lib/libnflib.a(nf_text.o)
                                         0x28 (size before relaxing)
 .rodata.str1.4
                0x000000000202318d       0x28 /home/gbaman/projects/jPlayer/pac_player/nflib/lib/libnflib.a(nf_text16.o)
 *fill*         0x000000000202318d        0x3 ff
 .rodata.str1.4
                0x0000000002023190       0x40 /home/gbaman/projects/jPlayer/pac_player/nflib/lib/libnflib.a(nf_tiledbg.o)
                                         0x6c (size before relaxing)
 .rodata.nitroFSInit.str1.4
                0x00000000020231d0        0x8 /opt/devkitpro/libnds/lib/libfilesystem.a(nitrofs.o)
 .rodata.str1.4
                0x00000000020231d0        0xe /opt/devkitpro/libnds/lib/libfilesystem.a(nitrofs.o)
 *fill*         0x00000000020231de        0x2 ff
 .rodata.fatMount.part.0.str1.4
                0x00000000020231e0        0x2 /opt/devkitpro/libnds/lib/libfat.a(libfat.o)
 *fill*         0x00000000020231e2        0x2 ff
 .rodata.fatInit.str1.4
                0x00000000020231e4        0x3 /opt/devkitpro/libnds/lib/libfat.a(libfat.o)
 *fill*         0x00000000020231e7        0x1 ff
 .rodata.str1.4
                0x00000000020231e8        0x4 /opt/devkitpro/libnds/lib/libfat.a(libfat.o)
 .rodata.dotab_fat
                0x00000000020231ec       0x70 /opt/devkitpro/libnds/lib/libfat.a(libfat.o)
 .rodata.str1.4
                0x000000000202325c        0x3 /opt/devkitpro/libnds/lib/libfat.a(disc.o)
                                          0x8 (size before relaxing)
 *fill*         0x000000000202325f        0x1 ff
 .rodata._FAT_disc_interfaces
                0x0000000002023260       0x18 /opt/devkitpro/libnds/lib/libfat.a(disc.o)
                0x0000000002023260                _FAT_disc_interfaces
 .rodata._FAT_directory_entryFromPath.str1.4
                0x0000000002023278        0x7 /opt/devkitpro/libnds/lib/libfat.a(directory.o)
 .rodata.ILLEGAL_ALIAS_CHARACTERS
                0x0000000002023278       0x12 /opt/devkitpro/libnds/lib/libfat.a(directory.o)
 *fill*         0x000000000202328a        0x2 ff
 .rodata.ILLEGAL_LFN_CHARACTERS
                0x000000000202328c        0xa /opt/devkitpro/libnds/lib/libfat.a(directory.o)
 *fill*         0x0000000002023296        0x2 ff
 .rodata.LFN_offset_table
                0x0000000002023298       0x34 /opt/devkitpro/libnds/lib/libfat.a(directory.o)
 .rodata.FAT_SIG
                0x00000000020232cc        0x3 /opt/devkitpro/libnds/lib/libfat.a(partition.o)