Archive member included to satisfy reference by file (symbol)

/home/gbaman/nds_projects/j_player/pac_player/nflib/lib/libnflib.a(nf_2d.o)
                              main.o (NF_Set2D)
/home/gbaman/nds_projects/j_player/pac_player/nflib/lib/libnflib.a(nf_basic.o)
                              /home/gbaman/nds_projects/j_player/pac_player/nflib/lib/libnflib.a(nf_2d.o) (NF_Error)
/home/gbaman/nds_projects/j_player/pac_player/nflib/lib/libnflib.a(nf_sound.o)
                              main.o (NF_InitRawSoundBuffers)
/home/gbaman/nds_projects/j_player/pac_player/nflib/lib/libnflib.a(nf_sprite256.o)
                              main.o (NF_InitSpriteBuffers)
/home/gbaman/nds_projects/j_player/pac_player/nflib/lib/libnflib.a(nf_tiledbg.o)
                              main.o (NF_InitTiledBgBuffers)
/opt/devkitpro/libnds/lib/libfilesystem.a(nitrofs.o)
                              /home/gbaman/nds_projects/j_player/pac_player/nflib/lib/libnflib.a(nf_basic.o) (nitroFSInit)
/opt/devkitpro/libnds/lib/libfat.a(libfat.o)
                              /home/gbaman/nds_projects/j_player/pac_player/nflib/lib/libnflib.a(nf_basic.o) (fatInitDefault)
/opt/devkitpro/libnds/lib/libfat.a(disc.o)
                              /opt/devkitpro/libnds/lib/libfat.a(libfat.o) (_FAT_disc_interfaces)
/opt/devkitpro/libnds/lib/libfat.a(fatfile.o)
                              /opt/devkitpro/libnds/lib/libfat.a(libfat.o) (_FAT_open_r)
/opt/devkitpro/libnds/lib/libfat.a(cache.o)
                              /opt/devkitpro/libnds/lib/libfat.a(fatfile.o) (_FAT_cache_readSectors)
/opt/devkitpro/libnds/lib/libfat.a(fatdir.o)
                              /opt/devkitpro/libnds/lib/libfat.a(libfat.o) (_FAT_stat_r)
/opt/devkitpro/libnds/lib/libfat.a(directory.o)
                              /opt/devkitpro/libnds/lib/libfat.a(fatfile.o) (_FAT_directory_entryGetCluster)
/opt/devkitpro/libnds/lib/libfat.a(partition.o)
                              /opt/devkitpro/libnds/lib/libfat.a(libfat.o) (_FAT_partition_destructor)
/opt/devkitpro/libnds/lib/libfat.a(lock.o)
                              /opt/devkitpro/libnds/lib/libfat.a(partition.o) (_FAT_lock_init)
/opt/devkitpro/libnds/lib/libfat.a(filetime.o)
                              /opt/devkitpro/libnds/lib/libfat.a(fatfile.o) (_FAT_filetime_getTimeFromRTC)
/opt/devkitpro/libnds/lib/libfat.a(file_allocation_table.o)
                              /opt/devkitpro/libnds/lib/libfat.a(fatfile.o) (_FAT_fat_nextCluster)
/opt/devkitpro/libnds/lib/libnds9.a(video.o)
                              /home/gbaman/nds_projects/j_player/pac_player/nflib/lib/libnflib.a(nf_basic.o) (setBrightness)
/opt/devkitpro/libnds/lib/libnds9.a(console.o)
                              /home/gbaman/nds_projects/j_player/pac_player/nflib/lib/libnflib.a(nf_basic.o) (consoleDemoInit)
/opt/devkitpro/libnds/lib/libnds9.a(sound.o)
                              main.o (soundEnable)
/opt/devkitpro/libnds/lib/libnds9.a(sprite.o)
                              /home/gbaman/nds_projects/j_player/pac_player/nflib/lib/libnflib.a(nf_sprite256.o) (oamInit)
/opt/devkitpro/libnds/lib/libnds9.a(keys.o)
                              main.o (scanKeys)
/opt/devkitpro/libnds/lib/libnds9.a(dldi.o)
                              /opt/devkitpro/libnds/lib/libfat.a(disc.o) (dldiGetInternal)
/opt/devkitpro/libnds/lib/libnds9.a(initSystem.o)
                              /opt/devkitpro/devkitARM/bin/../lib/gcc/arm-none-eabi/12.1.0/../../../../arm-none-eabi/lib/thumb/ds_arm9_crt0.o (initSystem)
/opt/devkitpro/libnds/lib/libnds9.a(securearea.o)
                              /opt/devkitpro/devkitARM/bin/../lib/gcc/arm-none-eabi/12.1.0/../../../../arm-none-eabi/lib/thumb/ds_arm9_crt0.o (__secure_area__)
/opt/devkitpro/libnds/lib/libnds9.a(timers.o)
                              main.o (timerStart)
/opt/devkitpro/libnds/lib/libnds9.a(interrupts.o)
                              /opt/devkitpro/libnds/lib/libnds9.a(timers.o) (irqSet)
/opt/devkitpro/libnds/lib/libnds9.a(libnds_exit.arm.o)
                              /opt/devkitpro/devkitARM/bin/../lib/gcc/arm-none-eabi/12.1.0/../../../../arm-none-eabi/lib/thumb/ds_arm9_crt0.o (__libnds_exit)
/opt/devkitpro/libnds/lib/libnds9.a(card.o)
                              /opt/devkitpro/libnds/lib/libfilesystem.a(nitrofs.o) (cardParamCommand)
/opt/devkitpro/libnds/lib/libnds9.a(fifosystem.o)
                              /opt/devkitpro/libnds/lib/libnds9.a(initSystem.o) (fifoSetValue32Handler)
/opt/devkitpro/libnds/lib/libnds9.a(dcache.o)
                              /home/gbaman/nds_projects/j_player/pac_player/nflib/lib/libnflib.a(nf_basic.o) (DC_FlushRange)
/opt/devkitpro/libnds/lib/libnds9.a(dldi_stub.o)
                              /opt/devkitpro/libnds/lib/libnds9.a(dldi.o) (_io_dldi_stub)
/opt/devkitpro/libnds/lib/libnds9.a(mpu_setup.o)
                              /opt/devkitpro/devkitARM/bin/../lib/gcc/arm-none-eabi/12.1.0/../../../../arm-none-eabi/lib/thumb/ds_arm9_crt0.o (__libnds_mpu_setup)
[...]
Memory Configuration

Name             Origin             Length             Attributes
ewram            0x0000000002000000 0x0000000000380000
dtcm             0x0000000002ff0000 0x0000000000004000
vectors          0x0000000001000000 0x0000000000000100
itcm             0x0000000001000100 0x0000000000007f00
*default*        0x0000000000000000 0xffffffffffffffff

Linker script and memory map

                0x0000000002380000                __ewram_end = (ORIGIN (ewram) + LENGTH (ewram))
                0x0000000002380000                __eheap_end = (ORIGIN (ewram) + LENGTH (ewram))
                0x0000000002ff4000                __dtcm_top = (ORIGIN (dtcm) + LENGTH (dtcm))
                0x0000000002ff3ff8                __irq_flags = (__dtcm_top - 0x8)
                0x0000000002ff3ffc                __irq_vector = (__dtcm_top - 0x4)
                0x0000000002ff3f00                __sp_svc = (__dtcm_top - 0x100)
                0x0000000002ff3e00                __sp_irq = (__sp_svc - 0x100)
                0x0000000002ff3d00                __sp_usr = (__sp_irq - 0x100)

.secure         0x0000000002000000      0x800
 *(.secure)
 .secure        0x0000000002000000      0x800 /opt/devkitpro/libnds/lib/libnds9.a(securearea.o)
                0x0000000002000000                __secure_area__

.crt0           0x0000000002000800      0x300
                0x0000000002000800                __text_start = .
 *(.crt0)
 .crt0          0x0000000002000800      0x300 /opt/devkitpro/devkitARM/bin/../lib/gcc/arm-none-eabi/12.1.0/../../../../arm-none-eabi/lib/thumb/ds_arm9_crt0.o
                0x0000000002000800                _start
                0x0000000002000b00                . = ALIGN (0x4)

.plt
 *(.plt)

.init           0x0000000002000b00        0xc
 *(SORT_NONE(.init))
 .init          0x0000000002000b00        0x4 /opt/devkitpro/devkitARM/bin/../lib/gcc/arm-none-eabi/12.1.0/thumb/crti.o
                0x0000000002000b00                _init
 .init          0x0000000002000b04        0x8 /opt/devkitpro/devkitARM/bin/../lib/gcc/arm-none-eabi/12.1.0/thumb/crtn.o

.text           0x0000000002000b40    0x1dcb0
 *(EXCLUDE_FILE(*.twl* *.vectors* *.itcm*) .text)
 .text          0x0000000002000b40      0x34c main.o
                0x0000000002000b40                loadAssets
                0x0000000002000c94                drawSprites
                0x0000000002000d0c                drawCoverArt
                0x0000000002000db4                chooseCoverArtID
                0x0000000002000dfc                copySongsToBank
 .text          0x0000000002000e8c      0x874 /home/gbaman/nds_projects/j_player/pac_player/nflib/lib/libnflib.a(nf_2d.o)
                0x0000000002000e8c                NF_Set2D
                0x0000000002000ef4                NF_ShowBg
                0x0000000002000f70                NF_HideBg
                0x0000000002001014                NF_ScrollBg
                0x0000000002001364                NF_MoveSprite
                0x0000000002001384                NF_SpriteLayer
                0x00000000020013a0                NF_ShowSprite
                0x00000000020013c0                NF_HflipSprite
                0x00000000020013dc                NF_GetSpriteHflip
                0x00000000020013f8                NF_VflipSprite
                0x0000000002001414                NF_GetSpriteVflip
                0x0000000002001430                NF_SpriteFrame
                0x0000000002001500                NF_EnableSpriteRotScale
                0x0000000002001594                NF_DisableSpriteRotScale
                0x0000000002001608                NF_SpriteRotScale
 .text          0x0000000002001700      0x4a0 /home/gbaman/nds_projects/j_player/pac_player/nflib/lib/libnflib.a(nf_basic.o)
                0x0000000002001700                NF_Error
                0x00000000020019ac                NF_SetRootFolder
                0x0000000002001b04                NF_DmaMemCopy
                0x0000000002001b90                NF_GetLanguage
 .text          0x0000000002001ba0      0x294 /home/gbaman/nds_projects/j_player/pac_player/nflib/lib/libnflib.a(nf_sound.o)
                0x0000000002001ba0                NF_InitRawSoundBuffers
                0x0000000002001bcc                NF_ResetRawSoundBuffers
                0x0000000002001c04                NF_LoadRawSound
                0x0000000002001d44                NF_UnloadRawSound
                0x0000000002001db4                NF_PlayRawSound
 .text          0x0000000002001e34     0x13b4 /home/gbaman/nds_projects/j_player/pac_player/nflib/lib/libnflib.a(nf_sprite256.o)
                0x0000000002001e34                NF_InitSpriteBuffers
                0x0000000002001e80                NF_ResetSpriteBuffers
                0x0000000002001eb4                NF_InitSpriteSys
                0x00000000020020c4                NF_LoadSpriteGfx
                0x00000000020021d4                NF_UnloadSpriteGfx
                0x0000000002002244                NF_LoadSpritePal
                0x0000000002002340                NF_UnloadSpritePal
                0x0000000002002390                NF_VramSpriteGfx
                0x00000000020026e8                NF_VramSpriteGfxDefrag
                0x00000000020028ec                NF_FreeSpriteGfx
                0x00000000020029ec                NF_VramSpritePal
                0x0000000002002ac0                NF_CreateSprite
                0x0000000002002e60                NF_DeleteSprite
                0x0000000002002f00                NF_SpriteOamSet
                0x0000000002002fd8                NF_SpriteSetPalColor
                0x0000000002003070                NF_SpriteEditPalColor
                0x00000000020030ec                NF_SpriteUpdatePalette
                0x000000000200317c                NF_SpriteGetPalColor
 .text          0x00000000020031e8     0x19fc /home/gbaman/nds_projects/j_player/pac_player/nflib/lib/libnflib.a(nf_tiledbg.o)
                0x00000000020031e8                NF_InitTiledBgBuffers
                0x0000000002003284                NF_ResetTiledBgBuffers
                0x00000000020032e8                NF_InitTiledBgSys
                0x0000000002003418                NF_LoadTiledBg
                0x0000000002003698                NF_LoadTilesForBg
                0x0000000002003914                NF_UnloadTiledBg
                0x00000000020039cc                NF_DeleteTiledBg
                0x0000000002003b74                NF_CreateTiledBg
                0x000000000200419c                NF_GetTileMapAddress
                0x0000000002004258                NF_GetTileOfMap
                0x0000000002004290                NF_SetTileOfMap
                0x00000000020042d4                NF_UpdateVramMap
                0x00000000020043f4                NF_BgSetPalColor
                0x00000000020044a4                NF_BgEditPalColor
                0x0000000002004548                NF_BgUpdatePalette
                0x0000000002004608                NF_BgGetPalColor
                0x00000000020046a0                NF_GetTilePal
                0x00000000020046d4                NF_SetTilePal
                0x000000000200471c                NF_LoadExBgPal
                0x0000000002004808                NF_UnloadExBgPal
                0x0000000002004858                NF_VramExBgPal
                0x000000000200490c                NF_SetExBgPal
                0x00000000020049cc                NF_SetTileHflip
                0x0000000002004a08                NF_SetTileVflip
                0x0000000002004a44                NF_RotateTileGfx
 *fill*         0x0000000002004be4       0x1c ff
 .text          0x0000000002004c00     0x4000 /opt/devkitpro/libnds/lib/libnds9.a(dldi_stub.o)
                0x0000000002004c00                _io_dldi_stub
 .text          0x0000000002008c00      0x11c /opt/devkitpro/devkitARM/bin/../lib/gcc/arm-none-eabi/12.1.0/thumb/libgcc.a(_udivsi3.o)
                0x0000000002008c00                __udivsi3
                0x0000000002008c00                __aeabi_uidiv
                0x0000000002008cfc                __aeabi_uidivmod
 .text          0x0000000002008d1c      0x150 /opt/devkitpro/devkitARM/bin/../lib/gcc/arm-none-eabi/12.1.0/thumb/libgcc.a(_divsi3.o)
                0x0000000002008d1c                __aeabi_idiv
                0x0000000002008d1c                __divsi3
                0x0000000002008e4c                __aeabi_idivmod
 .text          0x0000000002008e6c        0x4 /opt/devkitpro/devkitARM/bin/../lib/gcc/arm-none-eabi/12.1.0/thumb/libgcc.a(_dvmd_tls.o)
                0x0000000002008e6c                __aeabi_ldiv0
                0x0000000002008e6c                __aeabi_idiv0
 .text          0x0000000002008e70       0xd4 /opt/devkitpro/devkitARM/bin/../lib/gcc/arm-none-eabi/12.1.0/thumb/libgcc.a(_aeabi_ldivmod.o)
                0x0000000002008e70                __aeabi_ldivmod
 .text          0x0000000002008f44       0x28 /opt/devkitpro/devkitARM/bin/../lib/gcc/arm-none-eabi/12.1.0/thumb/libgcc.a(_clzdi2.o)
                0x0000000002008f44                __clzdi2
 .text          0x0000000002008f6c       0x48 /opt/devkitpro/devkitARM/bin/../lib/gcc/arm-none-eabi/12.1.0/thumb/libgcc.a(_clzsi2.o)
                0x0000000002008f6c                __clzsi2
 .text          0x0000000002008fb4      0x224 /opt/devkitpro/devkitARM/bin/../lib/gcc/arm-none-eabi/12.1.0/../../../../arm-none-eabi/lib/thumb/libg.a(lib_a-strcmp.o)
                0x0000000002008fb4                strcmp
 .text          0x00000000020091d8       0x14 /opt/devkitpro/devkitARM/bin/../lib/gcc/arm-none-eabi/12.1.0/thumb/libgcc.a(_thumb1_case_uqi.o)
                0x00000000020091d8                __gnu_thumb1_case_uqi
 .text          0x00000000020091ec       0x14 /opt/devkitpro/devkitARM/bin/../lib/gcc/arm-none-eabi/12.1.0/thumb/libgcc.a(_thumb1_case_uhi.o)
                0x00000000020091ec                __gnu_thumb1_case_uhi
 .text          0x0000000002009200      0x424 /opt/devkitpro/devkitARM/bin/../lib/gcc/arm-none-eabi/12.1.0/thumb/libgcc.a(_arm_addsubdf3.o)
                0x0000000002009200                __aeabi_drsub
                0x0000000002009208                __aeabi_dsub
                0x0000000002009208                __subdf3
                0x000000000200920c                __adddf3
                0x000000000200920c                __aeabi_dadd
                0x000000000200951c                __aeabi_ui2d
                0x000000000200951c                __floatunsidf
                0x0000000002009540                __floatsidf
                0x0000000002009540                __aeabi_i2d
                0x0000000002009568                __extendsfdf2
                0x0000000002009568                __aeabi_f2d
                0x00000000020095b0                __aeabi_ul2d
                0x00000000020095b0                __floatundidf
                0x00000000020095c4                __floatdidf
                0x00000000020095c4                __aeabi_l2d
 .text          0x0000000002009624      0x49c /opt/devkitpro/devkitARM/bin/../lib/gcc/arm-none-eabi/12.1.0/thumb/libgcc.a(_arm_muldivdf3.o)
                0x0000000002009624                __aeabi_dmul
                0x0000000002009624                __muldf3
                0x00000000020098b4                __aeabi_ddiv
                0x00000000020098b4                __divdf3
 .text          0x0000000002009ac0      0x144 /opt/devkitpro/devkitARM/bin/../lib/gcc/arm-none-eabi/12.1.0/thumb/libgcc.a(_arm_cmpdf2.o)
                0x0000000002009ac0                __gtdf2
                0x0000000002009ac0                __gedf2
                0x0000000002009ac8                __ltdf2
                0x0000000002009ac8                __ledf2
                0x0000000002009ad0                __cmpdf2
                0x0000000002009ad0                __eqdf2
                0x0000000002009ad0                __nedf2
                0x0000000002009b58                __aeabi_cdrcmple
                0x0000000002009b74                __aeabi_cdcmple
                0x0000000002009b74                __aeabi_cdcmpeq
                0x0000000002009b8c                __aeabi_dcmpeq
                0x0000000002009ba4                __aeabi_dcmplt
                0x0000000002009bbc                __aeabi_dcmple
                0x0000000002009bd4                __aeabi_dcmpge
                0x0000000002009bec                __aeabi_dcmpgt
 .text          0x0000000002009c04       0x38 /opt/devkitpro/devkitARM/bin/../lib/gcc/arm-none-eabi/12.1.0/thumb/libgcc.a(_arm_unorddf2.o)
                0x0000000002009c04                __aeabi_dcmpun
                0x0000000002009c04                __unorddf2
 .text          0x0000000002009c3c       0x5c /opt/devkitpro/devkitARM/bin/../lib/gcc/arm-none-eabi/12.1.0/thumb/libgcc.a(_arm_fixdfsi.o)
                0x0000000002009c3c                __fixdfsi
                0x0000000002009c3c                __aeabi_d2iz
 .text          0x0000000002009c98       0x3c /opt/devkitpro/devkitARM/bin/../lib/gcc/arm-none-eabi/12.1.0/thumb/libgcc.a(_aeabi_uldivmod.o)
                0x0000000002009c98                __aeabi_uldivmod
 *(EXCLUDE_FILE(*.twl* *.vectors* *.itcm*) .stub)
 *(EXCLUDE_FILE(*.twl* *.vectors* *.itcm*) .text.*)
 .text.__do_global_dtors_aux
                0x0000000002009cd4       0x2c /opt/devkitpro/devkitARM/bin/../lib/gcc/arm-none-eabi/12.1.0/thumb/crtbegin.o
 .text.frame_dummy
                0x0000000002009d00       0x24 /opt/devkitpro/devkitARM/bin/../lib/gcc/arm-none-eabi/12.1.0/thumb/crtbegin.o
 .text.startup  0x0000000002009d24      0x260 main.o
                0x0000000002009d24                main
 .text.nitroFSDirClose
                0x0000000002009f84        0x4 /opt/devkitpro/libnds/lib/libfilesystem.a(nitrofs.o)
 .text.nitroFSSeek
                0x0000000002009f88       0x78 /opt/devkitpro/libnds/lib/libfilesystem.a(nitrofs.o)
 .text.nitroFSFstat
                0x000000000200a000       0x10 /opt/devkitpro/libnds/lib/libfilesystem.a(nitrofs.o)
 .text.nitroSubReadBlock
                0x000000000200a010       0x54 /opt/devkitpro/libnds/lib/libfilesystem.a(nitrofs.o)
 .text.nitroSubReadCard
                0x000000000200a064       0xb0 /opt/devkitpro/libnds/lib/libfilesystem.a(nitrofs.o)
 .text.nitroFSClose
                0x000000000200a114        0x4 /opt/devkitpro/libnds/lib/libfilesystem.a(nitrofs.o)
 .text.nitroDirReset
                0x000000000200a118       0x9c /opt/devkitpro/libnds/lib/libfilesystem.a(nitrofs.o)
 .text.nitroFSRead
                0x000000000200a1b4       0xbc /opt/devkitpro/libnds/lib/libfilesystem.a(nitrofs.o)
 .text.nitroFSDirNext
                0x000000000200a270      0x30c /opt/devkitpro/libnds/lib/libfilesystem.a(nitrofs.o)
 .text.nitroFSDirOpen
                0x000000000200a57c       0xe0 /opt/devkitpro/libnds/lib/libfilesystem.a(nitrofs.o)
 .text.nitroFSChdir
                0x000000000200a65c       0x30 /opt/devkitpro/libnds/lib/libfilesystem.a(nitrofs.o)
 .text.nitroFSOpen
                0x000000000200a68c       0xc4 /opt/devkitpro/libnds/lib/libfilesystem.a(nitrofs.o)
 .text.nitroFSstat
                0x000000000200a750       0x68 /opt/devkitpro/libnds/lib/libfilesystem.a(nitrofs.o)
 .text.nitroFSInit
                0x000000000200a7b8      0x12c /opt/devkitpro/libnds/lib/libfilesystem.a(nitrofs.o)
                0x000000000200a7b8                nitroFSInit
 .text.fatMount.part.0
                0x000000000200a8e4       0xa0 /opt/devkitpro/libnds/lib/libfat.a(libfat.o)
 .text.fatMount
                0x000000000200a984       0x3c /opt/devkitpro/libnds/lib/libfat.a(libfat.o)
                0x000000000200a984                fatMount
 .text.fatInit  0x000000000200a9c0      0x130 /opt/devkitpro/libnds/lib/libfat.a(libfat.o)
                0x000000000200a9c0                fatInit
 .text.fatInitDefault
                0x000000000200aaf0        0xc /opt/devkitpro/libnds/lib/libfat.a(libfat.o)
                0x000000000200aaf0                fatInitDefault
 .text._FAT_check_position_for_next_cluster.part.0
                0x000000000200aafc       0x68 /opt/devkitpro/libnds/lib/libfat.a(fatfile.o)
 .text._FAT_syncToDisc.part.0
                0x000000000200ab64       0xd4 /opt/devkitpro/libnds/lib/libfat.a(fatfile.o)
 .text._FAT_file_extend_r
                0x000000000200ac38      0x208 /opt/devkitpro/libnds/lib/libfat.a(fatfile.o)
 .text._FAT_open_r
                0x000000000200ae40      0x2d4 /opt/devkitpro/libnds/lib/libfat.a(fatfile.o)
                0x000000000200ae40                _FAT_open_r
 .text._FAT_close_r
                0x000000000200b114       0x74 /opt/devkitpro/libnds/lib/libfat.a(fatfile.o)
                0x000000000200b114                _FAT_close_r
 .text._FAT_read_r
                0x000000000200b188      0x398 /opt/devkitpro/libnds/lib/libfat.a(fatfile.o)
                0x000000000200b188                _FAT_read_r
 .text._FAT_write_r
                0x000000000200b520      0x53c /opt/devkitpro/libnds/lib/libfat.a(fatfile.o)
                0x000000000200b520                _FAT_write_r
 .text._FAT_seek_r
                0x000000000200ba5c      0x194 /opt/devkitpro/libnds/lib/libfat.a(fatfile.o)
                0x000000000200ba5c                _FAT_seek_r
 .text._FAT_fstat_r
                0x000000000200bbf0       0x8c /opt/devkitpro/libnds/lib/libfat.a(fatfile.o)
                0x000000000200bbf0                _FAT_fstat_r
 .text._FAT_ftruncate_r
                0x000000000200bc7c      0x16c /opt/devkitpro/libnds/lib/libfat.a(fatfile.o)
                0x000000000200bc7c                _FAT_ftruncate_r
 .text._FAT_fsync_r
                0x000000000200bde8       0x44 /opt/devkitpro/libnds/lib/libfat.a(fatfile.o)
                0x000000000200bde8                _FAT_fsync_r
 .text._FAT_cache_getPage
                0x000000000200be2c       0xf0 /opt/devkitpro/libnds/lib/libfat.a(cache.o)
 .text._FAT_cache_constructor
                0x000000000200bf1c       0x90 /opt/devkitpro/libnds/lib/libfat.a(cache.o)
                0x000000000200bf1c                _FAT_cache_constructor
 .text._FAT_cache_readSectors
                0x000000000200bfac       0x60 /opt/devkitpro/libnds/lib/libfat.a(cache.o)
                0x000000000200bfac                _FAT_cache_readSectors
 .text._FAT_cache_readPartialSector
                0x000000000200c00c       0x3c /opt/devkitpro/libnds/lib/libfat.a(cache.o)
                0x000000000200c00c                _FAT_cache_readPartialSector
 .text._FAT_cache_readLittleEndianValue
                0x000000000200c048       0x70 /opt/devkitpro/libnds/lib/libfat.a(cache.o)
                0x000000000200c048                _FAT_cache_readLittleEndianValue
 .text._FAT_cache_writePartialSector
                0x000000000200c0b8       0x4c /opt/devkitpro/libnds/lib/libfat.a(cache.o)
                0x000000000200c0b8                _FAT_cache_writePartialSector
 .text._FAT_cache_writeLittleEndianValue
                0x000000000200c104       0x8c /opt/devkitpro/libnds/lib/libfat.a(cache.o)
                0x000000000200c104                _FAT_cache_writeLittleEndianValue
 .text._FAT_cache_eraseWritePartialSector
                0x000000000200c190       0x60 /opt/devkitpro/libnds/lib/libfat.a(cache.o)
                0x000000000200c190                _FAT_cache_eraseWritePartialSector
 .text._FAT_cache_writeSectors
                0x000000000200c1f0       0x80 /opt/devkitpro/libnds/lib/libfat.a(cache.o)
                0x000000000200c1f0                _FAT_cache_writeSectors
 .text._FAT_cache_flush
                0x000000000200c270       0x40 /opt/devkitpro/libnds/lib/libfat.a(cache.o)
                0x000000000200c270                _FAT_cache_flush
 .text._FAT_stat_r
                0x000000000200c2b0       0x90 /opt/devkitpro/libnds/lib/libfat.a(fatdir.o)
                0x000000000200c2b0                _FAT_stat_r
 .text._FAT_link_r
                0x000000000200c340        0xc /opt/devkitpro/libnds/lib/libfat.a(fatdir.o)
                0x000000000200c340                _FAT_link_r
 .text._FAT_unlink_r
                0x000000000200c34c      0x184 /opt/devkitpro/libnds/lib/libfat.a(fatdir.o)
                0x000000000200c34c                _FAT_unlink_r
 .text._FAT_chdir_r
                0x000000000200c4d0       0x70 /opt/devkitpro/libnds/lib/libfat.a(fatdir.o)
                0x000000000200c4d0                _FAT_chdir_r
 .text._FAT_rename_r
                0x000000000200c540      0x1c4 /opt/devkitpro/libnds/lib/libfat.a(fatdir.o)
                0x000000000200c540                _FAT_rename_r
 .text._FAT_mkdir_r
                0x000000000200c704      0x244 /opt/devkitpro/libnds/lib/libfat.a(fatdir.o)
                0x000000000200c704                _FAT_mkdir_r
 .text._FAT_statvfs_r
                0x000000000200c948       0x78 /opt/devkitpro/libnds/lib/libfat.a(fatdir.o)
                0x000000000200c948                _FAT_statvfs_r
 .text._FAT_diropen_r
                0x000000000200c9c0       0xb0 /opt/devkitpro/libnds/lib/libfat.a(fatdir.o)
                0x000000000200c9c0                _FAT_diropen_r
 .text._FAT_dirreset_r
                0x000000000200ca70       0x4c /opt/devkitpro/libnds/lib/libfat.a(fatdir.o)
                0x000000000200ca70                _FAT_dirreset_r
 .text._FAT_dirnext_r
                0x000000000200cabc       0x7c /opt/devkitpro/libnds/lib/libfat.a(fatdir.o)
                0x000000000200cabc                _FAT_dirnext_r
 .text._FAT_dirclose_r
                0x000000000200cb38       0x20 /opt/devkitpro/libnds/lib/libfat.a(fatdir.o)
                0x000000000200cb38                _FAT_dirclose_r
 .text._FAT_directory_entryGetAlias
                0x000000000200cb58       0xc8 /opt/devkitpro/libnds/lib/libfat.a(directory.o)
 .text._FAT_directory_incrementDirEntryPosition
                0x000000000200cc20       0x80 /opt/devkitpro/libnds/lib/libfat.a(directory.o)
 .text._FAT_directory_mbsncasecmp
                0x000000000200cca0       0xa8 /opt/devkitpro/libnds/lib/libfat.a(directory.o)
 .text._FAT_directory_ucs2tombs.constprop.0
                0x000000000200cd48       0x90 /opt/devkitpro/libnds/lib/libfat.a(directory.o)
 .text._FAT_directory_entryGetCluster
                0x000000000200cdd8       0x20 /opt/devkitpro/libnds/lib/libfat.a(directory.o)
                0x000000000200cdd8                _FAT_directory_entryGetCluster
 .text._FAT_directory_getNextEntry
                0x000000000200cdf8      0x23c /opt/devkitpro/libnds/lib/libfat.a(directory.o)
                0x000000000200cdf8                _FAT_directory_getNextEntry
 .text._FAT_directory_entryExists
                0x000000000200d034       0x80 /opt/devkitpro/libnds/lib/libfat.a(directory.o)
 .text._FAT_directory_getFirstEntry
                0x000000000200d0b4       0x20 /opt/devkitpro/libnds/lib/libfat.a(directory.o)
                0x000000000200d0b4                _FAT_directory_getFirstEntry
 .text._FAT_directory_getRootEntry
                0x000000000200d0d4       0x60 /opt/devkitpro/libnds/lib/libfat.a(directory.o)
                0x000000000200d0d4                _FAT_directory_getRootEntry
 .text._FAT_directory_entryFromPosition
                0x000000000200d134      0x150 /opt/devkitpro/libnds/lib/libfat.a(directory.o)
                0x000000000200d134                _FAT_directory_entryFromPosition
 .text._FAT_directory_entryFromPath
                0x000000000200d284      0x248 /opt/devkitpro/libnds/lib/libfat.a(directory.o)
                0x000000000200d284                _FAT_directory_entryFromPath
 .text._FAT_directory_removeEntry
                0x000000000200d4cc       0xd8 /opt/devkitpro/libnds/lib/libfat.a(directory.o)
                0x000000000200d4cc                _FAT_directory_removeEntry
 .text._FAT_directory_addEntry
                0x000000000200d5a4      0x808 /opt/devkitpro/libnds/lib/libfat.a(directory.o)
                0x000000000200d5a4                _FAT_directory_addEntry
 .text._FAT_directory_chdir
                0x000000000200ddac       0x3c /opt/devkitpro/libnds/lib/libfat.a(directory.o)
                0x000000000200ddac                _FAT_directory_chdir
 .text._FAT_directory_entryStat
                0x000000000200dde8       0xe4 /opt/devkitpro/libnds/lib/libfat.a(directory.o)
                0x000000000200dde8                _FAT_directory_entryStat
 .text.isValidMBR
                0x000000000200decc       0x5c /opt/devkitpro/libnds/lib/libfat.a(partition.o)
 .text._FAT_updateFS_INFO
                0x000000000200df28       0x54 /opt/devkitpro/libnds/lib/libfat.a(partition.o)
 .text.FindFirstValidPartition_buf.part.0
                0x000000000200df7c      0x11c /opt/devkitpro/libnds/lib/libfat.a(partition.o)
 .text._FAT_partition_getPartitionFromPath
                0x000000000200e098       0x10 /opt/devkitpro/libnds/lib/libfat.a(partition.o)
                0x000000000200e098                _FAT_partition_getPartitionFromPath
 .text._FAT_partition_createFSinfo
                0x000000000200e0a8       0x50 /opt/devkitpro/libnds/lib/libfat.a(partition.o)
                0x000000000200e0a8                _FAT_partition_createFSinfo
 .text._FAT_partition_readFSinfo.part.0
                0x000000000200e0f8       0x74 /opt/devkitpro/libnds/lib/libfat.a(partition.o)
 .text._FAT_partition_constructor_buf
                0x000000000200e16c      0x2e8 /opt/devkitpro/libnds/lib/libfat.a(partition.o)
                0x000000000200e16c                _FAT_partition_constructor_buf
 .text._FAT_partition_constructor
                0x000000000200e454       0x40 /opt/devkitpro/libnds/lib/libfat.a(partition.o)
                0x000000000200e454                _FAT_partition_constructor
 .text._FAT_partition_readFSinfo
                0x000000000200e494       0x10 /opt/devkitpro/libnds/lib/libfat.a(partition.o)
                0x000000000200e494                _FAT_partition_readFSinfo
 .text._FAT_lock_init
                0x000000000200e4a4        0x4 /opt/devkitpro/libnds/lib/libfat.a(lock.o)
                0x000000000200e4a4                _FAT_lock_init
 .text._FAT_lock
                0x000000000200e4a8        0x4 /opt/devkitpro/libnds/lib/libfat.a(lock.o)
                0x000000000200e4a8                _FAT_lock
 .text._FAT_unlock
                0x000000000200e4ac        0x4 /opt/devkitpro/libnds/lib/libfat.a(lock.o)
                0x000000000200e4ac                _FAT_unlock
 .text._FAT_filetime_getTimeFromRTC
                0x000000000200e4b0       0x44 /opt/devkitpro/libnds/lib/libfat.a(filetime.o)
                0x000000000200e4b0                _FAT_filetime_getTimeFromRTC
 .text._FAT_filetime_getDateFromRTC
                0x000000000200e4f4       0x44 /opt/devkitpro/libnds/lib/libfat.a(filetime.o)
                0x000000000200e4f4                _FAT_filetime_getDateFromRTC
 .text._FAT_filetime_to_time_t
                0x000000000200e538       0x38 /opt/devkitpro/libnds/lib/libfat.a(filetime.o)
                0x000000000200e538                _FAT_filetime_to_time_t
 .text._FAT_fat_writeFatEntry.part.0.isra.0
                0x000000000200e570      0x12c /opt/devkitpro/libnds/lib/libfat.a(file_allocation_table.o)
 .text._FAT_fat_nextCluster
                0x000000000200e69c      0x108 /opt/devkitpro/libnds/lib/libfat.a(file_allocation_table.o)
                0x000000000200e69c                _FAT_fat_nextCluster
 .text._FAT_fat_linkFreeCluster
                0x000000000200e7a4       0xac /opt/devkitpro/libnds/lib/libfat.a(file_allocation_table.o)
                0x000000000200e7a4                _FAT_fat_linkFreeCluster
 .text._FAT_fat_linkFreeClusterCleared
                0x000000000200e850       0x68 /opt/devkitpro/libnds/lib/libfat.a(file_allocation_table.o)
                0x000000000200e850                _FAT_fat_linkFreeClusterCleared
 .text._FAT_fat_clearLinks
                0x000000000200e8b8       0x7c /opt/devkitpro/libnds/lib/libfat.a(file_allocation_table.o)
                0x000000000200e8b8                _FAT_fat_clearLinks
 .text._FAT_fat_trimChain
                0x000000000200e934       0x80 /opt/devkitpro/libnds/lib/libfat.a(file_allocation_table.o)
                0x000000000200e934                _FAT_fat_trimChain
 .text._FAT_fat_lastCluster
                0x000000000200e9b4       0x34 /opt/devkitpro/libnds/lib/libfat.a(file_allocation_table.o)
                0x000000000200e9b4                _FAT_fat_lastCluster
 .text._FAT_fat_freeClusterCount
                0x000000000200e9e8       0x2c /opt/devkitpro/libnds/lib/libfat.a(file_allocation_table.o)
                0x000000000200e9e8                _FAT_fat_freeClusterCount
 .text.setBrightness
                0x000000000200ea14       0x40 /opt/devkitpro/libnds/lib/libnds9.a(video.o)
                0x000000000200ea14                setBrightness
 .text.vramDefault
                0x000000000200ea54       0xd0 /opt/devkitpro/libnds/lib/libnds9.a(video.o)
                0x000000000200ea54                vramDefault
 .text.newRow   0x000000000200eb24       0xa8 /opt/devkitpro/libnds/lib/libnds9.a(console.o)
 .text.consolePrintChar
                0x000000000200ebcc       0xe0 /opt/devkitpro/libnds/lib/libnds9.a(console.o)
                0x000000000200ebcc                consolePrintChar
 .text.con_write
                0x000000000200ecac      0x36c /opt/devkitpro/libnds/lib/libnds9.a(console.o)
                0x000000000200ecac                con_write
 .text.consoleLoadFont
                0x000000000200f018      0x2a0 /opt/devkitpro/libnds/lib/libnds9.a(console.o)
                0x000000000200f018                consoleLoadFont
 .text.consoleInit
                0x000000000200f2b8      0x18c /opt/devkitpro/libnds/lib/libnds9.a(console.o)
                0x000000000200f2b8                consoleInit
 .text.consoleDemoInit
                0x000000000200f444       0x40 /opt/devkitpro/libnds/lib/libnds9.a(console.o)
                0x000000000200f444                consoleDemoInit
 .text.consoleClear
                0x000000000200f484       0x10 /opt/devkitpro/libnds/lib/libnds9.a(console.o)
                0x000000000200f484                consoleClear
 .text.soundEnable
                0x000000000200f494       0x10 /opt/devkitpro/libnds/lib/libnds9.a(sound.o)
                0x000000000200f494                soundEnable
 .text.soundPlaySample
                0x000000000200f4a4       0x68 /opt/devkitpro/libnds/lib/libnds9.a(sound.o)
                0x000000000200f4a4                soundPlaySample
 .text.soundKill
                0x000000000200f50c       0x14 /opt/devkitpro/libnds/lib/libnds9.a(sound.o)
                0x000000000200f50c                soundKill
 .text.oamInit  0x000000000200f520      0x114 /opt/devkitpro/libnds/lib/libnds9.a(sprite.o)
                0x000000000200f520                oamInit
 .text.oamGfxPtrToOffset
                0x000000000200f634       0x34 /opt/devkitpro/libnds/lib/libnds9.a(sprite.o)
                0x000000000200f634                oamGfxPtrToOffset
 .text.oamSet   0x000000000200f668      0x104 /opt/devkitpro/libnds/lib/libnds9.a(sprite.o)
                0x000000000200f668                oamSet
 .text.oamUpdate
                0x000000000200f76c       0x60 /opt/devkitpro/libnds/lib/libnds9.a(sprite.o)
                0x000000000200f76c                oamUpdate
 .text.oamRotateScale
                0x000000000200f7cc       0x4c /opt/devkitpro/libnds/lib/libnds9.a(sprite.o)
                0x000000000200f7cc                oamRotateScale
 .text.scanKeys
                0x000000000200f818       0x8c /opt/devkitpro/libnds/lib/libnds9.a(keys.o)
                0x000000000200f818                scanKeys
 .text.keysDown
                0x000000000200f8a4       0x14 /opt/devkitpro/libnds/lib/libnds9.a(keys.o)
                0x000000000200f8a4                keysDown
 .text.dldiGetInternal
                0x000000000200f8b8       0x34 /opt/devkitpro/libnds/lib/libnds9.a(dldi.o)
                0x000000000200f8b8                dldiGetInternal
 .text.get_io_dsisd
                0x000000000200f8ec       0x24 /opt/devkitpro/libnds/lib/libnds9.a(dldi.o)
                0x000000000200f8ec                get_io_dsisd
 .text.__syscall_gettod_r
                0x000000000200f910       0x28 /opt/devkitpro/libnds/lib/libnds9.a(initSystem.o)
                0x000000000200f910                __syscall_gettod_r
 .text.__syscall_exit
                0x000000000200f938        0x8 /opt/devkitpro/libnds/lib/libnds9.a(initSystem.o)
                0x000000000200f938                __syscall_exit
 .text.initSystem
                0x000000000200f940      0x180 /opt/devkitpro/libnds/lib/libnds9.a(initSystem.o)
                0x000000000200f940                initSystem
 .text.timerStart
                0x000000000200fac0       0x40 /opt/devkitpro/libnds/lib/libnds9.a(timers.o)
                0x000000000200fac0                timerStart
 .text.timerElapsed
                0x000000000200fb00       0x30 /opt/devkitpro/libnds/lib/libnds9.a(timers.o)
                0x000000000200fb00                timerElapsed
 .text.timerStop
                0x000000000200fb30       0x3c /opt/devkitpro/libnds/lib/libnds9.a(timers.o)
                0x000000000200fb30                timerStop
 .text.irqDummy
                0x000000000200fb6c        0x4 /opt/devkitpro/libnds/lib/libnds9.a(interrupts.o)
                0x000000000200fb6c                irqDummy
 .text.irqSet   0x000000000200fb70       0x6c /opt/devkitpro/libnds/lib/libnds9.a(interrupts.o)
                0x000000000200fb70                irqSet
 .text.irqInit  0x000000000200fbdc       0x50 /opt/devkitpro/libnds/lib/libnds9.a(interrupts.o)
                0x000000000200fbdc                irqInit
 .text.irqEnable
                0x000000000200fc2c       0x64 /opt/devkitpro/libnds/lib/libnds9.a(interrupts.o)
                0x000000000200fc2c                irqEnable
 .text.systemErrorExit
                0x000000000200fc90        0x4 /opt/devkitpro/libnds/lib/libnds9.a(libnds_exit.arm.o)
                0x000000000200fc90                systemErrorExit
 .text.__libnds_exit
                0x000000000200fc94       0x5c /opt/devkitpro/libnds/lib/libnds9.a(libnds_exit.arm.o)
                0x000000000200fc94                __libnds_exit
 .text.cardPolledTransfer
                0x000000000200fcf0       0x54 /opt/devkitpro/libnds/lib/libnds9.a(card.o)
                0x000000000200fcf0                cardPolledTransfer
 .text.cardParamCommand
                0x000000000200fd44       0x34 /opt/devkitpro/libnds/lib/libnds9.a(card.o)
                0x000000000200fd44                cardParamCommand
 .text.fifo_queueBlock
                0x000000000200fd78       0x44 /opt/devkitpro/libnds/lib/libnds9.a(fifosystem.o)
 .text.fifo_waitBlock
                0x000000000200fdbc       0x80 /opt/devkitpro/libnds/lib/libnds9.a(fifosystem.o)
 .text.fifoInternalSend.part.0
                0x000000000200fe3c       0xd4 /opt/devkitpro/libnds/lib/libnds9.a(fifosystem.o)
 .text.fifoInternalSendInterrupt
                0x000000000200ff10       0xb0 /opt/devkitpro/libnds/lib/libnds9.a(fifosystem.o)
 .text.fifoSetValue32Handler
                0x000000000200ffc0       0xd4 /opt/devkitpro/libnds/lib/libnds9.a(fifosystem.o)
                0x000000000200ffc0                fifoSetValue32Handler
 .text.fifoSendValue32
                0x0000000002010094       0x4c /opt/devkitpro/libnds/lib/libnds9.a(fifosystem.o)
                0x0000000002010094                fifoSendValue32
 .text.fifoSendDatamsg
                0x00000000020100e0       0x90 /opt/devkitpro/libnds/lib/libnds9.a(fifosystem.o)
                0x00000000020100e0                fifoSendDatamsg
 .text.fifoGetValue32
                0x0000000002010170       0x70 /opt/devkitpro/libnds/lib/libnds9.a(fifosystem.o)
                0x0000000002010170                fifoGetValue32
 .text.fifoGetDatamsg
                0x00000000020101e0       0xf4 /opt/devkitpro/libnds/lib/libnds9.a(fifosystem.o)
                0x00000000020101e0                fifoGetDatamsg
 .text.fifoInternalRecvInterrupt
                0x00000000020102d4      0x37c /opt/devkitpro/libnds/lib/libnds9.a(fifosystem.o)
 .text.fifoSetDatamsgHandler
                0x0000000002010650       0x9c /opt/devkitpro/libnds/lib/libnds9.a(fifosystem.o)
                0x0000000002010650                fifoSetDatamsgHandler
 .text.fifoCheckValue32
                0x00000000020106ec       0x24 /opt/devkitpro/libnds/lib/libnds9.a(fifosystem.o)
                0x00000000020106ec                fifoCheckValue32
 .text.fifoInit
                0x0000000002010710      0x108 /opt/devkitpro/libnds/lib/libnds9.a(fifosystem.o)
                0x0000000002010710                fifoInit
 .text.DC_FlushRange
                0x0000000002010818       0x24 /opt/devkitpro/libnds/lib/libnds9.a(dcache.o)
                0x0000000002010818                DC_FlushRange
 .text.DC_InvalidateRange
                0x000000000201083c       0x2c /opt/devkitpro/libnds/lib/libnds9.a(dcache.o)
                0x000000000201083c                DC_InvalidateRange
 .text.__libnds_mpu_setup
                0x0000000002010868      0x174 /opt/devkitpro/libnds/lib/libnds9.a(mpu_setup.o)
                0x0000000002010868                __libnds_mpu_setup
 .text.memUncached
                0x00000000020109dc       0x20 /opt/devkitpro/libnds/lib/libnds9.a(mpu_setup.o)
                0x00000000020109dc                memUncached
 .text.swiWaitForVBlank
                0x00000000020109fc        0x8 /opt/devkitpro/libnds/lib/libnds9.a(IntrWait.o)
                0x00000000020109fc                swiWaitForVBlank
 .text.swiIntrWait
                0x0000000002010a04       0x70 /opt/devkitpro/libnds/lib/libnds9.a(IntrWait.o)
                0x0000000002010a04                swiIntrWait
 .text.setCpuClock
                0x0000000002010a74       0x50 /opt/devkitpro/libnds/lib/libnds9.a(cpu_clock.o)
                0x0000000002010a74                setCpuClock
 .text.swiDelay
                0x0000000002010ac4        0x4 /opt/devkitpro/libnds/lib/libnds9.a(biosCalls.o)
                0x0000000002010ac4                swiDelay
 .text.swiSoftReset
                0x0000000002010ac8       0x2c /opt/devkitpro/libnds/lib/libnds9.a(swiSoftReset.o)
                0x0000000002010ac8                swiSoftReset
 .text.checkIfText
                0x0000000002010af4       0x5c /opt/devkitpro/libnds/lib/libnds9.a(background.o)
                0x0000000002010af4                checkIfText
 .text.bgUpdate
                0x0000000002010b50       0xf4 /opt/devkitpro/libnds/lib/libnds9.a(background.o)
                0x0000000002010b50                bgUpdate
 .text.bgInit_call
                0x0000000002010c44       0xc4 /opt/devkitpro/libnds/lib/libnds9.a(background.o)
                0x0000000002010c44                bgInit_call
 .text.bgInitSub_call
                0x0000000002010d08       0xcc /opt/devkitpro/libnds/lib/libnds9.a(background.o)
                0x0000000002010d08                bgInitSub_call
 .text.sinLutLookup
                0x0000000002010dd4       0x4c /opt/devkitpro/libnds/lib/libnds9.a(trig.o)
                0x0000000002010dd4                sinLutLookup
 .text.sinLerp  0x0000000002010e20       0x40 /opt/devkitpro/libnds/lib/libnds9.a(trig.o)
                0x0000000002010e20                sinLerp
 .text.cosLerp  0x0000000002010e60       0x4c /opt/devkitpro/libnds/lib/libnds9.a(trig.o)
                0x0000000002010e60                cosLerp
 .text.oamAllocReset
                0x0000000002010eac       0x1c /opt/devkitpro/libnds/lib/libnds9.a(sprite_alloc.o)
                0x0000000002010eac                oamAllocReset
 .text.systemValueHandler
                0x0000000002010ec8       0x48 /opt/devkitpro/libnds/lib/libnds9.a(system.o)
                0x0000000002010ec8                systemValueHandler
 .text.systemMsgHandler
                0x0000000002010f10       0x60 /opt/devkitpro/libnds/lib/libnds9.a(system.o)
                0x0000000002010f10                systemMsgHandler
 .text.powerOn  0x0000000002010f70       0x2c /opt/devkitpro/libnds/lib/libnds9.a(system.o)
                0x0000000002010f70                powerOn
 .text.__muldi3
                0x0000000002010f9c       0x64 /opt/devkitpro/devkitARM/bin/../lib/gcc/arm-none-eabi/12.1.0/thumb/libgcc.a(_muldi3.o)
                0x0000000002010f9c                __aeabi_lmul
                0x0000000002010f9c                __muldi3
 .text.__udivmoddi4
                0x0000000002011000      0x19c /opt/devkitpro/devkitARM/bin/../lib/gcc/arm-none-eabi/12.1.0/thumb/libgcc.a(_udivmoddi4.o)
                0x0000000002011000                __udivmoddi4
 .text.calloc   0x000000000201119c       0x18 /opt/devkitpro/devkitARM/bin/../lib/gcc/arm-none-eabi/12.1.0/../../../../arm-none-eabi/lib/thumb/libg.a(lib_a-calloc.o)
                0x000000000201119c                calloc
 .text._calloc_r
                0x00000000020111b4       0xb8 /opt/devkitpro/devkitARM/bin/../lib/gcc/arm-none-eabi/12.1.0/../../../../arm-none-eabi/lib/thumb/libg.a(lib_a-callocr.o)
                0x00000000020111b4                _calloc_r
 .text.__errno  0x000000000201126c        0xc /opt/devkitpro/devkitARM/bin/../lib/gcc/arm-none-eabi/12.1.0/../../../../arm-none-eabi/lib/thumb/libg.a(lib_a-errno.o)
                0x000000000201126c                __errno
 .text._fclose_r
                0x0000000002011278       0xe4 /opt/devkitpro/devkitARM/bin/../lib/gcc/arm-none-eabi/12.1.0/../../../../arm-none-eabi/lib/thumb/libg.a(lib_a-fclose.o)
                0x0000000002011278                _fclose_r
 .text.fclose   0x000000000201135c       0x14 /opt/devkitpro/devkitARM/bin/../lib/gcc/arm-none-eabi/12.1.0/../../../../arm-none-eabi/lib/thumb/libg.a(lib_a-fclose.o)
                0x000000000201135c                fclose
 .text.__sflush_r
                0x0000000002011370      0x18c /opt/devkitpro/devkitARM/bin/../lib/gcc/arm-none-eabi/12.1.0/../../../../arm-none-eabi/lib/thumb/libg.a(lib_a-fflush.o)
                0x0000000002011370                __sflush_r
 .text._fflush_r
                0x00000000020114fc       0x70 /opt/devkitpro/devkitARM/bin/../lib/gcc/arm-none-eabi/12.1.0/../../../../arm-none-eabi/lib/thumb/libg.a(lib_a-fflush.o)
                0x00000000020114fc                _fflush_r
 .text.fflush   0x000000000201156c       0x2c /opt/devkitpro/devkitARM/bin/../lib/gcc/arm-none-eabi/12.1.0/../../../../arm-none-eabi/lib/thumb/libg.a(lib_a-fflush.o)
                0x000000000201156c                fflush
 .text._cleanup_r
                0x0000000002011598       0x14 /opt/devkitpro/devkitARM/bin/../lib/gcc/arm-none-eabi/12.1.0/../../../../arm-none-eabi/lib/thumb/libg.a(lib_a-findfp.o)
                0x0000000002011598                _cleanup_r
 .text.__sinit  0x00000000020115ac      0x124 /opt/devkitpro/devkitARM/bin/../lib/gcc/arm-none-eabi/12.1.0/../../../../arm-none-eabi/lib/thumb/libg.a(lib_a-findfp.o)
                0x00000000020115ac                __sinit
 .text.__sfp    0x00000000020116d0       0xd4 /opt/devkitpro/devkitARM/bin/../lib/gcc/arm-none-eabi/12.1.0/../../../../arm-none-eabi/lib/thumb/libg.a(lib_a-findfp.o)
                0x00000000020116d0                __sfp
 .text.__sfp_lock_acquire
                0x00000000020117a4       0x14 /opt/devkitpro/devkitARM/bin/../lib/gcc/arm-none-eabi/12.1.0/../../../../arm-none-eabi/lib/thumb/libg.a(lib_a-findfp.o)
                0x00000000020117a4                __sfp_lock_acquire
 .text.__sfp_lock_release
                0x00000000020117b8       0x14 /opt/devkitpro/devkitARM/bin/../lib/gcc/arm-none-eabi/12.1.0/../../../../arm-none-eabi/lib/thumb/libg.a(lib_a-findfp.o)
                0x00000000020117b8                __sfp_lock_release
 .text._fopen_r
                0x00000000020117cc       0xbc /opt/devkitpro/devkitARM/bin/../lib/gcc/arm-none-eabi/12.1.0/../../../../arm-none-eabi/lib/thumb/libg.a(lib_a-fopen.o)
                0x00000000020117cc                _fopen_r
 .text.fopen    0x0000000002011888       0x18 /opt/devkitpro/devkitARM/bin/../lib/gcc/arm-none-eabi/12.1.0/../../../../arm-none-eabi/lib/thumb/libg.a(lib_a-fopen.o)
                0x0000000002011888                fopen
 .text._fread_r
                0x00000000020118a0      0x1e4 /opt/devkitpro/devkitARM/bin/../lib/gcc/arm-none-eabi/12.1.0/../../../../arm-none-eabi/lib/thumb/libg.a(lib_a-fread.o)
                0x00000000020118a0                _fread_r
 .text.fread    0x0000000002011a84       0x24 /opt/devkitpro/devkitARM/bin/../lib/gcc/arm-none-eabi/12.1.0/../../../../arm-none-eabi/lib/thumb/libg.a(lib_a-fread.o)
                0x0000000002011a84                fread
 .text._malloc_trim_r
                0x0000000002011aa8       0xac /opt/devkitpro/devkitARM/bin/../lib/gcc/arm-none-eabi/12.1.0/../../../../arm-none-eabi/lib/thumb/libg.a(lib_a-freer.o)
                0x0000000002011aa8                _malloc_trim_r
 .text._free_r  0x0000000002011b54      0x1d8 /opt/devkitpro/devkitARM/bin/../lib/gcc/arm-none-eabi/12.1.0/../../../../arm-none-eabi/lib/thumb/libg.a(lib_a-freer.o)
                0x0000000002011b54                _free_r
 .text._fseek_r
                0x0000000002011d2c       0x18 /opt/devkitpro/devkitARM/bin/../lib/gcc/arm-none-eabi/12.1.0/../../../../arm-none-eabi/lib/thumb/libg.a(lib_a-fseek.o)
                0x0000000002011d2c                _fseek_r
 .text.fseek    0x0000000002011d44       0x24 /opt/devkitpro/devkitARM/bin/../lib/gcc/arm-none-eabi/12.1.0/../../../../arm-none-eabi/lib/thumb/libg.a(lib_a-fseek.o)
                0x0000000002011d44                fseek
 .text._fseeko_r
                0x0000000002011d68      0x410 /opt/devkitpro/devkitARM/bin/../lib/gcc/arm-none-eabi/12.1.0/../../../../arm-none-eabi/lib/thumb/libg.a(lib_a-fseeko.o)
                0x0000000002011d68                _fseeko_r
 .text.ftell    0x0000000002012178       0x24 /opt/devkitpro/devkitARM/bin/../lib/gcc/arm-none-eabi/12.1.0/../../../../arm-none-eabi/lib/thumb/libg.a(lib_a-ftell.o)
                0x0000000002012178                ftell
 .text._ftello_r
                0x000000000201219c      0x11c /opt/devkitpro/devkitARM/bin/../lib/gcc/arm-none-eabi/12.1.0/../../../../arm-none-eabi/lib/thumb/libg.a(lib_a-ftello.o)
                0x000000000201219c                _ftello_r
 .text._fwalk   0x00000000020122b8       0x48 /opt/devkitpro/devkitARM/bin/../lib/gcc/arm-none-eabi/12.1.0/../../../../arm-none-eabi/lib/thumb/libg.a(lib_a-fwalk.o)
                0x00000000020122b8                _fwalk
 .text._fwalk_reent
                0x0000000002012300       0x50 /opt/devkitpro/devkitARM/bin/../lib/gcc/arm-none-eabi/12.1.0/../../../../arm-none-eabi/lib/thumb/libg.a(lib_a-fwalk.o)
                0x0000000002012300                _fwalk_reent
 .text.__libc_init_array
                0x0000000002012350       0x54 /opt/devkitpro/devkitARM/bin/../lib/gcc/arm-none-eabi/12.1.0/../../../../arm-none-eabi/lib/thumb/libg.a(lib_a-init.o)
                0x0000000002012350                __libc_init_array
 .text.iprintf  0x00000000020123a4       0x24 /opt/devkitpro/devkitARM/bin/../lib/gcc/arm-none-eabi/12.1.0/../../../../arm-none-eabi/lib/thumb/libg.a(lib_a-iprintf.o)
                0x00000000020123a4                iprintf
 .text.localtime_r
                0x00000000020123c8      0x228 /opt/devkitpro/devkitARM/bin/../lib/gcc/arm-none-eabi/12.1.0/../../../../arm-none-eabi/lib/thumb/libg.a(lib_a-lcltime_r.o)
                0x00000000020123c8                localtime_r
 .text.__locale_mb_cur_max
                0x00000000020125f0       0x10 /opt/devkitpro/devkitARM/bin/../lib/gcc/arm-none-eabi/12.1.0/../../../../arm-none-eabi/lib/thumb/libg.a(lib_a-locale.o)
                0x00000000020125f0                __locale_mb_cur_max
 .text.__smakebuf_r
                0x0000000002012600       0xf0 /opt/devkitpro/devkitARM/bin/../lib/gcc/arm-none-eabi/12.1.0/../../../../arm-none-eabi/lib/thumb/libg.a(lib_a-makebuf.o)
                0x0000000002012600                __smakebuf_r
 .text.__swhatbuf_r
                0x00000000020126f0       0x5c /opt/devkitpro/devkitARM/bin/../lib/gcc/arm-none-eabi/12.1.0/../../../../arm-none-eabi/lib/thumb/libg.a(lib_a-makebuf.o)
                0x00000000020126f0                __swhatbuf_r
 .text.malloc   0x000000000201274c       0x14 /opt/devkitpro/devkitARM/bin/../lib/gcc/arm-none-eabi/12.1.0/../../../../arm-none-eabi/lib/thumb/libg.a(lib_a-malloc.o)
                0x000000000201274c                malloc
 .text.free     0x0000000002012760       0x14 /opt/devkitpro/devkitARM/bin/../lib/gcc/arm-none-eabi/12.1.0/../../../../arm-none-eabi/lib/thumb/libg.a(lib_a-malloc.o)
                0x0000000002012760                free
 .text._malloc_r
                0x0000000002012774      0x560 /opt/devkitpro/devkitARM/bin/../lib/gcc/arm-none-eabi/12.1.0/../../../../arm-none-eabi/lib/thumb/libg.a(lib_a-mallocr.o)
                0x0000000002012774                _malloc_r
 .text._mbrtowc_r
                0x0000000002012cd4       0x60 /opt/devkitpro/devkitARM/bin/../lib/gcc/arm-none-eabi/12.1.0/../../../../arm-none-eabi/lib/thumb/libg.a(lib_a-mbrtowc.o)
                0x0000000002012cd4                _mbrtowc_r
 .text.mbrtowc  0x0000000002012d34       0x7c /opt/devkitpro/devkitARM/bin/../lib/gcc/arm-none-eabi/12.1.0/../../../../arm-none-eabi/lib/thumb/libg.a(lib_a-mbrtowc.o)
                0x0000000002012d34                mbrtowc
 .text.mbsrtowcs
                0x0000000002012db0       0x28 /opt/devkitpro/devkitARM/bin/../lib/gcc/arm-none-eabi/12.1.0/../../../../arm-none-eabi/lib/thumb/libg.a(lib_a-mbsrtowcs.o)
                0x0000000002012db0                mbsrtowcs
 .text.__utf8_mbtowc
                0x0000000002012dd8      0x27c /opt/devkitpro/devkitARM/bin/../lib/gcc/arm-none-eabi/12.1.0/../../../../arm-none-eabi/lib/thumb/libg.a(lib_a-mbtowc_r.o)
                0x0000000002012dd8                __utf8_mbtowc
 .text.memcmp   0x0000000002013054       0x48 /opt/devkitpro/devkitARM/bin/../lib/gcc/arm-none-eabi/12.1.0/../../../../arm-none-eabi/lib/thumb/libg.a(lib_a-memcmp.o)
                0x0000000002013054                memcmp
 .text.memcpy   0x000000000201309c       0x94 /opt/devkitpro/devkitARM/bin/../lib/gcc/arm-none-eabi/12.1.0/../../../../arm-none-eabi/lib/thumb/libg.a(lib_a-memcpy-stub.o)
                0x000000000201309c                memcpy
 .text.memmove  0x0000000002013130       0xc0 /opt/devkitpro/devkitARM/bin/../lib/gcc/arm-none-eabi/12.1.0/../../../../arm-none-eabi/lib/thumb/libg.a(lib_a-memmove.o)
                0x0000000002013130                memmove
 .text.memset   0x00000000020131f0       0xb0 /opt/devkitpro/devkitARM/bin/../lib/gcc/arm-none-eabi/12.1.0/../../../../arm-none-eabi/lib/thumb/libg.a(lib_a-memset.o)
                0x00000000020131f0                memset
 .text.validate_structure
                0x00000000020132a0      0x1d4 /opt/devkitpro/devkitARM/bin/../lib/gcc/arm-none-eabi/12.1.0/../../../../arm-none-eabi/lib/thumb/libg.a(lib_a-mktime.o)
 .text.mktime   0x0000000002013474      0x434 /opt/devkitpro/devkitARM/bin/../lib/gcc/arm-none-eabi/12.1.0/../../../../arm-none-eabi/lib/thumb/libg.a(lib_a-mktime.o)
                0x0000000002013474                mktime
 .text.__malloc_lock
                0x00000000020138a8       0x14 /opt/devkitpro/devkitARM/bin/../lib/gcc/arm-none-eabi/12.1.0/../../../../arm-none-eabi/lib/thumb/libg.a(lib_a-mlock.o)
                0x00000000020138a8                __malloc_lock
 .text.__malloc_unlock
                0x00000000020138bc       0x14 /opt/devkitpro/devkitARM/bin/../lib/gcc/arm-none-eabi/12.1.0/../../../../arm-none-eabi/lib/thumb/libg.a(lib_a-mlock.o)
                0x00000000020138bc                __malloc_unlock
 .text.realloc  0x00000000020138d0       0x18 /opt/devkitpro/devkitARM/bin/../lib/gcc/arm-none-eabi/12.1.0/../../../../arm-none-eabi/lib/thumb/libg.a(lib_a-realloc.o)
                0x00000000020138d0                realloc
 .text._realloc_r
                0x00000000020138e8      0x384 /opt/devkitpro/devkitARM/bin/../lib/gcc/arm-none-eabi/12.1.0/../../../../arm-none-eabi/lib/thumb/libg.a(lib_a-reallocr.o)
                0x00000000020138e8                _realloc_r
 .text.lflush   0x0000000002013c6c       0x20 /opt/devkitpro/devkitARM/bin/../lib/gcc/arm-none-eabi/12.1.0/../../../../arm-none-eabi/lib/thumb/libg.a(lib_a-refill.o)
 .text.__srefill_r
                0x0000000002013c8c      0x108 /opt/devkitpro/devkitARM/bin/../lib/gcc/arm-none-eabi/12.1.0/../../../../arm-none-eabi/lib/thumb/libg.a(lib_a-refill.o)
                0x0000000002013c8c                __srefill_r
 .text.rewind   0x0000000002013d94       0x20 /opt/devkitpro/devkitARM/bin/../lib/gcc/arm-none-eabi/12.1.0/../../../../arm-none-eabi/lib/thumb/libg.a(lib_a-rewind.o)
                0x0000000002013d94                rewind
 .text.setvbuf  0x0000000002013db4      0x19c /opt/devkitpro/devkitARM/bin/../lib/gcc/arm-none-eabi/12.1.0/../../../../arm-none-eabi/lib/thumb/libg.a(lib_a-setvbuf.o)
                0x0000000002013db4                setvbuf
 .text.siscanf  0x0000000002013f50       0x4c /opt/devkitpro/devkitARM/bin/../lib/gcc/arm-none-eabi/12.1.0/../../../../arm-none-eabi/lib/thumb/libg.a(lib_a-siscanf.o)
                0x0000000002013f50                siscanf
 .text.sprintf  0x0000000002013f9c       0x40 /opt/devkitpro/devkitARM/bin/../lib/gcc/arm-none-eabi/12.1.0/../../../../arm-none-eabi/lib/thumb/libg.a(lib_a-sprintf.o)
                0x0000000002013f9c                sprintf
 .text.__sread  0x0000000002013fdc       0x34 /opt/devkitpro/devkitARM/bin/../lib/gcc/arm-none-eabi/12.1.0/../../../../arm-none-eabi/lib/thumb/libg.a(lib_a-stdio.o)
                0x0000000002013fdc                __sread
 .text.__seofread
                0x0000000002014010        0x4 /opt/devkitpro/devkitARM/bin/../lib/gcc/arm-none-eabi/12.1.0/../../../../arm-none-eabi/lib/thumb/libg.a(lib_a-stdio.o)
                0x0000000002014010                __seofread
 .text.__swrite
                0x0000000002014014       0x4c /opt/devkitpro/devkitARM/bin/../lib/gcc/arm-none-eabi/12.1.0/../../../../arm-none-eabi/lib/thumb/libg.a(lib_a-stdio.o)
                0x0000000002014014                __swrite
 .text.__sseek  0x0000000002014060       0x44 /opt/devkitpro/devkitARM/bin/../lib/gcc/arm-none-eabi/12.1.0/../../../../arm-none-eabi/lib/thumb/libg.a(lib_a-stdio.o)
                0x0000000002014060                __sseek
 .text.__sclose
                0x00000000020140a4       0x10 /opt/devkitpro/devkitARM/bin/../lib/gcc/arm-none-eabi/12.1.0/../../../../arm-none-eabi/lib/thumb/libg.a(lib_a-stdio.o)
                0x00000000020140a4                __sclose
 .text.stpcpy   0x00000000020140b4       0x48 /opt/devkitpro/devkitARM/bin/../lib/gcc/arm-none-eabi/12.1.0/../../../../arm-none-eabi/lib/thumb/libg.a(lib_a-stpcpy.o)
                0x00000000020140b4                stpcpy
 .text.strcasecmp
                0x00000000020140fc       0x48 /opt/devkitpro/devkitARM/bin/../lib/gcc/arm-none-eabi/12.1.0/../../../../arm-none-eabi/lib/thumb/libg.a(lib_a-strcasecmp.o)
                0x00000000020140fc                strcasecmp
 .text.strchr   0x0000000002014144       0xc8 /opt/devkitpro/devkitARM/bin/../lib/gcc/arm-none-eabi/12.1.0/../../../../arm-none-eabi/lib/thumb/libg.a(lib_a-strchr.o)
                0x0000000002014144                strchr
 .text.strcpy   0x000000000201420c       0x10 /opt/devkitpro/devkitARM/bin/../lib/gcc/arm-none-eabi/12.1.0/../../../../arm-none-eabi/lib/thumb/libg.a(lib_a-strcpy.o)
                0x000000000201420c                strcpy
 .text.strdup   0x000000000201421c       0x14 /opt/devkitpro/devkitARM/bin/../lib/gcc/arm-none-eabi/12.1.0/../../../../arm-none-eabi/lib/thumb/libg.a(lib_a-strdup.o)
                0x000000000201421c                strdup
 .text._strdup_r
                0x0000000002014230       0x2c /opt/devkitpro/devkitARM/bin/../lib/gcc/arm-none-eabi/12.1.0/../../../../arm-none-eabi/lib/thumb/libg.a(lib_a-strdup_r.o)
                0x0000000002014230                _strdup_r
 .text.strlen   0x000000000201425c       0x60 /opt/devkitpro/devkitARM/bin/../lib/gcc/arm-none-eabi/12.1.0/../../../../arm-none-eabi/lib/thumb/libg.a(lib_a-strlen-stub.o)
                0x000000000201425c                strlen
 .text.strncasecmp
                0x00000000020142bc       0x54 /opt/devkitpro/devkitARM/bin/../lib/gcc/arm-none-eabi/12.1.0/../../../../arm-none-eabi/lib/thumb/libg.a(lib_a-strncasecmp.o)
                0x00000000020142bc                strncasecmp
 .text.strncmp  0x0000000002014310       0x78 /opt/devkitpro/devkitARM/bin/../lib/gcc/arm-none-eabi/12.1.0/../../../../arm-none-eabi/lib/thumb/libg.a(lib_a-strncmp.o)
                0x0000000002014310                strncmp
 .text.strncpy  0x0000000002014388       0x68 /opt/devkitpro/devkitARM/bin/../lib/gcc/arm-none-eabi/12.1.0/../../../../arm-none-eabi/lib/thumb/libg.a(lib_a-strncpy.o)
                0x0000000002014388                strncpy
 .text.strnlen  0x00000000020143f0       0x28 /opt/devkitpro/devkitARM/bin/../lib/gcc/arm-none-eabi/12.1.0/../../../../arm-none-eabi/lib/thumb/libg.a(lib_a-strnlen.o)
                0x00000000020143f0                strnlen
 .text.strpbrk  0x0000000002014418       0x4c /opt/devkitpro/devkitARM/bin/../lib/gcc/arm-none-eabi/12.1.0/../../../../arm-none-eabi/lib/thumb/libg.a(lib_a-strpbrk.o)
                0x0000000002014418                strpbrk
 .text.strrchr  0x0000000002014464       0x30 /opt/devkitpro/devkitARM/bin/../lib/gcc/arm-none-eabi/12.1.0/../../../../arm-none-eabi/lib/thumb/libg.a(lib_a-strrchr.o)
                0x0000000002014464                strrchr
 .text._strtol_l.part.0
                0x0000000002014494      0x144 /opt/devkitpro/devkitARM/bin/../lib/gcc/arm-none-eabi/12.1.0/../../../../arm-none-eabi/lib/thumb/libg.a(lib_a-strtol.o)
 .text._strtol_r
                0x00000000020145d8       0x20 /opt/devkitpro/devkitARM/bin/../lib/gcc/arm-none-eabi/12.1.0/../../../../arm-none-eabi/lib/thumb/libg.a(lib_a-strtol.o)
                0x00000000020145d8                _strtol_r
 .text.get_arg  0x00000000020145f8       0x32 /opt/devkitpro/devkitARM/bin/../lib/gcc/arm-none-eabi/12.1.0/../../../../arm-none-eabi/lib/thumb/libg.a(lib_a-svfiscanf.o)
 .text._sungetc_r
                0x000000000201462a       0x7e /opt/devkitpro/devkitARM/bin/../lib/gcc/arm-none-eabi/12.1.0/../../../../arm-none-eabi/lib/thumb/libg.a(lib_a-svfiscanf.o)
                0x000000000201462a                _sungetc_r
 .text.__ssrefill_r
                0x00000000020146a8       0x42 /opt/devkitpro/devkitARM/bin/../lib/gcc/arm-none-eabi/12.1.0/../../../../arm-none-eabi/lib/thumb/libg.a(lib_a-svfiscanf.o)
                0x00000000020146a8                __ssrefill_r
 .text._sfread_r
                0x00000000020146ea       0x88 /opt/devkitpro/devkitARM/bin/../lib/gcc/arm-none-eabi/12.1.0/../../../../arm-none-eabi/lib/thumb/libg.a(lib_a-svfiscanf.o)
                0x00000000020146ea                _sfread_r
 *fill*         0x0000000002014772        0x2 ff
 .text.__ssvfiscanf_r
                0x0000000002014774     0x1ae0 /opt/devkitpro/devkitARM/bin/../lib/gcc/arm-none-eabi/12.1.0/../../../../arm-none-eabi/lib/thumb/libg.a(lib_a-svfiscanf.o)
                0x0000000002014774                __ssvfiscanf_r
 .text.get_arg  0x0000000002016254      0x42c /opt/devkitpro/devkitARM/bin/../lib/gcc/arm-none-eabi/12.1.0/../../../../arm-none-eabi/lib/thumb/libg.a(lib_a-svfprintf.o)
 .text._svfprintf_r
                0x0000000002016680     0x22fc /opt/devkitpro/devkitARM/bin/../lib/gcc/arm-none-eabi/12.1.0/../../../../arm-none-eabi/lib/thumb/libg.a(lib_a-svfprintf.o)
                0x0000000002016680                _svfprintf_r
 .text.lseek    0x000000000201897c       0x24 /opt/devkitpro/devkitARM/bin/../lib/gcc/arm-none-eabi/12.1.0/../../../../arm-none-eabi/lib/thumb/libg.a(lib_a-syslseek.o)
                0x000000000201897c                lseek
 .text.open     0x00000000020189a0       0x28 /opt/devkitpro/devkitARM/bin/../lib/gcc/arm-none-eabi/12.1.0/../../../../arm-none-eabi/lib/thumb/libg.a(lib_a-sysopen.o)
                0x00000000020189a0                open
 .text.read     0x00000000020189c8       0x1c /opt/devkitpro/devkitARM/bin/../lib/gcc/arm-none-eabi/12.1.0/../../../../arm-none-eabi/lib/thumb/libg.a(lib_a-sysread.o)
                0x00000000020189c8                read
 .text.time     0x00000000020189e4       0x34 /opt/devkitpro/devkitARM/bin/../lib/gcc/arm-none-eabi/12.1.0/../../../../arm-none-eabi/lib/thumb/libg.a(lib_a-time.o)
                0x00000000020189e4                time
 .text.towlower
                0x0000000002018a18       0x10 /opt/devkitpro/devkitARM/bin/../lib/gcc/arm-none-eabi/12.1.0/../../../../arm-none-eabi/lib/thumb/libg.a(lib_a-towlower.o)
                0x0000000002018a18                towlower
 .text.towupper
                0x0000000002018a28       0x10 /opt/devkitpro/devkitARM/bin/../lib/gcc/arm-none-eabi/12.1.0/../../../../arm-none-eabi/lib/thumb/libg.a(lib_a-towupper.o)
                0x0000000002018a28                towupper
 .text.__tzcalc_limits
                0x0000000002018a38      0x1b0 /opt/devkitpro/devkitARM/bin/../lib/gcc/arm-none-eabi/12.1.0/../../../../arm-none-eabi/lib/thumb/libg.a(lib_a-tzcalc_limits.o)
                0x0000000002018a38                __tzcalc_limits
 .text.__tz_lock
                0x0000000002018be8       0x14 /opt/devkitpro/devkitARM/bin/../lib/gcc/arm-none-eabi/12.1.0/../../../../arm-none-eabi/lib/thumb/libg.a(lib_a-tzlock.o)
                0x0000000002018be8                __tz_lock
 .text.__tz_unlock
                0x0000000002018bfc       0x14 /opt/devkitpro/devkitARM/bin/../lib/gcc/arm-none-eabi/12.1.0/../../../../arm-none-eabi/lib/thumb/libg.a(lib_a-tzlock.o)
                0x0000000002018bfc                __tz_unlock
 .text._tzset_unlocked
                0x0000000002018c10       0x10 /opt/devkitpro/devkitARM/bin/../lib/gcc/arm-none-eabi/12.1.0/../../../../arm-none-eabi/lib/thumb/libg.a(lib_a-tzset.o)
                0x0000000002018c10                _tzset_unlocked
 .text._tzset_unlocked_r
                0x0000000002018c20      0x360 /opt/devkitpro/devkitARM/bin/../lib/gcc/arm-none-eabi/12.1.0/../../../../arm-none-eabi/lib/thumb/libg.a(lib_a-tzset_r.o)
                0x0000000002018c20                _tzset_unlocked_r
 .text.__submore
                0x0000000002018f80       0x88 /opt/devkitpro/devkitARM/bin/../lib/gcc/arm-none-eabi/12.1.0/../../../../arm-none-eabi/lib/thumb/libg.a(lib_a-ungetc.o)
                0x0000000002018f80                __submore
 .text.get_arg  0x0000000002019008      0x42c /opt/devkitpro/devkitARM/bin/../lib/gcc/arm-none-eabi/12.1.0/../../../../arm-none-eabi/lib/thumb/libg.a(lib_a-vfiprintf.o)
 .text.__sprint_r
                0x0000000002019434       0x24 /opt/devkitpro/devkitARM/bin/../lib/gcc/arm-none-eabi/12.1.0/../../../../arm-none-eabi/lib/thumb/libg.a(lib_a-vfiprintf.o)
                0x0000000002019434                __sprint_r
 .text._vfiprintf_r
                0x0000000002019458     0x173c /opt/devkitpro/devkitARM/bin/../lib/gcc/arm-none-eabi/12.1.0/../../../../arm-none-eabi/lib/thumb/libg.a(lib_a-vfiprintf.o)
                0x0000000002019458                _vfiprintf_r
 .text.__sbprintf
                0x000000000201ab94       0x8c /opt/devkitpro/devkitARM/bin/../lib/gcc/arm-none-eabi/12.1.0/../../../../arm-none-eabi/lib/thumb/libg.a(lib_a-vfiprintf.o)
 .text._wcrtomb_r
                0x000000000201ac20       0x5c /opt/devkitpro/devkitARM/bin/../lib/gcc/arm-none-eabi/12.1.0/../../../../arm-none-eabi/lib/thumb/libg.a(lib_a-wcrtomb.o)
                0x000000000201ac20                _wcrtomb_r
 .text.wcrtomb  0x000000000201ac7c       0x74 /opt/devkitpro/devkitARM/bin/../lib/gcc/arm-none-eabi/12.1.0/../../../../arm-none-eabi/lib/thumb/libg.a(lib_a-wcrtomb.o)
                0x000000000201ac7c                wcrtomb
 .text._wcsrtombs_r
                0x000000000201acf0       0x1c /opt/devkitpro/devkitARM/bin/../lib/gcc/arm-none-eabi/12.1.0/../../../../arm-none-eabi/lib/thumb/libg.a(lib_a-wcsrtombs.o)
                0x000000000201acf0                _wcsrtombs_r
 .text.wctob    0x000000000201ad0c       0x48 /opt/devkitpro/devkitARM/bin/../lib/gcc/arm-none-eabi/12.1.0/../../../../arm-none-eabi/lib/thumb/libg.a(lib_a-wctob.o)
                0x000000000201ad0c                wctob
 .text.__utf8_wctomb
                0x000000000201ad54       0xb4 /opt/devkitpro/devkitARM/bin/../lib/gcc/arm-none-eabi/12.1.0/../../../../arm-none-eabi/lib/thumb/libg.a(lib_a-wctomb_r.o)
                0x000000000201ad54                __utf8_wctomb
 .text.__swsetup_r
                0x000000000201ae08       0xd0 /opt/devkitpro/devkitARM/bin/../lib/gcc/arm-none-eabi/12.1.0/../../../../arm-none-eabi/lib/thumb/libg.a(lib_a-wsetup.o)
                0x000000000201ae08                __swsetup_r
 .text.div      0x000000000201aed8       0x18 /opt/devkitpro/devkitARM/bin/../lib/gcc/arm-none-eabi/12.1.0/../../../../arm-none-eabi/lib/thumb/libg.a(lib_a-div.o)
                0x000000000201aed8                div
 .text.quorem   0x000000000201aef0      0x158 /opt/devkitpro/devkitARM/bin/../lib/gcc/arm-none-eabi/12.1.0/../../../../arm-none-eabi/lib/thumb/libg.a(lib_a-dtoa.o)
 .text._dtoa_r  0x000000000201b048      0xfcc /opt/devkitpro/devkitARM/bin/../lib/gcc/arm-none-eabi/12.1.0/../../../../arm-none-eabi/lib/thumb/libg.a(lib_a-dtoa.o)
                0x000000000201b048                _dtoa_r
 .text.__sflags
                0x000000000201c014       0xa4 /opt/devkitpro/devkitARM/bin/../lib/gcc/arm-none-eabi/12.1.0/../../../../arm-none-eabi/lib/thumb/libg.a(lib_a-flags.o)
                0x000000000201c014                __sflags
 .text.__sfvwrite_r
                0x000000000201c0b8      0x334 /opt/devkitpro/devkitARM/bin/../lib/gcc/arm-none-eabi/12.1.0/../../../../arm-none-eabi/lib/thumb/libg.a(lib_a-fvwrite.o)
                0x000000000201c0b8                __sfvwrite_r
 .text._findenv_r
                0x000000000201c3ec       0x94 /opt/devkitpro/devkitARM/bin/../lib/gcc/arm-none-eabi/12.1.0/../../../../arm-none-eabi/lib/thumb/libg.a(lib_a-getenv_r.o)
                0x000000000201c3ec                _findenv_r
 .text._getenv_r
                0x000000000201c480       0x10 /opt/devkitpro/devkitARM/bin/../lib/gcc/arm-none-eabi/12.1.0/../../../../arm-none-eabi/lib/thumb/libg.a(lib_a-getenv_r.o)
                0x000000000201c480                _getenv_r
 .text.__gettzinfo
                0x000000000201c490        0x8 /opt/devkitpro/devkitARM/bin/../lib/gcc/arm-none-eabi/12.1.0/../../../../arm-none-eabi/lib/thumb/libg.a(lib_a-gettzinfo.o)
                0x000000000201c490                __gettzinfo
 .text.gmtime_r
                0x000000000201c498      0x1c0 /opt/devkitpro/devkitARM/bin/../lib/gcc/arm-none-eabi/12.1.0/../../../../arm-none-eabi/lib/thumb/libg.a(lib_a-gmtime_r.o)
                0x000000000201c498                gmtime_r
 .text.iswspace
                0x000000000201c658       0x10 /opt/devkitpro/devkitARM/bin/../lib/gcc/arm-none-eabi/12.1.0/../../../../arm-none-eabi/lib/thumb/libg.a(lib_a-iswspace.o)
                0x000000000201c658                iswspace
 .text._localeconv_r
                0x000000000201c668        0x8 /opt/devkitpro/devkitARM/bin/../lib/gcc/arm-none-eabi/12.1.0/../../../../arm-none-eabi/lib/thumb/libg.a(lib_a-localeconv.o)
                0x000000000201c668                _localeconv_r
 .text._mbsnrtowcs_r
                0x000000000201c670       0xb8 /opt/devkitpro/devkitARM/bin/../lib/gcc/arm-none-eabi/12.1.0/../../../../arm-none-eabi/lib/thumb/libg.a(lib_a-mbsnrtowcs.o)
                0x000000000201c670                _mbsnrtowcs_r
 .text.memchr   0x000000000201c728       0x78 /opt/devkitpro/devkitARM/bin/../lib/gcc/arm-none-eabi/12.1.0/../../../../arm-none-eabi/lib/thumb/libg.a(lib_a-memchr-stub.o)
                0x000000000201c728                memchr
 .text._Balloc  0x000000000201c7a0       0x54 /opt/devkitpro/devkitARM/bin/../lib/gcc/arm-none-eabi/12.1.0/../../../../arm-none-eabi/lib/thumb/libg.a(lib_a-mprec.o)
                0x000000000201c7a0                _Balloc
 .text._Bfree   0x000000000201c7f4       0x14 /opt/devkitpro/devkitARM/bin/../lib/gcc/arm-none-eabi/12.1.0/../../../../arm-none-eabi/lib/thumb/libg.a(lib_a-mprec.o)
                0x000000000201c7f4                _Bfree
 .text.__multadd
                0x000000000201c808       0xac /opt/devkitpro/devkitARM/bin/../lib/gcc/arm-none-eabi/12.1.0/../../../../arm-none-eabi/lib/thumb/libg.a(lib_a-mprec.o)
                0x000000000201c808                __multadd
 .text.__hi0bits
                0x000000000201c8b4       0x4c /opt/devkitpro/devkitARM/bin/../lib/gcc/arm-none-eabi/12.1.0/../../../../arm-none-eabi/lib/thumb/libg.a(lib_a-mprec.o)
                0x000000000201c8b4                __hi0bits
 .text.__lo0bits
                0x000000000201c900       0x5c /opt/devkitpro/devkitARM/bin/../lib/gcc/arm-none-eabi/12.1.0/../../../../arm-none-eabi/lib/thumb/libg.a(lib_a-mprec.o)
                0x000000000201c900                __lo0bits
 .text.__i2b    0x000000000201c95c       0x64 /opt/devkitpro/devkitARM/bin/../lib/gcc/arm-none-eabi/12.1.0/../../../../arm-none-eabi/lib/thumb/libg.a(lib_a-mprec.o)
                0x000000000201c95c                __i2b
 .text.__multiply
                0x000000000201c9c0      0x1b4 /opt/devkitpro/devkitARM/bin/../lib/gcc/arm-none-eabi/12.1.0/../../../../arm-none-eabi/lib/thumb/libg.a(lib_a-mprec.o)
                0x000000000201c9c0                __multiply
 .text.__pow5mult
                0x000000000201cb74       0xd4 /opt/devkitpro/devkitARM/bin/../lib/gcc/arm-none-eabi/12.1.0/../../../../arm-none-eabi/lib/thumb/libg.a(lib_a-mprec.o)
                0x000000000201cb74                __pow5mult
 .text.__lshift
                0x000000000201cc48      0x100 /opt/devkitpro/devkitARM/bin/../lib/gcc/arm-none-eabi/12.1.0/../../../../arm-none-eabi/lib/thumb/libg.a(lib_a-mprec.o)
                0x000000000201cc48                __lshift
 .text.__mcmp   0x000000000201cd48       0x40 /opt/devkitpro/devkitARM/bin/../lib/gcc/arm-none-eabi/12.1.0/../../../../arm-none-eabi/lib/thumb/libg.a(lib_a-mprec.o)
                0x000000000201cd48                __mcmp
 .text.__mdiff  0x000000000201cd88      0x1a8 /opt/devkitpro/devkitARM/bin/../lib/gcc/arm-none-eabi/12.1.0/../../../../arm-none-eabi/lib/thumb/libg.a(lib_a-mprec.o)
                0x000000000201cd88                __mdiff
 .text.__d2b    0x000000000201cf30       0xd0 /opt/devkitpro/devkitARM/bin/../lib/gcc/arm-none-eabi/12.1.0/../../../../arm-none-eabi/lib/thumb/libg.a(lib_a-mprec.o)
                0x000000000201cf30                __d2b
 .text.__sccl   0x000000000201d000       0x90 /opt/devkitpro/devkitARM/bin/../lib/gcc/arm-none-eabi/12.1.0/../../../../arm-none-eabi/lib/thumb/libg.a(lib_a-sccl.o)
                0x000000000201d000                __sccl
 .text.frexp    0x000000000201d090       0x6c /opt/devkitpro/devkitARM/bin/../lib/gcc/arm-none-eabi/12.1.0/../../../../arm-none-eabi/lib/thumb/libg.a(lib_a-s_frexp.o)
                0x000000000201d090                frexp
 .text._strtoll_l.constprop.0
                0x000000000201d0fc      0x1a0 /opt/devkitpro/devkitARM/bin/../lib/gcc/arm-none-eabi/12.1.0/../../../../arm-none-eabi/lib/thumb/libg.a(lib_a-strtoll.o)
 .text._strtoll_r
                0x000000000201d29c        0xc /opt/devkitpro/devkitARM/bin/../lib/gcc/arm-none-eabi/12.1.0/../../../../arm-none-eabi/lib/thumb/libg.a(lib_a-strtoll.o)
                0x000000000201d29c                _strtoll_r
 .text._strtoull_l.constprop.0
                0x000000000201d2a8      0x1bc /opt/devkitpro/devkitARM/bin/../lib/gcc/arm-none-eabi/12.1.0/../../../../arm-none-eabi/lib/thumb/libg.a(lib_a-strtoull.o)
 .text._strtoull_r
                0x000000000201d464        0xc /opt/devkitpro/devkitARM/bin/../lib/gcc/arm-none-eabi/12.1.0/../../../../arm-none-eabi/lib/thumb/libg.a(lib_a-strtoull.o)
                0x000000000201d464                _strtoull_r
 .text._strtoul_l.constprop.0
                0x000000000201d470      0x144 /opt/devkitpro/devkitARM/bin/../lib/gcc/arm-none-eabi/12.1.0/../../../../arm-none-eabi/lib/thumb/libg.a(lib_a-strtoul.o)
 .text._strtoul_r
                0x000000000201d5b4        0xc /opt/devkitpro/devkitARM/bin/../lib/gcc/arm-none-eabi/12.1.0/../../../../arm-none-eabi/lib/thumb/libg.a(lib_a-strtoul.o)
                0x000000000201d5b4                _strtoul_r
 .text.strtoul  0x000000000201d5c0       0x1c /opt/devkitpro/devkitARM/bin/../lib/gcc/arm-none-eabi/12.1.0/../../../../arm-none-eabi/lib/thumb/libg.a(lib_a-strtoul.o)
                0x000000000201d5c0                strtoul
 .text.__ssprint_r
                0x000000000201d5dc      0x120 /opt/devkitpro/devkitARM/bin/../lib/gcc/arm-none-eabi/12.1.0/../../../../arm-none-eabi/lib/thumb/libg.a(lib_a-svfiprintf.o)
                0x000000000201d5dc                __ssprint_r
 .text.towctrans
                0x000000000201d6fc       0x28 /opt/devkitpro/devkitARM/bin/../lib/gcc/arm-none-eabi/12.1.0/../../../../arm-none-eabi/lib/thumb/libg.a(lib_a-towctrans.o)
                0x000000000201d6fc                towctrans
 .text._wcsnrtombs_l
                0x000000000201d724      0x11c /opt/devkitpro/devkitARM/bin/../lib/gcc/arm-none-eabi/12.1.0/../../../../arm-none-eabi/lib/thumb/libg.a(lib_a-wcsnrtombs.o)
                0x000000000201d724                _wcsnrtombs_l
 .text._wcsnrtombs_r
                0x000000000201d840       0x30 /opt/devkitpro/devkitARM/bin/../lib/gcc/arm-none-eabi/12.1.0/../../../../arm-none-eabi/lib/thumb/libg.a(lib_a-wcsnrtombs.o)
                0x000000000201d840                _wcsnrtombs_r
 .text.__assert_func
                0x000000000201d870       0x40 /opt/devkitpro/devkitARM/bin/../lib/gcc/arm-none-eabi/12.1.0/../../../../arm-none-eabi/lib/thumb/libg.a(lib_a-assert.o)
                0x000000000201d870                __assert_func
 .text.__env_lock
                0x000000000201d8b0       0x14 /opt/devkitpro/devkitARM/bin/../lib/gcc/arm-none-eabi/12.1.0/../../../../arm-none-eabi/lib/thumb/libg.a(lib_a-envlock.o)
                0x000000000201d8b0                __env_lock
 .text.__env_unlock
                0x000000000201d8c4       0x14 /opt/devkitpro/devkitARM/bin/../lib/gcc/arm-none-eabi/12.1.0/../../../../arm-none-eabi/lib/thumb/libg.a(lib_a-envlock.o)
                0x000000000201d8c4                __env_unlock
 .text.fiprintf
                0x000000000201d8d8       0x28 /opt/devkitpro/devkitARM/bin/../lib/gcc/arm-none-eabi/12.1.0/../../../../arm-none-eabi/lib/thumb/libg.a(lib_a-fiprintf.o)
                0x000000000201d8d8                fiprintf
 .text.iswspace_l
                0x000000000201d900       0x2c /opt/devkitpro/devkitARM/bin/../lib/gcc/arm-none-eabi/12.1.0/../../../../arm-none-eabi/lib/thumb/libg.a(lib_a-iswspace_l.o)
                0x000000000201d900                iswspace_l
 .text.__jp2uc  0x000000000201d92c      0x14c /opt/devkitpro/devkitARM/bin/../lib/gcc/arm-none-eabi/12.1.0/../../../../arm-none-eabi/lib/thumb/libg.a(lib_a-jp2uc.o)
 .text._jp2uc_l
                0x000000000201da78       0x6c /opt/devkitpro/devkitARM/bin/../lib/gcc/arm-none-eabi/12.1.0/../../../../arm-none-eabi/lib/thumb/libg.a(lib_a-jp2uc.o)
                0x000000000201da78                _jp2uc_l
 .text._uc2jp_l
                0x000000000201dae4       0x4c /opt/devkitpro/devkitARM/bin/../lib/gcc/arm-none-eabi/12.1.0/../../../../arm-none-eabi/lib/thumb/libg.a(lib_a-jp2uc.o)
                0x000000000201dae4                _uc2jp_l
 .text.towctrans_l
                0x000000000201db30      0x1b4 /opt/devkitpro/devkitARM/bin/../lib/gcc/arm-none-eabi/12.1.0/../../../../arm-none-eabi/lib/thumb/libg.a(lib_a-towctrans_l.o)
                0x000000000201db30                towctrans_l
 .text.abort    0x000000000201dce4       0x10 /opt/devkitpro/devkitARM/bin/../lib/gcc/arm-none-eabi/12.1.0/../../../../arm-none-eabi/lib/thumb/libg.a(lib_a-abort.o)
                0x000000000201dce4                abort
 .text.category
                0x000000000201dcf4       0x54 /opt/devkitpro/devkitARM/bin/../lib/gcc/arm-none-eabi/12.1.0/../../../../arm-none-eabi/lib/thumb/libg.a(lib_a-categories.o)
                0x000000000201dcf4                category
 .text._raise_r
                0x000000000201dd48       0x60 /opt/devkitpro/devkitARM/bin/../lib/gcc/arm-none-eabi/12.1.0/../../../../arm-none-eabi/lib/thumb/libg.a(lib_a-signal.o)
                0x000000000201dd48                _raise_r
 .text.raise    0x000000000201dda8       0x14 /opt/devkitpro/devkitARM/bin/../lib/gcc/arm-none-eabi/12.1.0/../../../../arm-none-eabi/lib/thumb/libg.a(lib_a-signal.o)
                0x000000000201dda8                raise
 .text.null_write
                0x000000000201ddbc        0x4 /opt/devkitpro/devkitARM/bin/../lib/gcc/arm-none-eabi/12.1.0/../../../../arm-none-eabi/lib/thumb/libsysbase.a(iosupport.o)
 .text.setDefaultDevice
                0x000000000201ddc0       0x10 /opt/devkitpro/devkitARM/bin/../lib/gcc/arm-none-eabi/12.1.0/../../../../arm-none-eabi/lib/thumb/libsysbase.a(iosupport.o)
                0x000000000201ddc0                setDefaultDevice
 .text.FindDevice
                0x000000000201ddd0       0x98 /opt/devkitpro/devkitARM/bin/../lib/gcc/arm-none-eabi/12.1.0/../../../../arm-none-eabi/lib/thumb/libsysbase.a(iosupport.o)
                0x000000000201ddd0                FindDevice
 .text.AddDevice
                0x000000000201de68       0x78 /opt/devkitpro/devkitARM/bin/../lib/gcc/arm-none-eabi/12.1.0/../../../../arm-none-eabi/lib/thumb/libsysbase.a(iosupport.o)
                0x000000000201de68                AddDevice
 .text.GetDeviceOpTab
                0x000000000201dee0       0x20 /opt/devkitpro/devkitARM/bin/../lib/gcc/arm-none-eabi/12.1.0/../../../../arm-none-eabi/lib/thumb/libsysbase.a(iosupport.o)
                0x000000000201dee0                GetDeviceOpTab
 .text._fstat_r
                0x000000000201df00       0x4c /opt/devkitpro/devkitARM/bin/../lib/gcc/arm-none-eabi/12.1.0/../../../../arm-none-eabi/lib/thumb/libsysbase.a(fstat.o)
                0x000000000201df00                _fstat_r
 .text._getpid_r
                0x000000000201df4c        0xc /opt/devkitpro/devkitARM/bin/../lib/gcc/arm-none-eabi/12.1.0/../../../../arm-none-eabi/lib/thumb/libsysbase.a(getpid.o)
                0x000000000201df4c                _getpid_r
 .text._gettimeofday_r
                0x000000000201df58       0x20 /opt/devkitpro/devkitARM/bin/../lib/gcc/arm-none-eabi/12.1.0/../../../../arm-none-eabi/lib/thumb/libsysbase.a(gettod.o)
                0x000000000201df58                _gettimeofday_r
 .text._isatty_r
                0x000000000201df78        0x4 /opt/devkitpro/devkitARM/bin/../lib/gcc/arm-none-eabi/12.1.0/../../../../arm-none-eabi/lib/thumb/libsysbase.a(isatty.o)
                0x000000000201df78                _isatty_r
 .text._kill_r  0x000000000201df7c        0xc /opt/devkitpro/devkitARM/bin/../lib/gcc/arm-none-eabi/12.1.0/../../../../arm-none-eabi/lib/thumb/libsysbase.a(kill.o)
                0x000000000201df7c                _kill_r
 .text._lseek_r
                0x000000000201df88       0x5c /opt/devkitpro/devkitARM/bin/../lib/gcc/arm-none-eabi/12.1.0/../../../../arm-none-eabi/lib/thumb/libsysbase.a(lseek.o)
                0x000000000201df88                _lseek_r
 .text._open_r  0x000000000201dfe4       0x98 /opt/devkitpro/devkitARM/bin/../lib/gcc/arm-none-eabi/12.1.0/../../../../arm-none-eabi/lib/thumb/libsysbase.a(open.o)
                0x000000000201dfe4                _open_r
 .text._read_r  0x000000000201e07c       0x50 /opt/devkitpro/devkitARM/bin/../lib/gcc/arm-none-eabi/12.1.0/../../../../arm-none-eabi/lib/thumb/libsysbase.a(read.o)
                0x000000000201e07c                _read_r
 .text._sbrk_r  0x000000000201e0cc       0x54 /opt/devkitpro/devkitARM/bin/../lib/gcc/arm-none-eabi/12.1.0/../../../../arm-none-eabi/lib/thumb/libsysbase.a(sbrk.o)
                0x000000000201e0cc                _sbrk_r
 .text._write_r
                0x000000000201e120       0x50 /opt/devkitpro/devkitARM/bin/../lib/gcc/arm-none-eabi/12.1.0/../../../../arm-none-eabi/lib/thumb/libsysbase.a(write.o)
                0x000000000201e120                _write_r
 .text._exit    0x000000000201e170       0x14 /opt/devkitpro/devkitARM/bin/../lib/gcc/arm-none-eabi/12.1.0/../../../../arm-none-eabi/lib/thumb/libsysbase.a(_exit.o)
                0x000000000201e170                _exit
 .text._concatenate_path
                0x000000000201e184      0x120 /opt/devkitpro/devkitARM/bin/../lib/gcc/arm-none-eabi/12.1.0/../../../../arm-none-eabi/lib/thumb/libsysbase.a(chdir.o)
                0x000000000201e184                _concatenate_path
 .text.chdir    0x000000000201e2a4       0xe4 /opt/devkitpro/devkitARM/bin/../lib/gcc/arm-none-eabi/12.1.0/../../../../arm-none-eabi/lib/thumb/libsysbase.a(chdir.o)
                0x000000000201e2a4                chdir
 .text.getcwd   0x000000000201e388       0x5c /opt/devkitpro/devkitARM/bin/../lib/gcc/arm-none-eabi/12.1.0/../../../../arm-none-eabi/lib/thumb/libsysbase.a(chdir.o)
                0x000000000201e388                getcwd
 .text.build_argv
                0x000000000201e3e4       0x4c /opt/devkitpro/devkitARM/bin/../lib/gcc/arm-none-eabi/12.1.0/../../../../arm-none-eabi/lib/thumb/libsysbase.a(build_argv.o)
                0x000000000201e3e4                build_argv
 .text.__flockfile
                0x000000000201e430       0x10 /opt/devkitpro/devkitARM/bin/../lib/gcc/arm-none-eabi/12.1.0/../../../../arm-none-eabi/lib/thumb/libsysbase.a(flock.o)
                0x000000000201e430                __flockfile
 .text.__funlockfile
                0x000000000201e440       0x10 /opt/devkitpro/devkitARM/bin/../lib/gcc/arm-none-eabi/12.1.0/../../../../arm-none-eabi/lib/thumb/libsysbase.a(flock.o)
                0x000000000201e440                __funlockfile
 .text.__release_handle
                0x000000000201e450       0x68 /opt/devkitpro/devkitARM/bin/../lib/gcc/arm-none-eabi/12.1.0/../../../../arm-none-eabi/lib/thumb/libsysbase.a(handle_manager.o)
                0x000000000201e450                __release_handle
 .text.__alloc_handle
                0x000000000201e4b8       0x7c /opt/devkitpro/devkitARM/bin/../lib/gcc/arm-none-eabi/12.1.0/../../../../arm-none-eabi/lib/thumb/libsysbase.a(handle_manager.o)
                0x000000000201e4b8                __alloc_handle
 .text.__get_handle
                0x000000000201e534       0x34 /opt/devkitpro/devkitARM/bin/../lib/gcc/arm-none-eabi/12.1.0/../../../../arm-none-eabi/lib/thumb/libsysbase.a(handle_manager.o)
                0x000000000201e534                __get_handle
 .text._close_r
                0x000000000201e568       0xb8 /opt/devkitpro/devkitARM/bin/../lib/gcc/arm-none-eabi/12.1.0/../../../../arm-none-eabi/lib/thumb/libsysbase.a(handle_manager.o)
                0x000000000201e568                _close_r
 .text.__getreent
                0x000000000201e620       0x20 /opt/devkitpro/devkitARM/bin/../lib/gcc/arm-none-eabi/12.1.0/../../../../arm-none-eabi/lib/thumb/libsysbase.a(getreent.o)
                0x000000000201e620                __getreent
 .text.__libc_lock_acquire
                0x000000000201e640       0x18 /opt/devkitpro/devkitARM/bin/../lib/gcc/arm-none-eabi/12.1.0/../../../../arm-none-eabi/lib/thumb/libsysbase.a(syscall_support.o)
                0x000000000201e640                __libc_lock_acquire
 .text.__libc_lock_release
                0x000000000201e658       0x18 /opt/devkitpro/devkitARM/bin/../lib/gcc/arm-none-eabi/12.1.0/../../../../arm-none-eabi/lib/thumb/libsysbase.a(syscall_support.o)
                0x000000000201e658                __libc_lock_release
 .text.__libc_lock_init_recursive
                0x000000000201e670       0x18 /opt/devkitpro/devkitARM/bin/../lib/gcc/arm-none-eabi/12.1.0/../../../../arm-none-eabi/lib/thumb/libsysbase.a(syscall_support.o)
                0x000000000201e670                __libc_lock_init_recursive
 .text.__libc_lock_acquire_recursive
                0x000000000201e688       0x18 /opt/devkitpro/devkitARM/bin/../lib/gcc/arm-none-eabi/12.1.0/../../../../arm-none-eabi/lib/thumb/libsysbase.a(syscall_support.o)
                0x000000000201e688                __libc_lock_acquire_recursive
 .text.__libc_lock_release_recursive
                0x000000000201e6a0       0x18 /opt/devkitpro/devkitARM/bin/../lib/gcc/arm-none-eabi/12.1.0/../../../../arm-none-eabi/lib/thumb/libsysbase.a(syscall_support.o)
                0x000000000201e6a0                __libc_lock_release_recursive
 .text.__libc_lock_close_recursive
                0x000000000201e6b8       0x18 /opt/devkitpro/devkitARM/bin/../lib/gcc/arm-none-eabi/12.1.0/../../../../arm-none-eabi/lib/thumb/libsysbase.a(syscall_support.o)
                0x000000000201e6b8                __libc_lock_close_recursive
 .text.__libc_lock_close_recursive.__stub
                0x000000000201e6d0      0x110 linker stubs
 *(EXCLUDE_FILE(*.twl*) .gnu.warning)
 *(EXCLUDE_FILE(*.twl*) .gnu.linkonce.t*)
 *(.glue_7)
 .glue_7        0x000000000201e7f0        0x0 linker stubs
 *(.glue_7t)
 .glue_7t       0x000000000201e7f0        0x0 linker stubs
                0x000000000201e7f0                . = ALIGN (0x4)

.vfp11_veneer   0x000000000201e7f0        0x0
 .vfp11_veneer  0x000000000201e7f0        0x0 linker stubs

.v4_bx          0x000000000201e7f0        0x0
 .v4_bx         0x000000000201e7f0        0x0 linker stubs

.iplt           0x000000000201e7f0        0x0
 .iplt          0x000000000201e7f0        0x0 /opt/devkitpro/devkitARM/bin/../lib/gcc/arm-none-eabi/12.1.0/../../../../arm-none-eabi/lib/thumb/ds_arm9_crt0.o

.fini           0x000000000201e7f0        0xc
 *(.fini)
 .fini          0x000000000201e7f0        0x4 /opt/devkitpro/devkitARM/bin/../lib/gcc/arm-none-eabi/12.1.0/thumb/crti.o
                0x000000000201e7f0                _fini
 .fini          0x000000000201e7f4        0x8 /opt/devkitpro/devkitARM/bin/../lib/gcc/arm-none-eabi/12.1.0/thumb/crtn.o
                0x000000000201e7fc                __text_end = .

.rodata         0x000000000201e800     0xf5f4
 *(EXCLUDE_FILE(*.twl*) .rodata)
 .rodata        0x000000000201e800       0x30 main.o
 .rodata        0x000000000201e830       0x50 /home/gbaman/nds_projects/j_player/pac_player/nflib/lib/libnflib.a(nf_basic.o)
 *all.rodata*(*)
 *(EXCLUDE_FILE(*.twl*) .roda)
 *(EXCLUDE_FILE(*.twl*) .rodata.*)
 .rodata.str1.4
                0x000000000201e880     0x5950 main.o
 .rodata.str1.4
                0x00000000020241d0       0x27 /home/gbaman/nds_projects/j_player/pac_player/nflib/lib/libnflib.a(nf_2d.o)
                                         0x28 (size before relaxing)
 *fill*         0x00000000020241f7        0x1 ff
 .rodata.str1.4
                0x00000000020241f8      0x613 /home/gbaman/nds_projects/j_player/pac_player/nflib/lib/libnflib.a(nf_basic.o)
                                        0x628 (size before relaxing)
 *fill*         0x000000000202480b        0x1 ff
 .rodata.str1.4
                0x000000000202480c       0x26 /home/gbaman/nds_projects/j_player/pac_player/nflib/lib/libnflib.a(nf_sound.o)
                                         0x28 (size before relaxing)
 *fill*         0x0000000002024832        0x2 ff
 .rodata.str1.4
                0x0000000002024834       0x6c /home/gbaman/nds_projects/j_player/pac_player/nflib/lib/libnflib.a(nf_sprite256.o)
                                         0x7c (size before relaxing)
 .rodata.str1.4
                0x00000000020248a0       0x4c /home/gbaman/nds_projects/j_player/pac_player/nflib/lib/libnflib.a(nf_tiledbg.o)
                                         0x6c (size before relaxing)
 .rodata.nitroFSInit.str1.4
                0x00000000020248ec        0x8 /opt/devkitpro/libnds/lib/libfilesystem.a(nitrofs.o)
 .rodata.str1.4
                0x00000000020248ec        0xe /opt/devkitpro/libnds/lib/libfilesystem.a(nitrofs.o)
 *fill*         0x00000000020248fa        0x2 ff
 .rodata.fatMount.part.0.str1.4
                0x00000000020248fc        0x2 /opt/devkitpro/libnds/lib/libfat.a(libfat.o)
 *fill*         0x00000000020248fe        0x2 ff
 .rodata.fatInit.str1.4
                0x0000000002024900        0x3 /opt/devkitpro/libnds/lib/libfat.a(libfat.o)
 *fill*         0x0000000002024903        0x1 ff
 .rodata.str1.4
                0x0000000002024904        0x4 /opt/devkitpro/libnds/lib/libfat.a(libfat.o)
 .rodata.dotab_fat
                0x0000000002024908       0x70 /opt/devkitpro/libnds/lib/libfat.a(libfat.o)
 .rodata.str1.4
                0x0000000002024978        0x3 /opt/devkitpro/libnds/lib/libfat.a(disc.o)
                                          0x8 (size before relaxing)
 *fill*         0x000000000202497b        0x1 ff
 .rodata._FAT_disc_interfaces
                0x000000000202497c       0x18 /opt/devkitpro/libnds/lib/libfat.a(disc.o)
                0x000000000202497c                _FAT_disc_interfaces
 .rodata._FAT_directory_entryFromPath.str1.4
                0x0000000002024994        0x7 /opt/devkitpro/libnds/lib/libfat.a(directory.o)
 .rodata.ILLEGAL_ALIAS_CHARACTERS
                0x0000000002024994       0x12 /opt/devkitpro/libnds/lib/libfat.a(directory.o)
 *fill*         0x00000000020249a6        0x2 ff
 .rodata.ILLEGAL_LFN_CHARACTERS
                0x00000000020249a8        0xa /opt/devkitpro/libnds/lib/libfat.a(directory.o)
 *fill*         0x00000000020249b2        0x2 ff
 .rodata.LFN_offset_table
                0x00000000020249b4       0x34 /opt/devkitpro/libnds/lib/libfat.a(directory.o)
 .rodata.FAT_SIG
                0x00000000020249e8        0x3 /opt/devkitpro/libnds/lib/libfat.a(partition.o)
 *fill*         0x00000000020249eb        0x1 ff
 .rodata.FS_TWL_SIG
                0x00000000020249ec        0x8 /opt/devkitpro/libnds/lib/libfat.a(partition.o)
 .rodata.con_write.str1.4
                0x00000000020249f4       0x30 /opt/devkitpro/libnds/lib/libnds9.a(console.o)
 .rodata.con_write
                0x0000000002024a24       0xd4 /opt/devkitpro/libnds/lib/libnds9.a(console.o)
 .rodata.consoleClear.str1.4
                0x0000000002024af8        0x5 /opt/devkitpro/libnds/lib/libnds9.a(console.o)
 *fill*         0x0000000002024afd        0x3 ff
 .rodata.str1.4
                0x0000000002024b00       0x14 /opt/devkitpro/libnds/lib/libnds9.a(console.o)
 .rodata.dotab_stdout
                0x0000000002024b14       0x70 /opt/devkitpro/libnds/lib/libnds9.a(console.o)
 .rodata.default_font_bin
                0x0000000002024b84     0x2000 /opt/devkitpro/libnds/lib/libnds9.a(default_font.bin.o)
                0x0000000002024b84                default_font_bin
                0x0000000002026b84                default_font_bin_end
 .rodata.SIN_LUT
                0x0000000002026b84      0x102 /opt/devkitpro/libnds/lib/libnds9.a(trig.o)
                0x0000000002026b84                SIN_LUT
 *fill*         0x0000000002026c86        0x2 ff
 .rodata._ctype_
                0x0000000002026c88      0x101 /opt/devkitpro/devkitARM/bin/../lib/gcc/arm-none-eabi/12.1.0/../../../../arm-none-eabi/lib/thumb/libg.a(lib_a-ctype_.o)
                0x0000000002026c88                _ctype_
 *fill*         0x0000000002026d89        0x3 ff
 .rodata._global_impure_ptr
                0x0000000002026d8c        0x4 /opt/devkitpro/devkitARM/bin/../lib/gcc/arm-none-eabi/12.1.0/../../../../arm-none-eabi/lib/thumb/libg.a(lib_a-impure.o)
                0x0000000002026d8c                _global_impure_ptr
 .rodata.str1.4
                0x0000000002026d90       0x44 /opt/devkitpro/devkitARM/bin/../lib/gcc/arm-none-eabi/12.1.0/../../../../arm-none-eabi/lib/thumb/libg.a(lib_a-locale.o)
                                         0x4c (size before relaxing)
 .rodata._mbrtowc_r.str1.4
                0x0000000002026dd4        0x1 /opt/devkitpro/devkitARM/bin/../lib/gcc/arm-none-eabi/12.1.0/../../../../arm-none-eabi/lib/thumb/libg.a(lib_a-mbrtowc.o)
 .rodata._DAYS_BEFORE_MONTH
                0x0000000002026dd4       0x30 /opt/devkitpro/devkitARM/bin/../lib/gcc/arm-none-eabi/12.1.0/../../../../arm-none-eabi/lib/thumb/libg.a(lib_a-mktime.o)
 .rodata.DAYS_IN_MONTH
                0x0000000002026e04       0x30 /opt/devkitpro/devkitARM/bin/../lib/gcc/arm-none-eabi/12.1.0/../../../../arm-none-eabi/lib/thumb/libg.a(lib_a-mktime.o)
 .rodata.__month_lengths
                0x0000000002026e34       0x60 /opt/devkitpro/devkitARM/bin/../lib/gcc/arm-none-eabi/12.1.0/../../../../arm-none-eabi/lib/thumb/libg.a(lib_a-month_lengths.o)
                0x0000000002026e34                __month_lengths
 .rodata.basefix.0
                0x0000000002026e94       0x22 /opt/devkitpro/devkitARM/bin/../lib/gcc/arm-none-eabi/12.1.0/../../../../arm-none-eabi/lib/thumb/libg.a(lib_a-svfiscanf.o)
 .rodata._svfprintf_r.str1.1
                0x0000000002026eb6       0x3b /opt/devkitpro/devkitARM/bin/../lib/gcc/arm-none-eabi/12.1.0/../../../../arm-none-eabi/lib/thumb/libg.a(lib_a-svfprintf.o)
 *fill*         0x0000000002026ef1        0x3 ff
 .rodata.zeroes.0
                0x0000000002026ef4       0x10 /opt/devkitpro/devkitARM/bin/../lib/gcc/arm-none-eabi/12.1.0/../../../../arm-none-eabi/lib/thumb/libg.a(lib_a-svfprintf.o)
 .rodata.blanks.1
                0x0000000002026f04       0x10 /opt/devkitpro/devkitARM/bin/../lib/gcc/arm-none-eabi/12.1.0/../../../../arm-none-eabi/lib/thumb/libg.a(lib_a-svfprintf.o)
 .rodata._tzset_unlocked_r.str1.4
                0x0000000002026f14       0x53 /opt/devkitpro/devkitARM/bin/../lib/gcc/arm-none-eabi/12.1.0/../../../../arm-none-eabi/lib/thumb/libg.a(lib_a-tzset_r.o)
 .rodata.str1.4
                0x0000000002026f67        0x4 /opt/devkitpro/devkitARM/bin/../lib/gcc/arm-none-eabi/12.1.0/../../../../arm-none-eabi/lib/thumb/libg.a(lib_a-tzvars.o)
 .rodata._vfiprintf_r.str1.1
                0x0000000002026f67       0x29 /opt/devkitpro/devkitARM/bin/../lib/gcc/arm-none-eabi/12.1.0/../../../../arm-none-eabi/lib/thumb/libg.a(lib_a-vfiprintf.o)
 *fill*         0x0000000002026f67        0x1 ff
 .rodata.zeroes.0
                0x0000000002026f68       0x10 /opt/devkitpro/devkitARM/bin/../lib/gcc/arm-none-eabi/12.1.0/../../../../arm-none-eabi/lib/thumb/libg.a(lib_a-vfiprintf.o)
 .rodata.blanks.1
                0x0000000002026f78       0x10 /opt/devkitpro/devkitARM/bin/../lib/gcc/arm-none-eabi/12.1.0/../../../../arm-none-eabi/lib/thumb/libg.a(lib_a-vfiprintf.o)
 .rodata._dtoa_r.str1.4